11:20:04 INFO  Utils            - [TestNG] Running:
  C:\Users\1064921\AppData\Local\JetBrains\IntelliJIdea2026.1\temp-testng-customsuite.xml

11:20:09 INFO  BaseTest         - 🌐 Chromium browser launched
11:25:22 INFO  Utils            - [TestNG] Running:
  C:\Users\1064921\AppData\Local\JetBrains\IntelliJIdea2026.1\temp-testng-customsuite.xml

11:25:25 INFO  BaseTest         - 🌐 Chromium browser launched
12:54:24 INFO  Utils            - [TestNG] Running:
  C:\Users\1064921\AppData\Local\JetBrains\IntelliJIdea2026.1\temp-testng-customsuite.xml

12:54:29 INFO  BaseTest         - 🌐 Chromium browser launched
13:08:53 INFO  Utils            - [TestNG] Running:
  C:\Users\1064921\IdeaProjects\Swag_Labs_Playwright\testngnew.xml

13:08:57 INFO  BaseTest         - 🌐 Chromium browser launched
13:09:01 INFO  UserLoginPage    - 👤 Entered locked user username
13:09:02 INFO  UserLoginPage    - 🔒 Entered password
13:09:03 INFO  UserLoginPage    - 🖱️ Clicked Login button with Locked credentials
13:09:04 INFO  UserLoginPage    - ❌ Entered invalid username
13:09:05 INFO  UserLoginPage    - 🔒 Entered password 
13:09:06 INFO  UserLoginPage    - 🖱️ Clicked Login button with invalid credentials
13:09:07 INFO  UserLoginPage    - 👤 Entered valid username
13:09:08 INFO  UserLoginPage    - 🔒 Entered valid password
13:09:09 INFO  UserLoginPage    - 🖱️ Clicked Login button with valid credentials
13:09:09 INFO  UserLoginPage    - 🔐 Login successful
13:09:09 INFO  InventoryPage    - 🔍 Inventory page verification passed. Page title: Products
13:09:10 INFO  InventoryPage    - 🛒 Sauce Labs Backpack Product added to cart
13:09:11 INFO  InventoryPage    - 🛒 Sauce Labs Bike Light Product added to cart
13:09:12 INFO  InventoryPage    - 🛒 Removed product from cart: Sauce Labs Bike Light
13:09:14 INFO  InventoryPage    - Sorted Products to Price (low to high) 
13:09:15 INFO  InventoryPage    - Product Name : Sauce Labs Backpack
13:09:15 INFO  InventoryPage    - Product Price : $29.99
13:09:15 INFO  InventoryPage    - Product Description : carry.allTheThings() with the sleek, streamlined Sly Pack that melds uncompromising style with unequaled laptop and tablet protection.
13:09:17 INFO  CartPage         - 🛍️ Opened Product Cart
13:09:17 INFO  CartPage         - 🛒 Product is added in cart : Sauce Labs Backpack
13:09:18 INFO  CartPage         - 💳 Opened Checkout Page
13:09:18 ERROR Checkout_YourInformationPage  - 🏷️ Page Title : Checkout: Your Information
13:09:19 INFO  Checkout_YourInformationPage  - ❌ Error Message is displayed  : Error: First Name is required
13:09:23 INFO  Checkout_YourInformationPage  - 📝 Entered First Name on Information Page: John
13:09:25 INFO  Checkout_YourInformationPage  - 📝 Entered Last Name on Information Page: Test
13:09:27 INFO  Checkout_YourInformationPage  - 📮 Entered ZIP/Postal Code on Information Page: 123456
13:09:28 INFO  Checkout_YourInformationPage  - ▶️ Clicked on Continue Button
13:09:28 INFO  Checkout_OverviewPage  - 🏷️ Page Title  : Checkout: Overview
13:09:28 INFO  Checkout_OverviewPage  - ☑️ Product Verified
13:09:28 INFO  Checkout_OverviewPage  - ☑️ Payment Verified
13:09:29 INFO  Checkout_CompletePage  - 🏷️ Page Title  : Checkout: Complete!
13:09:29 INFO  Checkout_CompletePage  - ✅ Order Placed Successfully : Thank you for your order!
13:09:29 INFO  Checkout_CompletePage  - 📦 Order Information: Your order has been dispatched, and will arrive just as fast as the pony can get there!
13:11:25 INFO  Utils            - [TestNG] Running:
  C:\Users\1064921\AppData\Local\JetBrains\IntelliJIdea2026.1\temp-testng-customsuite.xml

13:11:28 INFO  BaseTest         - 🌐 Chromium browser launched
13:11:31 INFO  UserLoginPage    - 👤 Entered locked user username
13:11:32 INFO  UserLoginPage    - 🔒 Entered password
13:11:34 INFO  UserLoginPage    - 🖱️ Clicked Login button with Locked credentials
13:11:35 INFO  UserLoginPage    - ❌ Entered invalid username
13:11:36 INFO  UserLoginPage    - 🔒 Entered password 
13:11:37 INFO  UserLoginPage    - 🖱️ Clicked Login button with invalid credentials
13:11:38 INFO  UserLoginPage    - 👤 Entered valid username
13:11:39 INFO  UserLoginPage    - 🔒 Entered valid password
13:11:40 INFO  UserLoginPage    - 🖱️ Clicked Login button with valid credentials
13:11:40 INFO  UserLoginPage    - 🔐 Login successful
13:14:12 INFO  Utils            - [TestNG] Running:
  C:\Users\1064921\IdeaProjects\Swag_Labs_Playwright\testngnew.xml

13:14:16 INFO  BaseTest         - 🌐 Chromium browser launched
13:14:19 INFO  UserLoginPage    - 👤 Entered locked user username
13:14:20 INFO  UserLoginPage    - 🔒 Entered password
13:14:21 INFO  UserLoginPage    - 🖱️ Clicked Login button with Locked credentials
13:14:22 INFO  UserLoginPage    - ❌ Entered invalid username
13:14:23 INFO  UserLoginPage    - 🔒 Entered password 
13:14:24 INFO  UserLoginPage    - 🖱️ Clicked Login button with invalid credentials
13:14:25 INFO  UserLoginPage    - 👤 Entered valid username
13:14:26 INFO  UserLoginPage    - 🔒 Entered valid password
13:14:28 INFO  UserLoginPage    - 🖱️ Clicked Login button with valid credentials
13:14:28 INFO  UserLoginPage    - 🔐 Login successful
13:14:28 INFO  InventoryPage    - 🔍 Inventory page verification passed. Page title: Products
13:14:29 INFO  InventoryPage    - 🛒 Sauce Labs Backpack Product added to cart
13:14:30 INFO  InventoryPage    - 🛒 Sauce Labs Bike Light Product added to cart
13:14:31 INFO  InventoryPage    - 🛒 Removed product from cart: Sauce Labs Bike Light
13:14:33 INFO  InventoryPage    - Sorted Products to Price (low to high) 
13:14:34 INFO  InventoryPage    - Product Name : Sauce Labs Backpack
13:14:34 INFO  InventoryPage    - Product Price : $29.99
13:14:34 INFO  InventoryPage    - Product Description : carry.allTheThings() with the sleek, streamlined Sly Pack that melds uncompromising style with unequaled laptop and tablet protection.
13:14:36 INFO  CartPage         - 🛍️ Opened Product Cart
13:14:36 INFO  CartPage         - 🛒 Product is added in cart : Sauce Labs Backpack
13:14:37 INFO  CartPage         - 💳 Opened Checkout Page
13:14:37 ERROR Checkout_YourInformationPage  - 🏷️ Page Title : Checkout: Your Information
13:14:38 INFO  Checkout_YourInformationPage  - ❌ Error Message is displayed  : Error: First Name is required
13:14:41 INFO  Checkout_YourInformationPage  - 📝 Entered First Name on Information Page: John
13:14:43 INFO  Checkout_YourInformationPage  - 📝 Entered Last Name on Information Page: Test
13:14:45 INFO  Checkout_YourInformationPage  - 📮 Entered ZIP/Postal Code on Information Page: 123456
13:14:46 INFO  Checkout_YourInformationPage  - ▶️ Clicked on Continue Button
13:14:46 INFO  Checkout_OverviewPage  - 🏷️ Page Title  : Checkout: Overview
13:14:46 INFO  Checkout_OverviewPage  - ☑️ Product Verified
13:14:46 INFO  Checkout_OverviewPage  - ☑️ Payment Verified
13:14:47 INFO  Checkout_CompletePage  - 🏷️ Page Title  : Checkout: Complete!
13:14:47 INFO  Checkout_CompletePage  - ✅ Order Placed Successfully : Thank you for your order!
13:14:47 INFO  Checkout_CompletePage  - 📦 Order Information: Your order has been dispatched, and will arrive just as fast as the pony can get there!
13:31:39 INFO  Utils            - [TestNG] Running:
  C:\Users\1064921\AppData\Local\JetBrains\IntelliJIdea2026.1\temp-testng-customsuite.xml

13:31:44 INFO  BaseTest         - 🌐 Chromium browser launched
13:31:50 INFO  UserLoginPage    - 👤 Entered locked user username
13:31:51 INFO  UserLoginPage    - 🔒 Entered password
13:31:52 INFO  UserLoginPage    - 🖱️ Clicked Login button with Locked credentials
13:31:53 INFO  UserLoginPage    - ❌ Entered invalid username
13:31:54 INFO  UserLoginPage    - 🔒 Entered password 
13:31:55 INFO  UserLoginPage    - 🖱️ Clicked Login button with invalid credentials
13:31:57 INFO  UserLoginPage    - 👤 Entered valid username
13:31:58 INFO  UserLoginPage    - 🔒 Entered valid password
13:31:59 INFO  UserLoginPage    - 🖱️ Clicked Login button with valid credentials
13:31:59 INFO  UserLoginPage    - 🔐 Login successful
13:33:05 INFO  Utils            - [TestNG] Running:
  C:\Users\1064921\IdeaProjects\Swag_Labs_Playwright\testngnew.xml

13:33:09 INFO  BaseTest         - 🌐 Chromium browser launched
13:33:12 INFO  UserLoginPage    - 👤 Entered locked user username
13:33:13 INFO  UserLoginPage    - 🔒 Entered password
13:33:14 INFO  UserLoginPage    - 🖱️ Clicked Login button with Locked credentials
13:33:15 INFO  UserLoginPage    - ❌ Entered invalid username
13:33:16 INFO  UserLoginPage    - 🔒 Entered password 
13:33:17 INFO  UserLoginPage    - 🖱️ Clicked Login button with invalid credentials
13:33:18 INFO  UserLoginPage    - 👤 Entered valid username
13:33:19 INFO  UserLoginPage    - 🔒 Entered valid password
13:33:21 INFO  UserLoginPage    - 🖱️ Clicked Login button with valid credentials
13:33:21 INFO  UserLoginPage    - 🔐 Login successful
13:33:21 INFO  InventoryPage    - 🔍 Inventory page verification passed. Page title: Products
13:33:22 INFO  InventoryPage    - 🛒 Sauce Labs Backpack Product added to cart
13:33:23 INFO  InventoryPage    - 🛒 Sauce Labs Bike Light Product added to cart
13:33:24 INFO  InventoryPage    - 🛒 Removed product from cart: Sauce Labs Bike Light
13:33:26 INFO  InventoryPage    - Sorted Products to Price (low to high) 
13:33:27 INFO  InventoryPage    - Product Name : Sauce Labs Backpack
13:33:27 INFO  InventoryPage    - Product Price : $29.99
13:33:27 INFO  InventoryPage    - Product Description : carry.allTheThings() with the sleek, streamlined Sly Pack that melds uncompromising style with unequaled laptop and tablet protection.
13:33:29 INFO  CartPage         - 🛍️ Opened Product Cart
13:33:29 INFO  CartPage         - 🛒 Product is added in cart : Sauce Labs Backpack
13:33:30 INFO  CartPage         - 💳 Opened Checkout Page
13:33:30 ERROR Checkout_YourInformationPage  - 🏷️ Page Title : Checkout: Your Information
13:33:31 INFO  Checkout_YourInformationPage  - ❌ Error Message is displayed  : Error: First Name is required
13:33:34 INFO  Checkout_YourInformationPage  - 📝 Entered First Name on Information Page: John
13:33:36 INFO  Checkout_YourInformationPage  - 📝 Entered Last Name on Information Page: Test
13:33:38 INFO  Checkout_YourInformationPage  - 📮 Entered ZIP/Postal Code on Information Page: 123456
13:33:39 INFO  Checkout_YourInformationPage  - ▶️ Clicked on Continue Button
13:33:39 INFO  Checkout_OverviewPage  - 🏷️ Page Title  : Checkout: Overview
13:33:39 INFO  Checkout_OverviewPage  - ☑️ Product Verified
13:33:39 INFO  Checkout_OverviewPage  - ☑️ Payment Verified
13:33:40 INFO  Checkout_CompletePage  - 🏷️ Page Title  : Checkout: Complete!
13:33:40 INFO  Checkout_CompletePage  - ✅ Order Placed Successfully : Thank you for your order!
13:33:40 INFO  Checkout_CompletePage  - 📦 Order Information: Your order has been dispatched, and will arrive just as fast as the pony can get there!
13:34:42 INFO  Utils            - [TestNG] Running:
  C:\Users\1064921\IdeaProjects\Swag_Labs_Playwright\testngnew.xml

13:34:46 INFO  BaseTest         - 🌐 Chromium browser launched
13:34:49 INFO  UserLoginPage    - 👤 Entered locked user username
13:34:50 INFO  UserLoginPage    - 🔒 Entered password
13:34:51 INFO  UserLoginPage    - 🖱️ Clicked Login button with Locked credentials
13:34:52 INFO  UserLoginPage    - ❌ Entered invalid username
13:34:53 INFO  UserLoginPage    - 🔒 Entered password 
13:34:54 INFO  UserLoginPage    - 🖱️ Clicked Login button with invalid credentials
13:34:55 INFO  UserLoginPage    - 👤 Entered valid username
13:34:56 INFO  UserLoginPage    - 🔒 Entered valid password
13:34:57 INFO  UserLoginPage    - 🖱️ Clicked Login button with valid credentials
13:34:57 INFO  UserLoginPage    - 🔐 Login successful
13:34:57 INFO  InventoryPage    - 🔍 Inventory page verification passed. Page title: Products
13:34:58 INFO  InventoryPage    - 🛒 Sauce Labs Backpack Product added to cart
13:35:00 INFO  InventoryPage    - 🛒 Sauce Labs Bike Light Product added to cart
13:35:01 INFO  InventoryPage    - 🛒 Removed product from cart: Sauce Labs Bike Light
13:35:03 INFO  InventoryPage    - Sorted Products to Price (low to high) 
13:35:04 INFO  InventoryPage    - Product Name : Sauce Labs Backpack
13:35:04 INFO  InventoryPage    - Product Price : $29.99
13:35:04 INFO  InventoryPage    - Product Description : carry.allTheThings() with the sleek, streamlined Sly Pack that melds uncompromising style with unequaled laptop and tablet protection.
13:35:06 INFO  CartPage         - 🛍️ Opened Product Cart
13:35:06 INFO  CartPage         - 🛒 Product is added in cart : Sauce Labs Backpack
13:35:07 INFO  CartPage         - 💳 Opened Checkout Page
13:35:07 ERROR Checkout_YourInformationPage  - 🏷️ Page Title : Checkout: Your Information
13:35:08 INFO  Checkout_YourInformationPage  - ❌ Error Message is displayed  : Error: First Name is required
13:35:11 INFO  Checkout_YourInformationPage  - 📝 Entered First Name on Information Page: John
13:35:13 INFO  Checkout_YourInformationPage  - 📝 Entered Last Name on Information Page: Test
13:35:15 INFO  Checkout_YourInformationPage  - 📮 Entered ZIP/Postal Code on Information Page: 123456
13:35:16 INFO  Checkout_YourInformationPage  - ▶️ Clicked on Continue Button
13:35:16 INFO  Checkout_OverviewPage  - 🏷️ Page Title  : Checkout: Overview
13:35:16 INFO  Checkout_OverviewPage  - ☑️ Product Verified
13:35:16 INFO  Checkout_OverviewPage  - ☑️ Payment Verified
13:35:17 INFO  Checkout_CompletePage  - 🏷️ Page Title  : Checkout: Complete!
13:35:17 INFO  Checkout_CompletePage  - ✅ Order Placed Successfully : Thank you for your order!
13:35:17 INFO  Checkout_CompletePage  - 📦 Order Information: Your order has been dispatched, and will arrive just as fast as the pony can get there!
13:37:22 INFO  Utils            - [TestNG] Running:
  C:\Users\1064921\IdeaProjects\Swag_Labs_Playwright\testngnew.xml

13:37:26 INFO  BaseTest         - 🌐 Chromium browser launched
13:37:29 INFO  UserLoginPage    - 👤 Entered locked user username
13:37:30 INFO  UserLoginPage    - 🔒 Entered password
13:37:31 INFO  UserLoginPage    - 🖱️ Clicked Login button with Locked credentials
13:37:32 INFO  UserLoginPage    - ❌ Entered invalid username
13:37:33 INFO  UserLoginPage    - 🔒 Entered password 
13:37:34 INFO  UserLoginPage    - 🖱️ Clicked Login button with invalid credentials
13:37:35 INFO  UserLoginPage    - 👤 Entered valid username
13:37:36 INFO  UserLoginPage    - 🔒 Entered valid password
13:37:37 INFO  UserLoginPage    - 🖱️ Clicked Login button with valid credentials
13:37:37 INFO  UserLoginPage    - 🔐 Login successful
13:37:37 INFO  InventoryPage    - 🔍 Inventory page verification passed. Page title: Products
13:37:38 INFO  InventoryPage    - 🛒 Sauce Labs Backpack Product added to cart
13:37:40 INFO  InventoryPage    - 🛒 Sauce Labs Bike Light Product added to cart
13:37:41 INFO  InventoryPage    - 🛒 Removed product from cart: Sauce Labs Bike Light
13:37:43 INFO  InventoryPage    - Sorted Products to Price (low to high) 
13:37:44 INFO  InventoryPage    - Product Name : Sauce Labs Backpack
13:37:44 INFO  InventoryPage    - Product Price : $29.99
13:37:44 INFO  InventoryPage    - Product Description : carry.allTheThings() with the sleek, streamlined Sly Pack that melds uncompromising style with unequaled laptop and tablet protection.
13:37:46 INFO  CartPage         - 🛍️ Opened Product Cart
13:37:46 INFO  CartPage         - 🛒 Product is added in cart : Sauce Labs Backpack
13:37:47 INFO  CartPage         - 💳 Opened Checkout Page
13:37:47 ERROR Checkout_YourInformationPage  - 🏷️ Page Title : Checkout: Your Information
13:37:48 INFO  Checkout_YourInformationPage  - ❌ Error Message is displayed  : Error: First Name is required
13:37:51 INFO  Checkout_YourInformationPage  - 📝 Entered First Name on Information Page: John
13:37:53 INFO  Checkout_YourInformationPage  - 📝 Entered Last Name on Information Page: Test
13:37:55 INFO  Checkout_YourInformationPage  - 📮 Entered ZIP/Postal Code on Information Page: 123456
13:37:56 INFO  Checkout_YourInformationPage  - ▶️ Clicked on Continue Button
13:37:56 INFO  Checkout_OverviewPage  - 🏷️ Page Title  : Checkout: Overview
13:37:56 INFO  Checkout_OverviewPage  - ☑️ Product Verified
13:37:56 INFO  Checkout_OverviewPage  - ☑️ Payment Verified
13:37:57 INFO  Checkout_CompletePage  - 🏷️ Page Title  : Checkout: Complete!
13:37:57 INFO  Checkout_CompletePage  - ✅ Order Placed Successfully : Thank you for your order!
13:37:57 INFO  Checkout_CompletePage  - 📦 Order Information: Your order has been dispatched, and will arrive just as fast as the pony can get there!
13:39:55 INFO  Utils            - [TestNG] Running:
  C:\Users\1064921\IdeaProjects\Swag_Labs_Playwright\testngnew.xml

13:39:59 INFO  BaseTest         - 🌐 Chromium browser launched
13:40:02 INFO  UserLoginPage    - 👤 Entered locked user username
13:40:03 INFO  UserLoginPage    - 🔒 Entered password
13:40:04 INFO  UserLoginPage    - 🖱️ Clicked Login button with Locked credentials
13:40:05 INFO  UserLoginPage    - ❌ Entered invalid username
13:40:06 INFO  UserLoginPage    - 🔒 Entered password 
13:40:07 INFO  UserLoginPage    - 🖱️ Clicked Login button with invalid credentials
13:40:08 INFO  UserLoginPage    - 👤 Entered valid username
13:40:09 INFO  UserLoginPage    - 🔒 Entered valid password
13:40:10 INFO  UserLoginPage    - 🖱️ Clicked Login button with valid credentials
13:40:10 INFO  UserLoginPage    - 🔐 Login successful
13:40:10 INFO  InventoryPage    - 🔍 Inventory page verification passed. Page title: Products
13:40:11 INFO  InventoryPage    - 🛒 Sauce Labs Backpack Product added to cart
13:40:12 INFO  InventoryPage    - 🛒 Sauce Labs Bike Light Product added to cart
13:40:13 INFO  InventoryPage    - 🛒 Removed product from cart: Sauce Labs Bike Light
13:40:16 INFO  InventoryPage    - Sorted Products to Price (low to high) 
13:40:17 INFO  InventoryPage    - Product Name : Sauce Labs Backpack
13:40:17 INFO  InventoryPage    - Product Price : $29.99
13:40:17 INFO  InventoryPage    - Product Description : carry.allTheThings() with the sleek, streamlined Sly Pack that melds uncompromising style with unequaled laptop and tablet protection.
13:40:19 INFO  CartPage         - 🛍️ Opened Product Cart
13:40:19 INFO  CartPage         - 🛒 Product is added in cart : Sauce Labs Backpack
13:40:20 INFO  CartPage         - 💳 Opened Checkout Page
13:40:20 ERROR Checkout_YourInformationPage  - 🏷️ Page Title : Checkout: Your Information
13:40:21 INFO  Checkout_YourInformationPage  - ❌ Error Message is displayed  : Error: First Name is required
13:40:24 INFO  Checkout_YourInformationPage  - 📝 Entered First Name on Information Page: John
13:40:26 INFO  Checkout_YourInformationPage  - 📝 Entered Last Name on Information Page: Test
13:40:28 INFO  Checkout_YourInformationPage  - 📮 Entered ZIP/Postal Code on Information Page: 123456
13:40:29 INFO  Checkout_YourInformationPage  - ▶️ Clicked on Continue Button
13:40:29 INFO  Checkout_OverviewPage  - 🏷️ Page Title  : Checkout: Overview
13:40:29 INFO  Checkout_OverviewPage  - ☑️ Product Verified
13:40:29 INFO  Checkout_OverviewPage  - ☑️ Payment Verified
13:40:30 INFO  Checkout_CompletePage  - 🏷️ Page Title  : Checkout: Complete!
13:40:30 INFO  Checkout_CompletePage  - ✅ Order Placed Successfully : Thank you for your order!
13:40:30 INFO  Checkout_CompletePage  - 📦 Order Information: Your order has been dispatched, and will arrive just as fast as the pony can get there!
13:41:31 INFO  Utils            - [TestNG] Running:
  C:\Users\1064921\AppData\Local\JetBrains\IntelliJIdea2026.1\temp-testng-customsuite.xml

13:41:34 INFO  BaseTest         - 🌐 Chromium browser launched
13:41:37 INFO  UserLoginPage    - 👤 Entered valid username
13:41:38 INFO  UserLoginPage    - 🔒 Entered valid password
13:41:39 INFO  UserLoginPage    - 🖱️ Clicked Login button with valid credentials
13:41:39 INFO  UserLoginPage    - 🔐 Login successful
13:46:13 INFO  Utils            - [TestNG] Running:
  C:\Users\1064921\AppData\Local\JetBrains\IntelliJIdea2026.1\temp-testng-customsuite.xml

13:46:17 INFO  BaseTest         - 🌐 Chromium browser launched
15:39:17 INFO  Utils            - [TestNG] Running:
  C:\Users\1064921\IdeaProjects\Swag_Labs_Playwright\testngnew.xml

15:39:21 INFO  BaseTest         - 🌐 Chromium browser launched
15:39:24 INFO  UserLoginPage    - 👤 Entered locked user username
15:39:25 INFO  UserLoginPage    - 🔒 Entered password
15:39:26 INFO  UserLoginPage    - 🖱️ Clicked Login button with Locked credentials
15:39:28 INFO  UserLoginPage    - ❌ Entered invalid username
15:39:29 INFO  UserLoginPage    - 🔒 Entered password 
15:39:30 INFO  UserLoginPage    - 🖱️ Clicked Login button with invalid credentials
15:39:31 INFO  UserLoginPage    - 👤 Entered valid username
15:39:32 INFO  UserLoginPage    - 🔒 Entered valid password
15:39:33 INFO  UserLoginPage    - 🖱️ Clicked Login button with valid credentials
15:39:33 INFO  UserLoginPage    - 🔐 Login successful
15:39:33 INFO  InventoryPage    - 🔍 Inventory page verification passed. Page title: Products
15:39:34 INFO  InventoryPage    - 🛒 Sauce Labs Backpack Product added to cart
15:39:35 INFO  InventoryPage    - 🛒 Sauce Labs Bike Light Product added to cart
15:39:36 INFO  InventoryPage    - 🛒 Removed product from cart: Sauce Labs Bike Light
15:39:37 INFO  InventoryPage    - Product Name : Sauce Labs Fleece Jacket
15:39:37 INFO  InventoryPage    - Product Price : $49.99
15:39:37 INFO  InventoryPage    - Product Description : It's not every day that you come across a midweight quarter-zip fleece jacket capable of handling everything from a relaxing day outdoors to a busy day at the office.
15:39:40 INFO  InventoryPage    - Sorted Products to Price (low to high) 
15:39:41 INFO  CartPage         - 🛍️ Opened Product Cart
15:39:42 INFO  CartPage         - 🛍️ Opened Product Cart
15:39:43 INFO  CartPage         - 🛍️ Opened Product Cart
15:43:18 INFO  Utils            - [TestNG] Running:
  C:\Users\1064921\IdeaProjects\Swag_Labs_Playwright\testngnew.xml

15:43:21 INFO  BaseTest         - 🌐 Chromium browser launched
15:43:24 INFO  UserLoginPage    - 👤 Entered locked user username
15:43:25 INFO  UserLoginPage    - 🔒 Entered password
15:43:26 INFO  UserLoginPage    - 🖱️ Clicked Login button with Locked credentials
15:43:28 INFO  UserLoginPage    - ❌ Entered invalid username
15:43:29 INFO  UserLoginPage    - 🔒 Entered password 
15:43:30 INFO  UserLoginPage    - 🖱️ Clicked Login button with invalid credentials
15:43:31 INFO  UserLoginPage    - 👤 Entered valid username
15:43:32 INFO  UserLoginPage    - 🔒 Entered valid password
15:43:33 INFO  UserLoginPage    - 🖱️ Clicked Login button with valid credentials
15:43:33 INFO  UserLoginPage    - 🔐 Login successful
15:43:33 INFO  InventoryPage    - 🔍 Inventory page verification passed. Page title: Products
15:43:34 INFO  InventoryPage    - 🛒 Sauce Labs Backpack Product added to cart
15:43:35 INFO  InventoryPage    - 🛒 Sauce Labs Bike Light Product added to cart
15:43:36 INFO  InventoryPage    - 🛒 Removed product from cart: Sauce Labs Bike Light
15:43:37 INFO  InventoryPage    - Product Name : Sauce Labs Fleece Jacket
15:43:37 INFO  InventoryPage    - Product Price : $49.99
15:43:37 INFO  InventoryPage    - Product Description : It's not every day that you come across a midweight quarter-zip fleece jacket capable of handling everything from a relaxing day outdoors to a busy day at the office.
15:43:40 INFO  InventoryPage    - Sorted Products to Price (low to high) 
15:43:41 INFO  CartPage         - 🛍️ Opened Product Cart
15:43:42 INFO  CartPage         - 🛍️ Opened Product Cart
15:43:43 INFO  CartPage         - 🛍️ Opened Product Cart
15:43:43 ERROR Checkout_YourInformationPage  - 🏷️ Page Title : Your Cart
15:45:16 ERROR Checkout_OverviewPage  - 🏷️ Page Title : Your Cart
15:45:16 ERROR Checkout_OverviewPage  - 🏷️ Page Title : Your Cart
15:45:16 ERROR Checkout_OverviewPage  - 🏷️ Page Title : Your Cart
15:45:16 ERROR Checkout_CompletePage  - 🏷️ Page Title : Your Cart
16:00:53 INFO  Utils            - [TestNG] Running:
  C:\Users\1064921\AppData\Local\JetBrains\IntelliJIdea2026.1\temp-testng-customsuite.xml

16:00:56 INFO  BaseTest         - 🌐 Chromium browser launched
16:01:00 INFO  UserLoginPage    - 👤 Entered locked user username
16:01:01 INFO  UserLoginPage    - 🔒 Entered password
16:01:02 INFO  UserLoginPage    - 🖱️ Clicked Login button with Locked credentials
16:01:03 INFO  UserLoginPage    - ❌ Entered invalid username
16:01:04 INFO  UserLoginPage    - 🔒 Entered password 
16:01:05 INFO  UserLoginPage    - 🖱️ Clicked Login button with invalid credentials
16:01:06 INFO  UserLoginPage    - 👤 Entered valid username
16:01:07 INFO  UserLoginPage    - 🔒 Entered valid password
16:01:08 INFO  UserLoginPage    - 🖱️ Clicked Login button with valid credentials
16:01:08 INFO  UserLoginPage    - 🔐 Login successful
16:02:50 INFO  Utils            - [TestNG] Running:
  C:\Users\1064921\IdeaProjects\Swag_Labs_Playwright\testngnew.xml

16:02:54 INFO  BaseTest         - 🌐 Chromium browser launched
16:02:57 INFO  UserLoginPage    - 👤 Entered locked user username
16:02:58 INFO  UserLoginPage    - 🔒 Entered password
16:02:59 INFO  UserLoginPage    - 🖱️ Clicked Login button with Locked credentials
16:03:00 INFO  UserLoginPage    - ❌ Entered invalid username
16:03:01 INFO  UserLoginPage    - 🔒 Entered password 
16:03:02 INFO  UserLoginPage    - 🖱️ Clicked Login button with invalid credentials
16:03:03 INFO  UserLoginPage    - 👤 Entered valid username
16:03:04 INFO  UserLoginPage    - 🔒 Entered valid password
16:03:05 INFO  UserLoginPage    - 🖱️ Clicked Login button with valid credentials
16:03:05 INFO  UserLoginPage    - 🔐 Login successful
16:03:05 INFO  InventoryPage    - 🔍 Inventory page verification passed. Page title: Products
16:03:06 INFO  InventoryPage    - 🛒 Sauce Labs Backpack Product added to cart
16:03:07 INFO  InventoryPage    - 🛒 Sauce Labs Bike Light Product added to cart
16:03:08 INFO  InventoryPage    - 🛒 Removed product from cart: Sauce Labs Bike Light
16:03:09 INFO  InventoryPage    - Product Name : Sauce Labs Fleece Jacket
16:03:10 INFO  InventoryPage    - Product Price : $49.99
16:03:10 INFO  InventoryPage    - Product Description : It's not every day that you come across a midweight quarter-zip fleece jacket capable of handling everything from a relaxing day outdoors to a busy day at the office.
16:03:13 INFO  InventoryPage    - Sorted Products to Price (low to high) 
16:03:14 INFO  CartPage         - 🛍️ Opened Product Cart
16:03:15 INFO  CartPage         - 🛍️ Opened Product Cart
16:03:16 INFO  CartPage         - 🛍️ Opened Product Cart
16:03:16 ERROR Checkout_YourInformationPage  - 🏷️ Page Title : Your Cart
16:04:49 ERROR Checkout_OverviewPage  - 🏷️ Page Title : Your Cart
16:04:49 ERROR Checkout_OverviewPage  - 🏷️ Page Title : Your Cart
16:04:49 ERROR Checkout_OverviewPage  - 🏷️ Page Title : Your Cart
16:04:49 ERROR Checkout_CompletePage  - 🏷️ Page Title : Your Cart
16:17:35 INFO  Utils            - [TestNG] Running:
  C:\Users\1064921\IdeaProjects\Swag_Labs_Playwright\testngnew.xml

16:17:38 INFO  BaseTest         - 🌐 Chromium browser launched
16:17:42 INFO  UserLoginPage    - 👤 Entered locked user username
16:17:43 INFO  UserLoginPage    - 🔒 Entered password
16:17:44 INFO  UserLoginPage    - 🖱️ Clicked Login button with Locked credentials
16:17:45 INFO  UserLoginPage    - ❌ Entered invalid username
16:17:46 INFO  UserLoginPage    - 🔒 Entered password 
16:17:47 INFO  UserLoginPage    - 🖱️ Clicked Login button with invalid credentials
16:17:48 INFO  UserLoginPage    - 👤 Entered valid username
16:17:49 INFO  UserLoginPage    - 🔒 Entered valid password
16:17:50 INFO  UserLoginPage    - 🖱️ Clicked Login button with valid credentials
16:17:50 INFO  UserLoginPage    - 🔐 Login successful
16:17:50 INFO  InventoryPage    - 🔍 Inventory page verification passed. Page title: Products
16:17:51 INFO  InventoryPage    - 🛒 Sauce Labs Backpack Product added to cart
16:22:09 INFO  Utils            - [TestNG] Running:
  C:\Users\1064921\AppData\Local\JetBrains\IntelliJIdea2026.1\temp-testng-customsuite.xml

16:22:13 INFO  BaseTest         - 🌐 Chromium browser launched
16:25:25 INFO  Utils            - [TestNG] Running:
  C:\Users\1064921\IdeaProjects\Swag_Labs_Playwright\testngnew.xml

16:25:29 INFO  BaseTest         - 🌐 Chromium browser launched
16:25:32 INFO  UserLoginPage    - 👤 Entered locked user username
16:25:33 INFO  UserLoginPage    - 🔒 Entered password
16:25:34 INFO  UserLoginPage    - 🖱️ Clicked Login button with Locked credentials
16:25:35 INFO  UserLoginPage    - ❌ Entered invalid username
16:25:36 INFO  UserLoginPage    - 🔒 Entered password 
16:25:37 INFO  UserLoginPage    - 🖱️ Clicked Login button with invalid credentials
16:25:38 INFO  UserLoginPage    - 👤 Entered valid username
16:25:39 INFO  UserLoginPage    - 🔒 Entered valid password
16:25:40 INFO  UserLoginPage    - 🖱️ Clicked Login button with valid credentials
16:25:40 INFO  UserLoginPage    - 🔐 Login successful
16:25:40 INFO  InventoryPage    - 🔍 Inventory page verification passed. Page title: Products
16:25:41 INFO  InventoryPage    - 🛒 Sauce Labs Backpack Product added to cart
16:25:42 INFO  InventoryPage    - 🛒 Sauce Labs Bike Light Product added to cart
16:25:43 INFO  InventoryPage    - 🛒 Removed product from cart: Sauce Labs Bike Light
16:25:44 INFO  InventoryPage    - Product Name : Sauce Labs Backpack
16:25:44 INFO  InventoryPage    - Product Price : $29.99
16:25:44 INFO  InventoryPage    - Product Description : carry.allTheThings() with the sleek, streamlined Sly Pack that melds uncompromising style with unequaled laptop and tablet protection.
16:25:48 INFO  InventoryPage    - Sorted Products to Price (low to high) 
16:25:49 INFO  CartPage         - 🛍️ Opened Product Cart
16:25:49 INFO  CartPage         - 🛒 Product is added in cart : Sauce Labs Backpack
16:25:50 INFO  CartPage         - 💳 Opened Checkout Page
16:25:50 ERROR Checkout_YourInformationPage  - 🏷️ Page Title : Checkout: Your Information
16:25:51 INFO  Checkout_YourInformationPage  - ❌ Error Message is displayed  : Error: First Name is required
16:25:54 INFO  Checkout_YourInformationPage  - 📝 Entered First Name on Information Page: John
16:25:56 INFO  Checkout_YourInformationPage  - 📝 Entered Last Name on Information Page: Test
16:25:58 INFO  Checkout_YourInformationPage  - 📮 Entered ZIP/Postal Code on Information Page: 123456
16:25:59 INFO  Checkout_YourInformationPage  - ▶️ Clicked on Continue Button
16:25:59 INFO  Checkout_OverviewPage  - 🏷️ Page Title  : Checkout: Overview
16:25:59 INFO  Checkout_OverviewPage  - ☑️ Product Verified
16:25:59 INFO  Checkout_OverviewPage  - ☑️ Payment Verified
16:26:00 INFO  Checkout_CompletePage  - 🏷️ Page Title  : Checkout: Complete!
16:26:00 INFO  Checkout_CompletePage  - ✅ Order Placed Successfully : Thank you for your order!
16:26:00 INFO  Checkout_CompletePage  - 📦 Order Information: Your order has been dispatched, and will arrive just as fast as the pony can get there!
16:28:07 INFO  Utils            - [TestNG] Running:
  C:\Users\1064921\IdeaProjects\Swag_Labs_Playwright\testngnew.xml

16:33:02 INFO  Utils            - [TestNG] Running:
  C:\Users\1064921\IdeaProjects\Swag_Labs_Playwright\testngnew.xml

16:33:06 INFO  BaseTest         - 🌐 Chromium browser launched
16:33:09 INFO  UserLoginPage    - 👤 Entered locked user username
16:33:10 INFO  UserLoginPage    - 🔒 Entered password
16:33:11 INFO  UserLoginPage    - 🖱️ Clicked Login button with Locked credentials
16:33:12 INFO  UserLoginPage    - ❌ Entered invalid username
16:33:13 INFO  UserLoginPage    - 🔒 Entered password 
16:33:14 INFO  UserLoginPage    - 🖱️ Clicked Login button with invalid credentials
16:33:15 INFO  UserLoginPage    - 👤 Entered valid username
16:33:16 INFO  UserLoginPage    - 🔒 Entered valid password
16:33:17 INFO  UserLoginPage    - 🖱️ Clicked Login button with valid credentials
16:33:17 INFO  UserLoginPage    - 🔐 Login successful
16:33:17 INFO  InventoryPage    - 🔍 Inventory page verification passed. Page title: Products
16:33:18 INFO  InventoryPage    - 🛒 Sauce Labs Backpack Product added to cart
16:33:40 INFO  Utils            - [TestNG] Running:
  C:\Users\1064921\IdeaProjects\Swag_Labs_Playwright\testngnew.xml

16:33:43 INFO  BaseTest         - 🌐 Chromium browser launched
16:33:46 INFO  UserLoginPage    - 👤 Entered locked user username
16:33:47 INFO  UserLoginPage    - 🔒 Entered password
16:41:42 INFO  Utils            - [TestNG] Running:
  C:\Users\1064921\IdeaProjects\Swag_Labs_Playwright\testngnew.xml

16:41:45 INFO  BaseTest         - 🌐 Chromium browser launched
16:41:48 INFO  UserLoginPage    - 👤 Entered locked user username
16:41:49 INFO  UserLoginPage    - 🔒 Entered password
16:41:50 INFO  UserLoginPage    - 🖱️ Clicked Login button with Locked credentials
16:41:52 INFO  UserLoginPage    - ❌ Entered invalid username
16:41:53 INFO  UserLoginPage    - 🔒 Entered password 
16:42:38 INFO  Utils            - [TestNG] Running:
  C:\Users\1064921\AppData\Local\JetBrains\IntelliJIdea2026.1\temp-testng-customsuite.xml

16:42:41 INFO  BaseTest         - 🌐 Chromium browser launched
16:42:45 INFO  UserLoginPage    - 👤 Entered locked user username
16:42:46 INFO  UserLoginPage    - 🔒 Entered password
16:42:47 INFO  UserLoginPage    - 🖱️ Clicked Login button with Locked credentials
16:42:48 INFO  UserLoginPage    - ❌ Entered invalid username
16:42:49 INFO  UserLoginPage    - 🔒 Entered password 
16:42:50 INFO  UserLoginPage    - 🖱️ Clicked Login button with invalid credentials
16:42:51 INFO  UserLoginPage    - 👤 Entered valid username
16:42:52 INFO  UserLoginPage    - 🔒 Entered valid password
16:42:53 INFO  UserLoginPage    - 🖱️ Clicked Login button with valid credentials
16:42:53 INFO  UserLoginPage    - 🔐 Login successful
16:43:54 INFO  Utils            - [TestNG] Running:
  C:\Users\1064921\IdeaProjects\Swag_Labs_Playwright\testngnew.xml

16:43:57 INFO  BaseTest         - 🌐 Chromium browser launched
16:44:00 INFO  UserLoginPage    - 👤 Entered locked user username
16:44:01 INFO  UserLoginPage    - 🔒 Entered password
16:44:02 INFO  UserLoginPage    - 🖱️ Clicked Login button with Locked credentials
16:44:03 INFO  UserLoginPage    - ❌ Entered invalid username
16:44:04 INFO  UserLoginPage    - 🔒 Entered password 
16:44:06 INFO  UserLoginPage    - 🖱️ Clicked Login button with invalid credentials
16:44:07 INFO  UserLoginPage    - 👤 Entered valid username
16:44:08 INFO  UserLoginPage    - 🔒 Entered valid password
16:44:09 INFO  UserLoginPage    - 🖱️ Clicked Login button with valid credentials
16:44:09 INFO  UserLoginPage    - 🔐 Login successful
16:44:33 INFO  Utils            - [TestNG] Running:
  C:\Users\1064921\IdeaProjects\Swag_Labs_Playwright\testngnew.xml

16:44:36 INFO  BaseTest         - 🌐 Chromium browser launched
16:44:40 INFO  UserLoginPage    - 👤 Entered locked user username
16:44:41 INFO  UserLoginPage    - 🔒 Entered password
16:44:42 INFO  UserLoginPage    - 🖱️ Clicked Login button with Locked credentials
16:44:43 INFO  UserLoginPage    - ❌ Entered invalid username
16:44:44 INFO  UserLoginPage    - 🔒 Entered password 
16:44:45 INFO  UserLoginPage    - 🖱️ Clicked Login button with invalid credentials
16:44:46 INFO  UserLoginPage    - 👤 Entered valid username
16:44:47 INFO  UserLoginPage    - 🔒 Entered valid password
16:44:48 INFO  UserLoginPage    - 🖱️ Clicked Login button with valid credentials
16:44:48 INFO  UserLoginPage    - 🔐 Login successful
16:44:48 INFO  InventoryPage    - 🔍 Inventory page verification passed. Page title: Products
16:44:49 INFO  InventoryPage    - 🛒 Sauce Labs Backpack Product added to cart
16:44:50 INFO  InventoryPage    - 🛒 Sauce Labs Bike Light Product added to cart
16:44:51 INFO  InventoryPage    - 🛒 Removed product from cart: Sauce Labs Bike Light
16:44:52 INFO  InventoryPage    - Product Name : Sauce Labs Backpack
16:44:52 INFO  InventoryPage    - Product Price : $29.99
16:44:52 INFO  InventoryPage    - Product Description : carry.allTheThings() with the sleek, streamlined Sly Pack that melds uncompromising style with unequaled laptop and tablet protection.
16:44:55 INFO  InventoryPage    - Sorted Products to Price (low to high) 
17:07:13 INFO  Utils            - [TestNG] Running:
  C:\Users\1064921\IdeaProjects\Swag_Labs_Playwright\testngnew.xml

17:07:17 INFO  BaseTest         - 🌐 Chromium browser launched
17:07:20 INFO  UserLoginPage    - 👤 Entered locked user username
17:07:22 INFO  UserLoginPage    - 🔒 Entered password
17:07:23 INFO  UserLoginPage    - 🖱️ Clicked Login button with Locked credentials
17:07:24 INFO  UserLoginPage    - ❌ Entered invalid username
17:07:25 INFO  UserLoginPage    - 🔒 Entered password 
17:07:26 INFO  UserLoginPage    - 🖱️ Clicked Login button with invalid credentials
17:07:27 INFO  UserLoginPage    - 👤 Entered valid username
17:07:28 INFO  UserLoginPage    - 🔒 Entered valid password
17:07:29 INFO  UserLoginPage    - 🖱️ Clicked Login button with valid credentials
17:07:29 INFO  UserLoginPage    - 🔐 Login successful
17:08:32 INFO  Utils            - [TestNG] Running:
  C:\Users\1064921\IdeaProjects\Swag_Labs_Playwright\testngnew.xml

17:09:26 INFO  Utils            - [TestNG] Running:
  C:\Users\1064921\IdeaProjects\Swag_Labs_Playwright\testngnew.xml

17:09:29 INFO  BaseTest         - 🌐 Chromium browser launched
17:09:32 INFO  UserLoginPage    - 👤 Entered locked user username
17:09:33 INFO  UserLoginPage    - 🔒 Entered password
17:09:34 INFO  UserLoginPage    - 🖱️ Clicked Login button with Locked credentials
17:09:36 INFO  UserLoginPage    - ❌ Entered invalid username
17:09:37 INFO  UserLoginPage    - 🔒 Entered password 
17:09:38 INFO  UserLoginPage    - 🖱️ Clicked Login button with invalid credentials
17:13:20 INFO  Utils            - [TestNG] Running:
  C:\Users\1064921\IdeaProjects\Swag_Labs_Playwright\testngnew.xml

17:13:23 INFO  BaseTest         - 🌐 Chromium browser launched
17:13:26 INFO  UserLoginPage    - 👤 Entered locked user username
17:13:27 INFO  UserLoginPage    - 🔒 Entered password
17:13:29 INFO  UserLoginPage    - 🖱️ Clicked Login button with Locked credentials
17:13:30 INFO  UserLoginPage    - ❌ Entered invalid username
17:13:31 INFO  UserLoginPage    - 🔒 Entered password 
17:13:32 INFO  UserLoginPage    - 🖱️ Clicked Login button with invalid credentials
17:13:33 INFO  UserLoginPage    - 👤 Entered valid username
17:13:34 INFO  UserLoginPage    - 🔒 Entered valid password
17:13:35 INFO  UserLoginPage    - 🖱️ Clicked Login button with valid credentials
17:13:35 INFO  UserLoginPage    - 🔐 Login successful
17:13:35 INFO  InventoryPage    - 🔍 Inventory page verification passed. Page title: Products
17:17:07 INFO  Utils            - [TestNG] Running:
  C:\Users\1064921\IdeaProjects\Swag_Labs_Playwright\testngnew.xml

17:17:10 INFO  BaseTest         - 🌐 Chromium browser launched
17:17:14 INFO  UserLoginPage    - 👤 Entered locked user username
17:17:15 INFO  UserLoginPage    - 🔒 Entered password
17:17:16 INFO  UserLoginPage    - 🖱️ Clicked Login button with Locked credentials
17:18:04 INFO  Utils            - [TestNG] Running:
  C:\Users\1064921\IdeaProjects\Swag_Labs_Playwright\testngnew.xml

17:18:07 INFO  BaseTest         - 🌐 Chromium browser launched
17:18:11 INFO  UserLoginPage    - 👤 Entered locked user username
17:18:12 INFO  UserLoginPage    - 🔒 Entered password
17:19:10 INFO  Utils            - [TestNG] Running:
  C:\Users\1064921\IdeaProjects\Swag_Labs_Playwright\testngnew.xml

17:19:14 INFO  BaseTest         - 🌐 Chromium browser launched
17:19:17 INFO  UserLoginPage    - 👤 Entered locked user username
17:19:18 INFO  UserLoginPage    - 🔒 Entered password
17:19:19 INFO  UserLoginPage    - 🖱️ Clicked Login button with Locked credentials
17:19:20 INFO  UserLoginPage    - ❌ Entered invalid username
17:19:21 INFO  UserLoginPage    - 🔒 Entered password 
17:19:22 INFO  UserLoginPage    - 🖱️ Clicked Login button with invalid credentials
17:19:23 INFO  UserLoginPage    - 👤 Entered valid username
17:19:24 INFO  UserLoginPage    - 🔒 Entered valid password
17:19:25 INFO  UserLoginPage    - 🖱️ Clicked Login button with valid credentials
17:19:25 INFO  UserLoginPage    - 🔐 Login successful
17:19:25 INFO  InventoryPage    - 🔍 Inventory page verification passed. Page title: Products
17:19:27 INFO  InventoryPage    - 🛒 Sauce Labs Backpack Product added to cart
17:19:28 INFO  InventoryPage    - 🛒 Sauce Labs Bike Light Product added to cart
17:19:29 INFO  InventoryPage    - 🛒 Removed product from cart: Sauce Labs Bike Light
17:19:30 INFO  InventoryPage    - Product Name : Sauce Labs Backpack
17:19:30 INFO  InventoryPage    - Product Price : $29.99
17:19:30 INFO  InventoryPage    - Product Description : carry.allTheThings() with the sleek, streamlined Sly Pack that melds uncompromising style with unequaled laptop and tablet protection.
17:19:33 INFO  InventoryPage    - Sorted Products to Price (low to high) 
17:19:34 INFO  CartPage         - 🛍️ Opened Product Cart
17:19:34 INFO  CartPage         - 🛒 Product is added in cart : Sauce Labs Backpack
17:19:35 INFO  CartPage         - 💳 Opened Checkout Page
17:19:35 ERROR Checkout_YourInformationPage  - 🏷️ Page Title : Checkout: Your Information
17:19:36 INFO  Checkout_YourInformationPage  - ❌ Error Message is displayed  : Error: First Name is required
17:19:39 INFO  Checkout_YourInformationPage  - 📝 Entered First Name on Information Page: John
17:19:41 INFO  Checkout_YourInformationPage  - 📝 Entered Last Name on Information Page: Test
17:19:43 INFO  Checkout_YourInformationPage  - 📮 Entered ZIP/Postal Code on Information Page: 123456
17:19:44 INFO  Checkout_YourInformationPage  - ▶️ Clicked on Continue Button
17:19:44 INFO  Checkout_OverviewPage  - 🏷️ Page Title  : Checkout: Overview
17:19:44 INFO  Checkout_OverviewPage  - ☑️ Product Verified
17:19:44 INFO  Checkout_OverviewPage  - ☑️ Payment Verified
17:19:45 INFO  Checkout_CompletePage  - 🏷️ Page Title  : Checkout: Complete!
17:19:45 INFO  Checkout_CompletePage  - ✅ Order Placed Successfully : Thank you for your order!
17:19:45 INFO  Checkout_CompletePage  - 📦 Order Information: Your order has been dispatched, and will arrive just as fast as the pony can get there!
17:24:00 INFO  BaseTest         - 🌐 Chromium browser launched
17:24:03 INFO  UserLoginPage    - 👤 Entered locked user username
17:24:04 INFO  UserLoginPage    - 🔒 Entered password
17:24:05 INFO  UserLoginPage    - 🖱️ Clicked Login button with Locked credentials
17:24:06 INFO  UserLoginPage    - ❌ Entered invalid username
17:24:07 INFO  UserLoginPage    - 🔒 Entered password 
17:24:08 INFO  UserLoginPage    - 🖱️ Clicked Login button with invalid credentials
17:24:09 INFO  UserLoginPage    - 👤 Entered valid username
17:24:10 INFO  UserLoginPage    - 🔒 Entered valid password
17:24:11 INFO  UserLoginPage    - 🖱️ Clicked Login button with valid credentials
17:24:11 INFO  UserLoginPage    - 🔐 Login successful
17:24:12 INFO  InventoryPage    - 🔍 Inventory page verification passed. Page title: Products
17:24:13 INFO  InventoryPage    - 🛒 Sauce Labs Backpack Product added to cart
17:24:14 INFO  InventoryPage    - 🛒 Sauce Labs Bike Light Product added to cart
17:24:15 INFO  InventoryPage    - 🛒 Removed product from cart: Sauce Labs Bike Light
17:24:16 INFO  InventoryPage    - Product Name : Sauce Labs Backpack
17:24:16 INFO  InventoryPage    - Product Price : $29.99
17:24:16 INFO  InventoryPage    - Product Description : carry.allTheThings() with the sleek, streamlined Sly Pack that melds uncompromising style with unequaled laptop and tablet protection.
17:24:19 INFO  InventoryPage    - Sorted Products to Price (low to high) 
17:24:20 INFO  CartPage         - 🛍️ Opened Product Cart
17:24:20 INFO  CartPage         - 🛒 Product is added in cart : Sauce Labs Backpack
17:24:21 INFO  CartPage         - 💳 Opened Checkout Page
17:24:21 ERROR Checkout_YourInformationPage  - 🏷️ Page Title : Checkout: Your Information
17:24:22 INFO  Checkout_YourInformationPage  - ❌ Error Message is displayed  : Error: First Name is required
17:24:25 INFO  Checkout_YourInformationPage  - 📝 Entered First Name on Information Page: John
17:24:27 INFO  Checkout_YourInformationPage  - 📝 Entered Last Name on Information Page: Test
17:24:29 INFO  Checkout_YourInformationPage  - 📮 Entered ZIP/Postal Code on Information Page: 123456
17:24:30 INFO  Checkout_YourInformationPage  - ▶️ Clicked on Continue Button
17:24:30 INFO  Checkout_OverviewPage  - 🏷️ Page Title  : Checkout: Overview
17:24:30 INFO  Checkout_OverviewPage  - ☑️ Product Verified
17:24:30 INFO  Checkout_OverviewPage  - ☑️ Payment Verified
17:24:31 INFO  Checkout_CompletePage  - 🏷️ Page Title  : Checkout: Complete!
17:24:31 INFO  Checkout_CompletePage  - ✅ Order Placed Successfully : Thank you for your order!
17:24:31 INFO  Checkout_CompletePage  - 📦 Order Information: Your order has been dispatched, and will arrive just as fast as the pony can get there!
17:26:34 INFO  Utils            - [TestNG] Running:
  C:\Users\1064921\IdeaProjects\Swag_Labs_Playwright\testngnew.xml

17:26:38 INFO  BaseTest         - 🌐 Chromium browser launched
17:26:41 INFO  UserLoginPage    - 👤 Entered locked user username
17:26:42 INFO  UserLoginPage    - 🔒 Entered password
17:40:21 INFO  Utils            - [TestNG] Running:
  C:\Users\1064921\IdeaProjects\Swag_Labs_Playwright\testngnew.xml

17:40:25 INFO  BaseTest         - 🌐 Chromium browser launched
17:40:34 INFO  UserLoginPage    - 👤 Entered locked user username
17:40:35 INFO  UserLoginPage    - 🔒 Entered password
17:40:36 INFO  UserLoginPage    - 🖱️ Clicked Login button with Locked credentials
17:40:37 INFO  UserLoginPage    - ❌ Entered invalid username
17:40:38 INFO  UserLoginPage    - 🔒 Entered password 
17:40:39 INFO  UserLoginPage    - 🖱️ Clicked Login button with invalid credentials
17:40:40 INFO  UserLoginPage    - 👤 Entered valid username
17:40:41 INFO  UserLoginPage    - 🔒 Entered valid password
17:40:42 INFO  UserLoginPage    - 🖱️ Clicked Login button with valid credentials
17:40:42 INFO  UserLoginPage    - 🔐 Login successful
17:40:42 INFO  InventoryPage    - 🔍 Inventory page verification passed. Page title: Products
17:40:43 INFO  InventoryPage    - 🛒 Sauce Labs Backpack Product added to cart
17:40:44 INFO  InventoryPage    - 🛒 Sauce Labs Bike Light Product added to cart
17:40:46 INFO  InventoryPage    - 🛒 Removed product from cart: Sauce Labs Bike Light
17:40:47 INFO  InventoryPage    - Product Name : Sauce Labs Backpack
17:40:47 INFO  InventoryPage    - Product Price : $29.99
17:40:47 INFO  InventoryPage    - Product Description : carry.allTheThings() with the sleek, streamlined Sly Pack that melds uncompromising style with unequaled laptop and tablet protection.
17:40:50 INFO  InventoryPage    - Sorted Products to Price (low to high) 
17:40:51 INFO  CartPage         - 🛍️ Opened Product Cart
17:40:51 INFO  CartPage         - 🛒 Product is added in cart : Sauce Labs Backpack
17:40:52 INFO  CartPage         - 💳 Opened Checkout Page
17:40:52 ERROR Checkout_YourInformationPage  - 🏷️ Page Title : Checkout: Your Information
17:40:53 INFO  Checkout_YourInformationPage  - ❌ Error Message is displayed  : Error: First Name is required
17:40:56 INFO  Checkout_YourInformationPage  - 📝 Entered First Name on Information Page: John
17:40:58 INFO  Checkout_YourInformationPage  - 📝 Entered Last Name on Information Page: Test
17:41:00 INFO  Checkout_YourInformationPage  - 📮 Entered ZIP/Postal Code on Information Page: 123456
17:41:01 INFO  Checkout_YourInformationPage  - ▶️ Clicked on Continue Button
17:41:01 INFO  Checkout_OverviewPage  - 🏷️ Page Title  : Checkout: Overview
17:41:01 INFO  Checkout_OverviewPage  - ☑️ Product Verified
17:41:01 INFO  Checkout_OverviewPage  - ☑️ Payment Verified
17:41:02 INFO  Checkout_CompletePage  - 🏷️ Page Title  : Checkout: Complete!
17:41:02 INFO  Checkout_CompletePage  - ✅ Order Placed Successfully : Thank you for your order!
17:41:02 INFO  Checkout_CompletePage  - 📦 Order Information: Your order has been dispatched, and will arrive just as fast as the pony can get there!
17:45:53 INFO  Utils            - [TestNG] Running:
  C:\Users\1064921\IdeaProjects\Swag_Labs_Playwright\testngnew.xml

17:45:57 INFO  BaseTest         - 🌐 Chromium browser launched
17:46:01 INFO  UserLoginPage    - 👤 Entered locked user username
17:46:02 INFO  UserLoginPage    - 🔒 Entered password
17:46:03 INFO  UserLoginPage    - 🖱️ Clicked Login button with Locked credentials
17:46:04 INFO  UserLoginPage    - ❌ Entered invalid username
17:46:05 INFO  UserLoginPage    - 🔒 Entered password 
17:46:06 INFO  UserLoginPage    - 🖱️ Clicked Login button with invalid credentials
17:46:07 INFO  UserLoginPage    - 👤 Entered valid username
17:46:08 INFO  UserLoginPage    - 🔒 Entered valid password
17:46:09 INFO  UserLoginPage    - 🖱️ Clicked Login button with valid credentials
17:46:09 INFO  UserLoginPage    - 🔐 Login successful
17:46:09 INFO  InventoryPage    - 🔍 Inventory page verification passed. Page title: Products
17:46:10 INFO  InventoryPage    - 🛒 Sauce Labs Backpack Product added to cart
17:46:11 INFO  InventoryPage    - 🛒 Sauce Labs Bike Light Product added to cart
17:46:12 INFO  InventoryPage    - 🛒 Removed product from cart: Sauce Labs Bike Light
17:46:13 INFO  InventoryPage    - Product Name : Sauce Labs Backpack
17:46:13 INFO  InventoryPage    - Product Price : $29.99
17:46:13 INFO  InventoryPage    - Product Description : carry.allTheThings() with the sleek, streamlined Sly Pack that melds uncompromising style with unequaled laptop and tablet protection.
17:46:17 INFO  InventoryPage    - Sorted Products to Price (low to high) 
17:46:18 INFO  CartPage         - 🛍️ Opened Product Cart
17:46:18 INFO  CartPage         - 🛒 Product is added in cart : Sauce Labs Backpack
17:46:19 INFO  CartPage         - 💳 Opened Checkout Page
17:46:19 ERROR Checkout_YourInformationPage  - 🏷️ Page Title : Checkout: Your Information
17:46:20 INFO  Checkout_YourInformationPage  - ❌ Error Message is displayed  : Error: First Name is required
17:46:23 INFO  Checkout_YourInformationPage  - 📝 Entered First Name on Information Page: John
17:46:25 INFO  Checkout_YourInformationPage  - 📝 Entered Last Name on Information Page: Test
17:46:27 INFO  Checkout_YourInformationPage  - 📮 Entered ZIP/Postal Code on Information Page: 123456
17:46:28 INFO  Checkout_YourInformationPage  - ▶️ Clicked on Continue Button
17:46:28 INFO  Checkout_OverviewPage  - 🏷️ Page Title  : Checkout: Overview
17:46:28 INFO  Checkout_OverviewPage  - ☑️ Product Verified
17:46:28 INFO  Checkout_OverviewPage  - ☑️ Payment Verified
17:46:29 INFO  Checkout_CompletePage  - 🏷️ Page Title  : Checkout: Complete!
17:46:29 INFO  Checkout_CompletePage  - ✅ Order Placed Successfully : Thank you for your order!
17:46:29 INFO  Checkout_CompletePage  - 📦 Order Information: Your order has been dispatched, and will arrive just as fast as the pony can get there!
17:51:13 INFO  Utils            - [TestNG] Running:
  C:\Users\1064921\IdeaProjects\Swag_Labs_Playwright\testngnew.xml

17:51:16 INFO  BaseTest         - 🌐 Chromium browser launched
17:51:19 INFO  UserLoginPage    - 👤 Entered locked user username
17:51:20 INFO  UserLoginPage    - 🔒 Entered password
17:51:22 INFO  UserLoginPage    - 🖱️ Clicked Login button with Locked credentials
17:51:23 INFO  UserLoginPage    - ❌ Entered invalid username
17:51:24 INFO  UserLoginPage    - 🔒 Entered password 
17:51:25 INFO  UserLoginPage    - 🖱️ Clicked Login button with invalid credentials
17:51:26 INFO  UserLoginPage    - 👤 Entered valid username
17:51:27 INFO  UserLoginPage    - 🔒 Entered valid password
17:51:28 INFO  UserLoginPage    - 🖱️ Clicked Login button with valid credentials
17:51:28 INFO  UserLoginPage    - 🔐 Login successful
17:51:28 INFO  InventoryPage    - 🔍 Inventory page verification passed. Page title: Products
17:51:29 INFO  InventoryPage    - 🛒 Sauce Labs Backpack Product added to cart
17:51:30 INFO  InventoryPage    - 🛒 Sauce Labs Bike Light Product added to cart
17:51:31 INFO  InventoryPage    - 🛒 Removed product from cart: Sauce Labs Bike Light
17:51:32 INFO  InventoryPage    - Product Name : Sauce Labs Backpack
17:51:32 INFO  InventoryPage    - Product Price : $29.99
17:51:32 INFO  InventoryPage    - Product Description : carry.allTheThings() with the sleek, streamlined Sly Pack that melds uncompromising style with unequaled laptop and tablet protection.
17:51:35 INFO  InventoryPage    - Sorted Products to Price (low to high) 
17:51:36 INFO  CartPage         - 🛍️ Opened Product Cart
17:51:36 INFO  CartPage         - 🛒 Product is added in cart : Sauce Labs Backpack
17:51:37 INFO  CartPage         - 💳 Opened Checkout Page
17:51:37 ERROR Checkout_YourInformationPage  - 🏷️ Page Title : Checkout: Your Information
17:51:39 INFO  Checkout_YourInformationPage  - ❌ Error Message is displayed  : Error: First Name is required
17:51:42 INFO  Checkout_YourInformationPage  - 📝 Entered First Name on Information Page: John
17:51:44 INFO  Checkout_YourInformationPage  - 📝 Entered Last Name on Information Page: Test
17:51:46 INFO  Checkout_YourInformationPage  - 📮 Entered ZIP/Postal Code on Information Page: 123456
17:51:47 INFO  Checkout_YourInformationPage  - ▶️ Clicked on Continue Button
17:51:47 INFO  Checkout_OverviewPage  - 🏷️ Page Title  : Checkout: Overview
17:51:47 INFO  Checkout_OverviewPage  - ☑️ Product Verified
17:51:47 INFO  Checkout_OverviewPage  - ☑️ Payment Verified
17:51:48 INFO  Checkout_CompletePage  - 🏷️ Page Title  : Checkout: Complete!
17:51:48 INFO  Checkout_CompletePage  - ✅ Order Placed Successfully : Thank you for your order!
17:51:48 INFO  Checkout_CompletePage  - 📦 Order Information: Your order has been dispatched, and will arrive just as fast as the pony can get there!
17:53:31 INFO  Utils            - [TestNG] Running:
  C:\Users\1064921\IdeaProjects\Swag_Labs_Playwright\testngnew.xml

17:53:34 INFO  BaseTest         - 🌐 Chromium browser launched
17:53:37 INFO  UserLoginPage    - 👤 Entered locked user username
17:53:38 INFO  UserLoginPage    - 🔒 Entered password
17:53:39 INFO  UserLoginPage    - 🖱️ Clicked Login button with Locked credentials
17:53:40 INFO  UserLoginPage    - ❌ Entered invalid username
17:53:41 INFO  UserLoginPage    - 🔒 Entered password 
17:53:42 INFO  UserLoginPage    - 🖱️ Clicked Login button with invalid credentials
17:53:43 INFO  UserLoginPage    - 👤 Entered valid username
17:53:44 INFO  UserLoginPage    - 🔒 Entered valid password
17:53:45 INFO  UserLoginPage    - 🖱️ Clicked Login button with valid credentials
17:53:45 INFO  UserLoginPage    - 🔐 Login successful
17:53:45 INFO  InventoryPage    - 🔍 Inventory page verification passed. Page title: Products
17:53:46 INFO  InventoryPage    - 🛒 Sauce Labs Backpack Product added to cart
17:53:47 INFO  InventoryPage    - 🛒 Sauce Labs Bike Light Product added to cart
17:53:48 INFO  InventoryPage    - 🛒 Removed product from cart: Sauce Labs Bike Light
17:53:50 INFO  InventoryPage    - Product Name : Sauce Labs Backpack
17:53:50 INFO  InventoryPage    - Product Price : $29.99
17:53:50 INFO  InventoryPage    - Product Description : carry.allTheThings() with the sleek, streamlined Sly Pack that melds uncompromising style with unequaled laptop and tablet protection.
17:53:53 INFO  InventoryPage    - Sorted Products to Price (low to high) 
17:53:54 INFO  CartPage         - 🛍️ Opened Product Cart
17:53:54 INFO  CartPage         - 🛒 Product is added in cart : Sauce Labs Backpack
17:53:55 INFO  CartPage         - 💳 Opened Checkout Page
17:53:55 ERROR Checkout_YourInformationPage  - 🏷️ Page Title : Checkout: Your Information
17:53:56 INFO  Checkout_YourInformationPage  - ❌ Error Message is displayed  : Error: First Name is required
17:53:59 INFO  Checkout_YourInformationPage  - 📝 Entered First Name on Information Page: John
17:54:01 INFO  Checkout_YourInformationPage  - 📝 Entered Last Name on Information Page: Test
17:54:03 INFO  Checkout_YourInformationPage  - 📮 Entered ZIP/Postal Code on Information Page: 123456
17:54:04 INFO  Checkout_YourInformationPage  - ▶️ Clicked on Continue Button
17:54:04 INFO  Checkout_OverviewPage  - 🏷️ Page Title  : Checkout: Overview
17:54:04 INFO  Checkout_OverviewPage  - ☑️ Product Verified
17:54:04 INFO  Checkout_OverviewPage  - ☑️ Payment Verified
17:54:05 INFO  Checkout_CompletePage  - 🏷️ Page Title  : Checkout: Complete!
17:54:05 INFO  Checkout_CompletePage  - ✅ Order Placed Successfully : Thank you for your order!
17:54:05 INFO  Checkout_CompletePage  - 📦 Order Information: Your order has been dispatched, and will arrive just as fast as the pony can get there!
