21-07-2026 01:39:12 pm INFO  BaseTest        - 🌐 Chromium browser launched
21-07-2026 01:39:14 pm INFO  UserLoginPage   - 👤 Entered locked user username
21-07-2026 01:39:15 pm INFO  UserLoginPage   - 🔒 Entered password
21-07-2026 01:39:17 pm INFO  UserLoginPage   - 🖱️ Clicked Login button with Locked credentials
21-07-2026 01:39:18 pm INFO  UserLoginPage   - ❌ Entered invalid username
21-07-2026 01:39:19 pm INFO  UserLoginPage   - 🔒 Entered password 
21-07-2026 01:39:20 pm INFO  UserLoginPage   - 🖱️ Clicked Login button with invalid credentials
21-07-2026 01:39:21 pm INFO  UserLoginPage   - 👤 Entered valid username
21-07-2026 01:39:22 pm INFO  UserLoginPage   - 🔒 Entered valid password
21-07-2026 01:39:23 pm INFO  UserLoginPage   - 🖱️ Clicked Login button with valid credentials
21-07-2026 01:39:23 pm INFO  UserLoginPage   - 🔐 Login successful
21-07-2026 03:20:13 pm INFO  Utils           - [TestNG] Running:
  C:\Users\1064921\AppData\Local\JetBrains\IntelliJIdea2026.2\temp-testng-customsuite.xml

21-07-2026 03:20:17 pm INFO  BaseTest        - 🌐 Chromium browser launched
21-07-2026 03:20:20 pm INFO  UserLoginPage   - 👤 Entered valid username
21-07-2026 03:20:21 pm INFO  UserLoginPage   - 🔒 Entered valid password
21-07-2026 03:20:22 pm INFO  UserLoginPage   - 🖱️ Clicked Login button with valid credentials
21-07-2026 03:33:53 pm INFO  Utils           - [TestNG] Running:
  C:\Users\1064921\AppData\Local\JetBrains\IntelliJIdea2026.2\temp-testng-customsuite.xml

21-07-2026 03:33:58 pm INFO  BaseTest        - 🌐 Chromium browser launched
21-07-2026 03:34:01 pm INFO  UserLoginPage   - 👤 Entered valid username
21-07-2026 03:34:02 pm INFO  UserLoginPage   - 🔒 Entered valid password
21-07-2026 03:34:03 pm INFO  UserLoginPage   - 🖱️ Clicked Login button with valid credentials
21-07-2026 03:35:10 pm INFO  BaseTest        - Capturing screenshot for failed test: LOGIN_003
21-07-2026 04:05:32 pm INFO  Utils           - [TestNG] Running:
  C:\Users\1064921\AppData\Local\JetBrains\IntelliJIdea2026.2\temp-testng-customsuite.xml

21-07-2026 04:05:37 pm INFO  BaseTest        - 🌐 Chromium browser launched
21-07-2026 04:05:40 pm INFO  UserLoginPage   - 👤 Entered valid username
21-07-2026 04:05:41 pm INFO  UserLoginPage   - 🔒 Entered valid password
21-07-2026 04:05:42 pm INFO  UserLoginPage   - 🖱️ Clicked Login button with valid credentials
21-07-2026 04:06:49 pm INFO  BaseTest        - Capturing screenshot for failed test: LOGIN_003
21-07-2026 04:08:14 pm INFO  Utils           - [TestNG] Running:
  C:\Users\1064921\AppData\Local\JetBrains\IntelliJIdea2026.2\temp-testng-customsuite.xml

21-07-2026 04:08:18 pm INFO  BaseTest        - 🌐 Chromium browser launched
21-07-2026 04:08:21 pm INFO  UserLoginPage   - 👤 Entered valid username
21-07-2026 04:08:22 pm INFO  UserLoginPage   - 🔒 Entered valid password
21-07-2026 04:08:23 pm INFO  UserLoginPage   - 🖱️ Clicked Login button with valid credentials
21-07-2026 04:09:30 pm INFO  BaseTest        - Capturing screenshot for failed test: LOGIN_003
21-07-2026 04:56:51 pm INFO  Utils           - [TestNG] Running:
  C:\Users\1064921\AppData\Local\JetBrains\IntelliJIdea2026.2\temp-testng-customsuite.xml

21-07-2026 04:56:56 pm INFO  BaseTest        - 🌐 Chromium browser launched
21-07-2026 04:56:59 pm INFO  UserLoginPage   - 👤 Entered valid username
21-07-2026 04:57:00 pm INFO  UserLoginPage   - 🔒 Entered valid password
21-07-2026 04:57:01 pm INFO  UserLoginPage   - 🖱️ Clicked Login button with valid credentials
21-07-2026 04:58:08 pm INFO  BaseTest        - Capturing screenshot for failed test: LOGIN_003
