11:25:17 INFO  Utils            - [TestNG] Running:
  C:\Users\1064921\AppData\Local\JetBrains\IntelliJIdea2026.1\temp-testng-customsuite.xml

11:25:22 INFO  BaseTest         - 🌐 Chromium browser launched
11:42:54 INFO  Utils            - [TestNG] Running:
  C:\Users\1064921\AppData\Local\JetBrains\IntelliJIdea2026.1\temp-testng-customsuite.xml

11:42:58 INFO  BaseTest         - 🌐 Chromium browser launched
11:56:57 INFO  Utils            - [TestNG] Running:
  C:\Users\1064921\AppData\Local\JetBrains\IntelliJIdea2026.1\temp-testng-customsuite.xml

11:57:02 INFO  BaseTest         - 🌐 Chromium browser launched
12:00:48 INFO  Utils            - [TestNG] Running:
  C:\Users\1064921\AppData\Local\JetBrains\IntelliJIdea2026.1\temp-testng-customsuite.xml

12:00:52 INFO  BaseTest         - 🌐 Chromium browser launched
12:22:29 INFO  Utils            - [TestNG] Running:
  C:\Users\1064921\AppData\Local\JetBrains\IntelliJIdea2026.1\temp-testng-customsuite.xml

12:22:33 INFO  BaseTest         - 🌐 Chromium browser launched
12:27:07 INFO  Utils            - [TestNG] Running:
  C:\Users\1064921\AppData\Local\JetBrains\IntelliJIdea2026.1\temp-testng-customsuite.xml

12:27:11 INFO  BaseTest         - 🌐 Chromium browser launched
12:27:14 INFO  UserLoginPage    - 👤 Entered valid username
12:27:15 INFO  UserLoginPage    - 🔒 Entered valid password
12:27:16 INFO  UserLoginPage    - 🖱️ Clicked Login button with valid credentials
12:27:16 INFO  UserLoginPage    - 🔐 Login successful
12:29:02 INFO  Utils            - [TestNG] Running:
  C:\Users\1064921\AppData\Local\JetBrains\IntelliJIdea2026.1\temp-testng-customsuite.xml

12:29:06 INFO  BaseTest         - 🌐 Chromium browser launched
12:29:08 INFO  UserLoginPage    - 👤 Entered valid username
12:29:09 INFO  UserLoginPage    - 🔒 Entered valid password
12:29:11 INFO  UserLoginPage    - 🖱️ Clicked Login button with valid credentials
12:29:11 INFO  UserLoginPage    - 🔐 Login successful
13:57:24 INFO  Utils            - [TestNG] Running:
  C:\Users\1064921\IdeaProjects\Swag_Labs_Playwright\testngnew.xml

13:57:28 INFO  BaseTest         - 🌐 Chromium browser launched
13:57:31 INFO  UserLoginPage    - 👤 Entered locked user username
13:57:32 INFO  UserLoginPage    - 🔒 Entered password
13:57:33 INFO  UserLoginPage    - 🖱️ Clicked Login button with Locked credentials
13:57:34 INFO  UserLoginPage    - ❌ Entered invalid username
13:57:35 INFO  UserLoginPage    - 🔒 Entered password 
13:57:36 INFO  UserLoginPage    - 🖱️ Clicked Login button with invalid credentials
13:57:37 INFO  UserLoginPage    - 👤 Entered valid username
13:57:38 INFO  UserLoginPage    - 🔒 Entered valid password
13:57:39 INFO  UserLoginPage    - 🖱️ Clicked Login button with valid credentials
13:57:39 INFO  UserLoginPage    - 🔐 Login successful
13:57:39 INFO  InventoryPage    - 🔍 Inventory page verification passed. Page title: Products
13:57:40 INFO  InventoryPage    - 🛒 Sauce Labs Backpack Product added to cart
13:57:42 INFO  InventoryPage    - 🛒 Sauce Labs Bike Light Product added to cart
13:57:43 INFO  InventoryPage    - 🛒 Removed product from cart: Sauce Labs Bike Light
13:57:44 INFO  InventoryPage    - Product Name : Sauce Labs Backpack
13:57:44 INFO  InventoryPage    - Product Price : $29.99
13:57:44 INFO  InventoryPage    - Product Description : carry.allTheThings() with the sleek, streamlined Sly Pack that melds uncompromising style with unequaled laptop and tablet protection.
13:57:47 INFO  InventoryPage    - Sorted Products to Price (low to high) 
13:57:48 INFO  CartPage         - 🛍️ Opened Product Cart
13:57:48 INFO  CartPage         - 🛒 Product is added in cart : Sauce Labs Backpack
13:57:49 INFO  CartPage         - 💳 Opened Checkout Page
13:57:49 ERROR Checkout_YourInformationPage  - 🏷️ Page Title : Checkout: Your Information
13:57:50 INFO  Checkout_YourInformationPage  - ❌ Error Message is displayed  : Error: First Name is required
13:57:53 INFO  Checkout_YourInformationPage  - 📝 Entered First Name on Information Page: John
13:57:55 INFO  Checkout_YourInformationPage  - 📝 Entered Last Name on Information Page: Test
13:57:57 INFO  Checkout_YourInformationPage  - 📮 Entered ZIP/Postal Code on Information Page: 123456
13:57:58 INFO  Checkout_YourInformationPage  - ▶️ Clicked on Continue Button
13:57:58 INFO  Checkout_OverviewPage  - 🏷️ Page Title  : Checkout: Overview
13:57:58 INFO  Checkout_OverviewPage  - ☑️ Product Verified
13:57:58 INFO  Checkout_OverviewPage  - ☑️ Payment Verified
13:57:59 INFO  Checkout_CompletePage  - 🏷️ Page Title  : Checkout: Complete!
13:57:59 INFO  Checkout_CompletePage  - ✅ Order Placed Successfully : Thank you for your order!
13:57:59 INFO  Checkout_CompletePage  - 📦 Order Information: Your order has been dispatched, and will arrive just as fast as the pony can get there!
15:05:23 INFO  Utils            - [TestNG] Running:
  C:\Users\1064921\IdeaProjects\Swag_Labs_Playwright\testngnew.xml

15:05:27 INFO  BaseTest         - 🌐 Chromium browser launched
15:05:30 INFO  UserLoginPage    - 👤 Entered locked user username
15:05:31 INFO  UserLoginPage    - 🔒 Entered password
15:05:32 INFO  UserLoginPage    - 🖱️ Clicked Login button with Locked credentials
15:05:33 INFO  UserLoginPage    - ❌ Entered invalid username
15:05:34 INFO  UserLoginPage    - 🔒 Entered password 
15:05:35 INFO  UserLoginPage    - 🖱️ Clicked Login button with invalid credentials
15:05:36 INFO  UserLoginPage    - 👤 Entered valid username
15:05:37 INFO  UserLoginPage    - 🔒 Entered valid password
15:05:38 INFO  UserLoginPage    - 🖱️ Clicked Login button with valid credentials
15:05:38 INFO  UserLoginPage    - 🔐 Login successful
15:05:38 INFO  InventoryPage    - 🔍 Inventory page verification passed. Page title: Products
15:05:39 INFO  InventoryPage    - 🛒 Sauce Labs Backpack Product added to cart
15:05:40 INFO  InventoryPage    - 🛒 Sauce Labs Bike Light Product added to cart
15:05:41 INFO  InventoryPage    - 🛒 Removed product from cart: Sauce Labs Bike Light
15:05:42 INFO  InventoryPage    - Product Name : Sauce Labs Backpack
15:05:42 INFO  InventoryPage    - Product Price : $29.99
15:05:42 INFO  InventoryPage    - Product Description : carry.allTheThings() with the sleek, streamlined Sly Pack that melds uncompromising style with unequaled laptop and tablet protection.
15:05:45 INFO  InventoryPage    - Sorted Products to Price (low to high) 
15:05:46 INFO  CartPage         - 🛍️ Opened Product Cart
15:05:46 INFO  CartPage         - 🛒 Product is added in cart : Sauce Labs Backpack
15:05:47 INFO  CartPage         - 💳 Opened Checkout Page
15:05:47 ERROR Checkout_YourInformationPage  - 🏷️ Page Title : Checkout: Your Information
15:05:49 INFO  Checkout_YourInformationPage  - ❌ Error Message is displayed  : Error: First Name is required
15:05:52 INFO  Checkout_YourInformationPage  - 📝 Entered First Name on Information Page: John
15:05:54 INFO  Checkout_YourInformationPage  - 📝 Entered Last Name on Information Page: Test
15:05:56 INFO  Checkout_YourInformationPage  - 📮 Entered ZIP/Postal Code on Information Page: 123456
15:05:57 INFO  Checkout_YourInformationPage  - ▶️ Clicked on Continue Button
15:05:57 INFO  Checkout_OverviewPage  - 🏷️ Page Title  : Checkout: Overview
15:05:57 INFO  Checkout_OverviewPage  - ☑️ Product Verified
15:05:57 INFO  Checkout_OverviewPage  - ☑️ Payment Verified
15:05:58 INFO  Checkout_CompletePage  - 🏷️ Page Title  : Checkout: Complete!
15:05:58 INFO  Checkout_CompletePage  - ✅ Order Placed Successfully : Thank you for your order!
15:05:58 INFO  Checkout_CompletePage  - 📦 Order Information: Your order has been dispatched, and will arrive just as fast as the pony can get there!
15:10:29 INFO  Utils            - [TestNG] Running:
  C:\Users\1064921\IdeaProjects\Swag_Labs_Playwright\testngnew.xml

15:10:33 INFO  BaseTest         - 🌐 Chromium browser launched
15:10:37 INFO  UserLoginPage    - 👤 Entered locked user username
15:10:38 INFO  UserLoginPage    - 🔒 Entered password
15:10:40 INFO  UserLoginPage    - 🖱️ Clicked Login button with Locked credentials
15:10:41 INFO  UserLoginPage    - ❌ Entered invalid username
15:10:42 INFO  UserLoginPage    - 🔒 Entered password 
15:10:43 INFO  UserLoginPage    - 🖱️ Clicked Login button with invalid credentials
15:10:44 INFO  UserLoginPage    - 👤 Entered valid username
15:10:45 INFO  UserLoginPage    - 🔒 Entered valid password
15:10:46 INFO  UserLoginPage    - 🖱️ Clicked Login button with valid credentials
15:10:46 INFO  UserLoginPage    - 🔐 Login successful
15:10:46 INFO  InventoryPage    - 🔍 Inventory page verification passed. Page title: Products
15:10:47 INFO  InventoryPage    - 🛒 Sauce Labs Backpack Product added to cart
15:10:48 INFO  InventoryPage    - 🛒 Sauce Labs Bike Light Product added to cart
15:10:49 INFO  InventoryPage    - 🛒 Removed product from cart: Sauce Labs Bike Light
15:10:50 INFO  InventoryPage    - Product Name : Sauce Labs Backpack
15:10:50 INFO  InventoryPage    - Product Price : $29.99
15:10:50 INFO  InventoryPage    - Product Description : carry.allTheThings() with the sleek, streamlined Sly Pack that melds uncompromising style with unequaled laptop and tablet protection.
15:10:53 INFO  InventoryPage    - Sorted Products to Price (low to high) 
15:10:54 INFO  CartPage         - 🛍️ Opened Product Cart
15:10:54 INFO  CartPage         - 🛒 Product is added in cart : Sauce Labs Backpack
15:10:56 INFO  CartPage         - 💳 Opened Checkout Page
15:10:56 ERROR Checkout_YourInformationPage  - 🏷️ Page Title : Checkout: Your Information
15:10:57 INFO  Checkout_YourInformationPage  - ❌ Error Message is displayed  : Error: First Name is required
15:11:00 INFO  Checkout_YourInformationPage  - 📝 Entered First Name on Information Page: John
15:11:02 INFO  Checkout_YourInformationPage  - 📝 Entered Last Name on Information Page: Test
15:11:04 INFO  Checkout_YourInformationPage  - 📮 Entered ZIP/Postal Code on Information Page: 123456
15:11:05 INFO  Checkout_YourInformationPage  - ▶️ Clicked on Continue Button
15:11:05 INFO  Checkout_OverviewPage  - 🏷️ Page Title  : Checkout: Overview
15:11:05 INFO  Checkout_OverviewPage  - ☑️ Product Verified
15:11:05 INFO  Checkout_OverviewPage  - ☑️ Payment Verified
15:11:06 INFO  Checkout_CompletePage  - 🏷️ Page Title  : Checkout: Complete!
15:11:06 INFO  Checkout_CompletePage  - ✅ Order Placed Successfully : Thank you for your order!
15:11:06 INFO  Checkout_CompletePage  - 📦 Order Information: Your order has been dispatched, and will arrive just as fast as the pony can get there!
15:13:39 INFO  Utils            - [TestNG] Running:
  C:\Users\1064921\IdeaProjects\Swag_Labs_Playwright\testngnew.xml

15:13:43 INFO  BaseTest         - 🌐 Chromium browser launched
15:13:46 INFO  UserLoginPage    - 👤 Entered locked user username
15:13:47 INFO  UserLoginPage    - 🔒 Entered password
15:13:48 INFO  UserLoginPage    - 🖱️ Clicked Login button with Locked credentials
15:13:49 INFO  UserLoginPage    - ❌ Entered invalid username
15:13:50 INFO  UserLoginPage    - 🔒 Entered password 
15:13:51 INFO  UserLoginPage    - 🖱️ Clicked Login button with invalid credentials
15:13:52 INFO  UserLoginPage    - 👤 Entered valid username
15:13:53 INFO  UserLoginPage    - 🔒 Entered valid password
15:13:54 INFO  UserLoginPage    - 🖱️ Clicked Login button with valid credentials
15:13:54 INFO  UserLoginPage    - 🔐 Login successful
15:13:54 INFO  InventoryPage    - 🔍 Inventory page verification passed. Page title: Products
15:13:55 INFO  InventoryPage    - 🛒 Sauce Labs Backpack Product added to cart
15:13:56 INFO  InventoryPage    - 🛒 Sauce Labs Bike Light Product added to cart
15:13:57 INFO  InventoryPage    - 🛒 Removed product from cart: Sauce Labs Bike Light
15:13:58 INFO  InventoryPage    - Product Name : Sauce Labs Backpack
15:13:58 INFO  InventoryPage    - Product Price : $29.99
15:13:58 INFO  InventoryPage    - Product Description : carry.allTheThings() with the sleek, streamlined Sly Pack that melds uncompromising style with unequaled laptop and tablet protection.
15:14:01 INFO  InventoryPage    - Sorted Products to Price (low to high) 
15:14:02 INFO  CartPage         - 🛍️ Opened Product Cart
15:14:02 INFO  CartPage         - 🛒 Product is added in cart : Sauce Labs Backpack
15:14:03 INFO  CartPage         - 💳 Opened Checkout Page
15:14:03 ERROR Checkout_YourInformationPage  - 🏷️ Page Title : Checkout: Your Information
15:14:04 INFO  Checkout_YourInformationPage  - ❌ Error Message is displayed  : Error: First Name is required
15:14:08 INFO  Checkout_YourInformationPage  - 📝 Entered First Name on Information Page: John
15:14:10 INFO  Checkout_YourInformationPage  - 📝 Entered Last Name on Information Page: Test
15:14:12 INFO  Checkout_YourInformationPage  - 📮 Entered ZIP/Postal Code on Information Page: 123456
15:14:13 INFO  Checkout_YourInformationPage  - ▶️ Clicked on Continue Button
15:14:13 INFO  Checkout_OverviewPage  - 🏷️ Page Title  : Checkout: Overview
15:14:13 INFO  Checkout_OverviewPage  - ☑️ Product Verified
15:14:13 INFO  Checkout_OverviewPage  - ☑️ Payment Verified
15:14:14 INFO  Checkout_CompletePage  - 🏷️ Page Title  : Checkout: Complete!
15:14:14 INFO  Checkout_CompletePage  - ✅ Order Placed Successfully : Thank you for your order!
15:14:14 INFO  Checkout_CompletePage  - 📦 Order Information: Your order has been dispatched, and will arrive just as fast as the pony can get there!
16:09:14 INFO  Utils            - [TestNG] Running:
  C:\Users\1064921\IdeaProjects\Swag_Labs_Playwright\testngnew.xml

16:09:19 INFO  BaseTest         - 🌐 Chromium browser launched
16:09:21 INFO  UserLoginPage    - 👤 Entered locked user username
16:09:22 INFO  UserLoginPage    - 🔒 Entered password
16:09:23 INFO  UserLoginPage    - 🖱️ Clicked Login button with Locked credentials
16:09:24 INFO  UserLoginPage    - ❌ Entered invalid username
16:09:25 INFO  UserLoginPage    - 🔒 Entered password 
16:09:27 INFO  UserLoginPage    - 🖱️ Clicked Login button with invalid credentials
16:09:28 INFO  UserLoginPage    - 👤 Entered valid username
16:09:29 INFO  UserLoginPage    - 🔒 Entered valid password
16:09:30 INFO  UserLoginPage    - 🖱️ Clicked Login button with valid credentials
16:09:30 INFO  UserLoginPage    - 🔐 Login successful
16:09:30 INFO  InventoryPage    - 🔍 Inventory page verification passed. Page title: Products
16:09:31 INFO  InventoryPage    - 🛒 Sauce Labs Backpack Product added to cart
16:09:32 INFO  InventoryPage    - 🛒 Sauce Labs Bike Light Product added to cart
16:09:33 INFO  InventoryPage    - 🛒 Removed product from cart: Sauce Labs Bike Light
16:09:34 INFO  InventoryPage    - Product Name : Sauce Labs Backpack
16:09:34 INFO  InventoryPage    - Product Price : $29.99
16:09:34 INFO  InventoryPage    - Product Description : carry.allTheThings() with the sleek, streamlined Sly Pack that melds uncompromising style with unequaled laptop and tablet protection.
16:09:37 INFO  InventoryPage    - Sorted Products to Price (low to high) 
16:09:38 INFO  CartPage         - 🛍️ Opened Product Cart
16:09:38 INFO  CartPage         - 🛒 Product is added in cart : Sauce Labs Backpack
16:09:39 INFO  CartPage         - 💳 Opened Checkout Page
16:09:39 ERROR Checkout_YourInformationPage  - 🏷️ Page Title : Checkout: Your Information
16:09:40 INFO  Checkout_YourInformationPage  - ❌ Error Message is displayed  : Error: First Name is required
16:09:43 INFO  Checkout_YourInformationPage  - 📝 Entered First Name on Information Page: John
16:09:45 INFO  Checkout_YourInformationPage  - 📝 Entered Last Name on Information Page: Test
16:09:47 INFO  Checkout_YourInformationPage  - 📮 Entered ZIP/Postal Code on Information Page: 123456
16:09:48 INFO  Checkout_YourInformationPage  - ▶️ Clicked on Continue Button
16:09:48 INFO  Checkout_OverviewPage  - 🏷️ Page Title  : Checkout: Overview
16:09:48 INFO  Checkout_OverviewPage  - ☑️ Product Verified
16:09:48 INFO  Checkout_OverviewPage  - ☑️ Payment Verified
16:09:50 INFO  Checkout_CompletePage  - 🏷️ Page Title  : Checkout: Complete!
16:09:50 INFO  Checkout_CompletePage  - ✅ Order Placed Successfully : Thank you for your order!
16:09:50 INFO  Checkout_CompletePage  - 📦 Order Information: Your order has been dispatched, and will arrive just as fast as the pony can get there!
18:31:23 INFO  Utils            - [TestNG] Running:
  C:\Users\1064921\IdeaProjects\Swag_Labs_Playwright\textng_Suit.xml

18:31:27 INFO  BaseTest         - 🌐 Chromium browser launched
18:31:30 INFO  UserLoginPage    - 👤 Entered locked user username
18:31:31 INFO  UserLoginPage    - 🔒 Entered password
18:31:32 INFO  UserLoginPage    - 🖱️ Clicked Login button with Locked credentials
18:31:33 INFO  UserLoginPage    - ❌ Entered invalid username
18:31:34 INFO  UserLoginPage    - 🔒 Entered password 
18:31:35 INFO  UserLoginPage    - 🖱️ Clicked Login button with invalid credentials
18:31:36 INFO  UserLoginPage    - 👤 Entered valid username
18:31:37 INFO  UserLoginPage    - 🔒 Entered valid password
18:31:38 INFO  UserLoginPage    - 🖱️ Clicked Login button with valid credentials
18:31:38 INFO  UserLoginPage    - 🔐 Login successful
18:31:38 INFO  InventoryPage    - 🔍 Inventory page verification passed. Page title: Products
18:31:39 INFO  InventoryPage    - 🛒 Sauce Labs Backpack Product added to cart
18:31:40 INFO  InventoryPage    - 🛒 Sauce Labs Bike Light Product added to cart
18:31:41 INFO  InventoryPage    - 🛒 Removed product from cart: Sauce Labs Bike Light
18:31:42 INFO  InventoryPage    - Product Name : Sauce Labs Backpack
18:31:42 INFO  InventoryPage    - Product Price : $29.99
18:31:42 INFO  InventoryPage    - Product Description : carry.allTheThings() with the sleek, streamlined Sly Pack that melds uncompromising style with unequaled laptop and tablet protection.
18:31:45 INFO  InventoryPage    - Sorted Products to Price (low to high) 
18:31:46 INFO  CartPage         - 🛍️ Opened Product Cart
18:31:46 INFO  CartPage         - 🛒 Product is added in cart : Sauce Labs Backpack
18:31:47 INFO  CartPage         - 💳 Opened Checkout Page
18:31:47 ERROR Checkout_YourInformationPage  - 🏷️ Page Title : Checkout: Your Information
18:31:48 INFO  Checkout_YourInformationPage  - ❌ Error Message is displayed  : Error: First Name is required
18:31:52 INFO  Checkout_YourInformationPage  - 📝 Entered First Name on Information Page: John
18:31:54 INFO  Checkout_YourInformationPage  - 📝 Entered Last Name on Information Page: Test
18:31:56 INFO  Checkout_YourInformationPage  - 📮 Entered ZIP/Postal Code on Information Page: 123456
18:31:57 INFO  Checkout_YourInformationPage  - ▶️ Clicked on Continue Button
18:31:57 INFO  Checkout_OverviewPage  - 🏷️ Page Title  : Checkout: Overview
18:31:57 INFO  Checkout_OverviewPage  - ☑️ Product Verified
18:31:57 INFO  Checkout_OverviewPage  - ☑️ Payment Verified
18:31:58 INFO  Checkout_CompletePage  - 🏷️ Page Title  : Checkout: Complete!
18:31:58 INFO  Checkout_CompletePage  - ✅ Order Placed Successfully : Thank you for your order!
18:31:58 INFO  Checkout_CompletePage  - 📦 Order Information: Your order has been dispatched, and will arrive just as fast as the pony can get there!
18:50:15 INFO  Utils            - [TestNG] Running:
  C:\Users\1064921\IdeaProjects\Swag_Labs_Playwright\textng_Suit.xml

18:50:19 INFO  BaseTest         - 🌐 Chromium browser launched
18:50:21 INFO  UserLoginPage    - 👤 Entered locked user username
18:50:22 INFO  UserLoginPage    - 🔒 Entered password
18:50:23 INFO  UserLoginPage    - 🖱️ Clicked Login button with Locked credentials
18:50:25 INFO  UserLoginPage    - ❌ Entered invalid username
18:50:26 INFO  UserLoginPage    - 🔒 Entered password 
18:50:27 INFO  UserLoginPage    - 🖱️ Clicked Login button with invalid credentials
18:50:28 INFO  UserLoginPage    - 👤 Entered valid username
18:50:29 INFO  UserLoginPage    - 🔒 Entered valid password
18:50:30 INFO  UserLoginPage    - 🖱️ Clicked Login button with valid credentials
18:50:30 INFO  UserLoginPage    - 🔐 Login successful
18:50:30 INFO  InventoryPage    - 🔍 Inventory page verification passed. Page title: Products
18:50:31 INFO  InventoryPage    - 🛒 Sauce Labs Backpack Product added to cart
18:50:32 INFO  InventoryPage    - 🛒 Sauce Labs Bike Light Product added to cart
18:50:33 INFO  InventoryPage    - 🛒 Removed product from cart: Sauce Labs Bike Light
18:50:34 INFO  InventoryPage    - Product Name : Sauce Labs Backpack
18:50:34 INFO  InventoryPage    - Product Price : $29.99
18:50:34 INFO  InventoryPage    - Product Description : carry.allTheThings() with the sleek, streamlined Sly Pack that melds uncompromising style with unequaled laptop and tablet protection.
18:50:37 INFO  InventoryPage    - Sorted Products to Price (low to high) 
18:50:38 INFO  CartPage         - 🛍️ Opened Product Cart
18:50:38 INFO  CartPage         - 🛒 Product is added in cart : Sauce Labs Backpack
18:50:39 INFO  CartPage         - 💳 Opened Checkout Page
18:50:39 ERROR Checkout_YourInformationPage  - 🏷️ Page Title : Checkout: Your Information
18:50:40 INFO  Checkout_YourInformationPage  - ❌ Error Message is displayed  : Error: First Name is required
18:50:43 INFO  Checkout_YourInformationPage  - 📝 Entered First Name on Information Page: John
18:50:45 INFO  Checkout_YourInformationPage  - 📝 Entered Last Name on Information Page: Test
18:50:47 INFO  Checkout_YourInformationPage  - 📮 Entered ZIP/Postal Code on Information Page: 123456
18:50:48 INFO  Checkout_YourInformationPage  - ▶️ Clicked on Continue Button
18:50:48 INFO  Checkout_OverviewPage  - 🏷️ Page Title  : Checkout: Overview
18:50:48 INFO  Checkout_OverviewPage  - ☑️ Product Verified
18:50:48 INFO  Checkout_OverviewPage  - ☑️ Payment Verified
18:50:50 INFO  Checkout_CompletePage  - 🏷️ Page Title  : Checkout: Complete!
18:50:50 INFO  Checkout_CompletePage  - ✅ Order Placed Successfully : Thank you for your order!
18:50:50 INFO  Checkout_CompletePage  - 📦 Order Information: Your order has been dispatched, and will arrive just as fast as the pony can get there!
21:36:51 INFO  Utils            - [TestNG] Running:
  C:\Users\1064921\IdeaProjects\Swag_Labs_Playwright\textng_Suit.xml

21:36:58 INFO  BaseTest         - 🌐 Chromium browser launched
21:37:02 INFO  UserLoginPage    - 👤 Entered locked user username
21:37:03 INFO  UserLoginPage    - 🔒 Entered password
21:37:04 INFO  UserLoginPage    - 🖱️ Clicked Login button with Locked credentials
21:37:05 INFO  UserLoginPage    - ❌ Entered invalid username
21:37:06 INFO  UserLoginPage    - 🔒 Entered password 
21:37:07 INFO  UserLoginPage    - 🖱️ Clicked Login button with invalid credentials
21:37:08 INFO  UserLoginPage    - 👤 Entered valid username
21:37:09 INFO  UserLoginPage    - 🔒 Entered valid password
21:37:10 INFO  UserLoginPage    - 🖱️ Clicked Login button with valid credentials
21:37:10 INFO  UserLoginPage    - 🔐 Login successful
21:37:10 INFO  InventoryPage    - 🔍 Inventory page verification passed. Page title: Products
21:37:11 INFO  InventoryPage    - 🛒 Sauce Labs Backpack Product added to cart
21:37:12 INFO  InventoryPage    - 🛒 Sauce Labs Bike Light Product added to cart
21:37:13 INFO  InventoryPage    - 🛒 Removed product from cart: Sauce Labs Bike Light
21:37:14 INFO  InventoryPage    - Product Name : Sauce Labs Backpack
21:37:14 INFO  InventoryPage    - Product Price : $29.99
21:37:14 INFO  InventoryPage    - Product Description : carry.allTheThings() with the sleek, streamlined Sly Pack that melds uncompromising style with unequaled laptop and tablet protection.
21:37:18 INFO  InventoryPage    - Sorted Products to Price (low to high) 
21:37:19 INFO  CartPage         - 🛍️ Opened Product Cart
21:37:19 INFO  CartPage         - 🛒 Product is added in cart : Sauce Labs Backpack
21:37:20 INFO  CartPage         - 💳 Opened Checkout Page
21:37:20 ERROR Checkout_YourInformationPage  - 🏷️ Page Title : Checkout: Your Information
21:37:21 INFO  Checkout_YourInformationPage  - ❌ Error Message is displayed  : Error: First Name is required
21:37:24 INFO  Checkout_YourInformationPage  - 📝 Entered First Name on Information Page: John
21:37:26 INFO  Checkout_YourInformationPage  - 📝 Entered Last Name on Information Page: Test
21:37:28 INFO  Checkout_YourInformationPage  - 📮 Entered ZIP/Postal Code on Information Page: 123456
21:37:29 INFO  Checkout_YourInformationPage  - ▶️ Clicked on Continue Button
21:37:30 INFO  Checkout_OverviewPage  - 🏷️ Page Title  : Checkout: Overview
21:37:30 INFO  Checkout_OverviewPage  - ☑️ Product Verified
21:37:30 INFO  Checkout_OverviewPage  - ☑️ Payment Verified
21:37:31 INFO  Checkout_CompletePage  - 🏷️ Page Title  : Checkout: Complete!
21:37:31 INFO  Checkout_CompletePage  - ✅ Order Placed Successfully : Thank you for your order!
21:37:31 INFO  Checkout_CompletePage  - 📦 Order Information: Your order has been dispatched, and will arrive just as fast as the pony can get there!
21:43:35 INFO  Utils            - [TestNG] Running:
  C:\Users\1064921\IdeaProjects\Swag_Labs_Playwright\textng_Suit.xml

21:43:42 INFO  BaseTest         - 🌐 Chromium browser launched
21:43:45 INFO  UserLoginPage    - 👤 Entered locked user username
21:43:46 INFO  UserLoginPage    - 🔒 Entered password
21:43:47 INFO  UserLoginPage    - 🖱️ Clicked Login button with Locked credentials
21:43:48 INFO  UserLoginPage    - ❌ Entered invalid username
21:43:49 INFO  UserLoginPage    - 🔒 Entered password 
21:43:50 INFO  UserLoginPage    - 🖱️ Clicked Login button with invalid credentials
21:43:51 INFO  UserLoginPage    - 👤 Entered valid username
21:43:52 INFO  UserLoginPage    - 🔒 Entered valid password
21:43:54 INFO  UserLoginPage    - 🖱️ Clicked Login button with valid credentials
21:43:54 INFO  UserLoginPage    - 🔐 Login successful
21:43:54 INFO  InventoryPage    - 🔍 Inventory page verification passed. Page title: Products
21:43:55 INFO  InventoryPage    - 🛒 Sauce Labs Backpack Product added to cart
21:43:56 INFO  InventoryPage    - 🛒 Sauce Labs Bike Light Product added to cart
21:43:57 INFO  InventoryPage    - 🛒 Removed product from cart: Sauce Labs Bike Light
21:43:58 INFO  InventoryPage    - Product Name : Sauce Labs Backpack
21:43:58 INFO  InventoryPage    - Product Price : $29.99
21:43:58 INFO  InventoryPage    - Product Description : carry.allTheThings() with the sleek, streamlined Sly Pack that melds uncompromising style with unequaled laptop and tablet protection.
21:44:02 INFO  InventoryPage    - Sorted Products to Price (low to high) 
21:44:03 INFO  CartPage         - 🛍️ Opened Product Cart
21:44:03 INFO  CartPage         - 🛒 Product is added in cart : Sauce Labs Backpack
21:44:04 INFO  CartPage         - 💳 Opened Checkout Page
21:44:04 ERROR Checkout_YourInformationPage  - 🏷️ Page Title : Checkout: Your Information
21:44:05 INFO  Checkout_YourInformationPage  - ❌ Error Message is displayed  : Error: First Name is required
21:44:08 INFO  Checkout_YourInformationPage  - 📝 Entered First Name on Information Page: John
21:44:10 INFO  Checkout_YourInformationPage  - 📝 Entered Last Name on Information Page: Test
21:44:12 INFO  Checkout_YourInformationPage  - 📮 Entered ZIP/Postal Code on Information Page: 123456
21:44:13 INFO  Checkout_YourInformationPage  - ▶️ Clicked on Continue Button
21:44:14 INFO  Checkout_OverviewPage  - 🏷️ Page Title  : Checkout: Overview
21:44:14 INFO  Checkout_OverviewPage  - ☑️ Product Verified
21:44:14 INFO  Checkout_OverviewPage  - ☑️ Payment Verified
21:44:15 INFO  Checkout_CompletePage  - 🏷️ Page Title  : Checkout: Complete!
21:44:15 INFO  Checkout_CompletePage  - ✅ Order Placed Successfully : Thank you for your order!
21:44:15 INFO  Checkout_CompletePage  - 📦 Order Information: Your order has been dispatched, and will arrive just as fast as the pony can get there!
22:52:08 INFO  Utils            - [TestNG] Running:
  C:\Users\1064921\AppData\Local\JetBrains\IntelliJIdea2026.1\temp-testng-customsuite.xml

22:52:15 INFO  BaseTest         - 🌐 Chromium browser launched
23:11:39 INFO  Utils            - [TestNG] Running:
  C:\Users\1064921\AppData\Local\JetBrains\IntelliJIdea2026.1\temp-testng-customsuite.xml

23:11:46 INFO  BaseTest         - 🌐 Chromium browser launched
23:28:27 INFO  Utils            - [TestNG] Running:
  C:\Users\1064921\AppData\Local\JetBrains\IntelliJIdea2026.1\temp-testng-customsuite.xml

23:28:31 INFO  BaseTest         - 🌐 Chromium browser launched
