16:48:42 INFO  Utils            - [TestNG] Running:
  C:\Users\1064921\IdeaProjects\Swag_Labs_Playwright\testngnew.xml

16:48:49 INFO  BaseTest         - 🌐 Chromium browser launched
16:48:53 INFO  UserLoginPage    - 👤 Entered locked user username
16:48:54 INFO  UserLoginPage    - 🔒 Entered password
16:48:55 INFO  UserLoginPage    - 🖱️ Clicked Login button with Locked credentials
16:48:56 INFO  UserLoginPage    - ❌ Entered invalid username
16:48:57 INFO  UserLoginPage    - 🔒 Entered password 
16:48:58 INFO  UserLoginPage    - 🖱️ Clicked Login button with invalid credentials
16:48:59 INFO  UserLoginPage    - 👤 Entered valid username
16:49:00 INFO  UserLoginPage    - 🔒 Entered valid password
16:49:01 INFO  UserLoginPage    - 🖱️ Clicked Login button with valid credentials
16:49:01 INFO  UserLoginPage    - 🔐 Login successful
16:49:01 INFO  InventoryPage    - 🔍 Inventory page verification passed. Page title: Products
16:49:02 INFO  InventoryPage    - 🛒 Sauce Labs Backpack Product added to cart
16:49:04 INFO  InventoryPage    - 🛒 Sauce Labs Bike Light Product added to cart
16:49:05 INFO  InventoryPage    - 🛒 Removed product from cart: Sauce Labs Bike Light
16:49:08 INFO  InventoryPage    - Sorted Products to Price (low to high) 
16:49:09 INFO  InventoryPage    - Product Name : Sauce Labs Backpack
16:49:09 INFO  InventoryPage    - Product Price : $29.99
16:49:09 INFO  InventoryPage    - Product Description : carry.allTheThings() with the sleek, streamlined Sly Pack that melds uncompromising style with unequaled laptop and tablet protection.
16:49:11 INFO  CartPage         - 🛍️ Opened Product Cart
16:49:11 INFO  CartPage         - 🛒 Product is added in cart : Sauce Labs Backpack
16:49:12 INFO  CartPage         - 💳 Opened Checkout Page
16:49:12 ERROR Checkout_YourInformationPage  - 🏷️ Page Title : Checkout: Your Information
16:49:13 INFO  Checkout_YourInformationPage  - ❌ Error Message is displayed  : Error: First Name is required
16:49:16 INFO  Checkout_YourInformationPage  - 📝 Entered First Name on Information Page: John
16:49:19 INFO  Checkout_YourInformationPage  - 📝 Entered Last Name on Information Page: Test
16:49:21 INFO  Checkout_YourInformationPage  - 📮 Entered ZIP/Postal Code on Information Page: 123456
16:49:22 INFO  Checkout_YourInformationPage  - ▶️ Clicked on Continue Button
16:49:22 INFO  Checkout_OverviewPage  - 🏷️ Page Title  : Checkout: Overview
16:49:22 INFO  Checkout_OverviewPage  - ☑️ Product Verified
16:49:22 INFO  Checkout_OverviewPage  - ☑️ Payment Verified
16:49:23 INFO  Checkout_CompletePage  - 🏷️ Page Title  : Checkout: Complete!
16:49:23 INFO  Checkout_CompletePage  - ✅ Order Placed Successfully : Thank you for your order!
16:49:23 INFO  Checkout_CompletePage  - 📦 Order Information: Your order has been dispatched, and will arrive just as fast as the pony can get there!
16:59:22 INFO  Utils            - [TestNG] Running:
  C:\Users\1064921\AppData\Local\JetBrains\IntelliJIdea2026.1\temp-testng-customsuite.xml

16:59:28 INFO  BaseTest         - 🌐 Chromium browser launched
16:59:32 INFO  UserLoginPage    - 👤 Entered locked user username
16:59:33 INFO  UserLoginPage    - 🔒 Entered password
16:59:34 INFO  UserLoginPage    - 🖱️ Clicked Login button with Locked credentials
16:59:35 INFO  UserLoginPage    - ❌ Entered invalid username
16:59:36 INFO  UserLoginPage    - 🔒 Entered password 
16:59:37 INFO  UserLoginPage    - 🖱️ Clicked Login button with invalid credentials
16:59:38 INFO  UserLoginPage    - 👤 Entered valid username
16:59:39 INFO  UserLoginPage    - 🔒 Entered valid password
16:59:40 INFO  UserLoginPage    - 🖱️ Clicked Login button with valid credentials
16:59:40 INFO  UserLoginPage    - 🔐 Login successful
17:06:59 INFO  Utils            - [TestNG] Running:
  C:\Users\1064921\AppData\Local\JetBrains\IntelliJIdea2026.1\temp-testng-customsuite.xml

17:07:05 INFO  BaseTest         - 🌐 Chromium browser launched
17:07:09 INFO  UserLoginPage    - 👤 Entered locked user username
17:07:10 INFO  UserLoginPage    - 🔒 Entered password
17:07:11 INFO  UserLoginPage    - 🖱️ Clicked Login button with Locked credentials
17:07:12 INFO  UserLoginPage    - ❌ Entered invalid username
17:07:13 INFO  UserLoginPage    - 🔒 Entered password 
17:07:14 INFO  UserLoginPage    - 🖱️ Clicked Login button with invalid credentials
17:07:16 INFO  UserLoginPage    - 👤 Entered valid username
17:07:17 INFO  UserLoginPage    - 🔒 Entered valid password
17:07:18 INFO  UserLoginPage    - 🖱️ Clicked Login button with valid credentials
17:07:18 INFO  UserLoginPage    - 🔐 Login successful
17:24:01 INFO  Utils            - [TestNG] Running:
  C:\Users\1064921\AppData\Local\JetBrains\IntelliJIdea2026.1\temp-testng-customsuite.xml

17:24:04 INFO  BaseTest         - 🌐 Chromium browser launched
17:26:38 INFO  Utils            - [TestNG] Running:
  C:\Users\1064921\AppData\Local\JetBrains\IntelliJIdea2026.1\temp-testng-customsuite.xml

17:26:41 INFO  BaseTest         - 🌐 Chromium browser launched
17:35:09 INFO  Utils            - [TestNG] Running:
  C:\Users\1064921\AppData\Local\JetBrains\IntelliJIdea2026.1\temp-testng-customsuite.xml

17:35:12 INFO  BaseTest         - 🌐 Chromium browser launched
17:38:04 INFO  Utils            - [TestNG] Running:
  C:\Users\1064921\AppData\Local\JetBrains\IntelliJIdea2026.1\temp-testng-customsuite.xml

17:38:08 INFO  BaseTest         - 🌐 Chromium browser launched
18:08:50 INFO  Utils            - [TestNG] Running:
  C:\Users\1064921\AppData\Local\JetBrains\IntelliJIdea2026.1\temp-testng-customsuite.xml

18:08:54 INFO  BaseTest         - 🌐 Chromium browser launched
18:09:54 INFO  Utils            - [TestNG] Running:
  C:\Users\1064921\AppData\Local\JetBrains\IntelliJIdea2026.1\temp-testng-customsuite.xml

18:09:57 INFO  BaseTest         - 🌐 Chromium browser launched
18:10:01 INFO  UserLoginPage    - 👤 Entered valid username
18:10:02 INFO  UserLoginPage    - 🔒 Entered valid password
18:10:03 INFO  UserLoginPage    - 🖱️ Clicked Login button with valid credentials
18:10:03 INFO  UserLoginPage    - 🔐 Login successful
18:23:24 INFO  Utils            - [TestNG] Running:
  C:\Users\1064921\IdeaProjects\Swag_Labs_Playwright\testngnew.xml

18:23:27 INFO  BaseTest         - 🌐 Chromium browser launched
18:23:31 INFO  UserLoginPage    - 👤 Entered locked user username
18:23:32 INFO  UserLoginPage    - 🔒 Entered password
18:23:33 INFO  UserLoginPage    - 🖱️ Clicked Login button with Locked credentials
18:23:34 INFO  UserLoginPage    - ❌ Entered invalid username
18:23:35 INFO  UserLoginPage    - 🔒 Entered password 
18:23:36 INFO  UserLoginPage    - 🖱️ Clicked Login button with invalid credentials
18:23:37 INFO  UserLoginPage    - 👤 Entered valid username
18:23:38 INFO  UserLoginPage    - 🔒 Entered valid password
18:23:39 INFO  UserLoginPage    - 🖱️ Clicked Login button with valid credentials
18:23:39 INFO  UserLoginPage    - 🔐 Login successful
18:23:39 INFO  InventoryPage    - 🔍 Inventory page verification passed. Page title: Products
18:23:40 INFO  InventoryPage    - 🛒 Sauce Labs Backpack Product added to cart
18:23:41 INFO  InventoryPage    - 🛒 Sauce Labs Bike Light Product added to cart
18:23:42 INFO  InventoryPage    - 🛒 Removed product from cart: Sauce Labs Bike Light
18:23:44 INFO  InventoryPage    - Sorted Products to Price (low to high) 
18:23:45 INFO  InventoryPage    - Product Name : Sauce Labs Backpack
18:23:45 INFO  InventoryPage    - Product Price : $29.99
18:23:45 INFO  InventoryPage    - Product Description : carry.allTheThings() with the sleek, streamlined Sly Pack that melds uncompromising style with unequaled laptop and tablet protection.
18:23:48 INFO  CartPage         - 🛍️ Opened Product Cart
18:23:48 INFO  CartPage         - 🛒 Product is added in cart : Sauce Labs Backpack
18:23:49 INFO  CartPage         - 💳 Opened Checkout Page
18:23:49 ERROR Checkout_YourInformationPage  - 🏷️ Page Title : Checkout: Your Information
18:23:50 INFO  Checkout_YourInformationPage  - ❌ Error Message is displayed  : Error: First Name is required
18:23:53 INFO  Checkout_YourInformationPage  - 📝 Entered First Name on Information Page: John
18:23:55 INFO  Checkout_YourInformationPage  - 📝 Entered Last Name on Information Page: Test
18:23:57 INFO  Checkout_YourInformationPage  - 📮 Entered ZIP/Postal Code on Information Page: 123456
18:23:58 INFO  Checkout_YourInformationPage  - ▶️ Clicked on Continue Button
18:23:58 INFO  Checkout_OverviewPage  - 🏷️ Page Title  : Checkout: Overview
18:23:58 INFO  Checkout_OverviewPage  - ☑️ Product Verified
18:23:58 INFO  Checkout_OverviewPage  - ☑️ Payment Verified
18:23:59 INFO  Checkout_CompletePage  - 🏷️ Page Title  : Checkout: Complete!
18:23:59 INFO  Checkout_CompletePage  - ✅ Order Placed Successfully : Thank you for your order!
18:23:59 INFO  Checkout_CompletePage  - 📦 Order Information: Your order has been dispatched, and will arrive just as fast as the pony can get there!
18:27:40 INFO  Utils            - [TestNG] Running:
  C:\Users\1064921\IdeaProjects\Swag_Labs_Playwright\testngnew.xml

18:27:44 INFO  BaseTest         - 🌐 Chromium browser launched
18:27:48 INFO  UserLoginPage    - 👤 Entered locked user username
18:27:49 INFO  UserLoginPage    - 🔒 Entered password
18:27:50 INFO  UserLoginPage    - 🖱️ Clicked Login button with Locked credentials
18:27:51 INFO  UserLoginPage    - ❌ Entered invalid username
18:27:52 INFO  UserLoginPage    - 🔒 Entered password 
18:27:53 INFO  UserLoginPage    - 🖱️ Clicked Login button with invalid credentials
18:27:54 INFO  UserLoginPage    - 👤 Entered valid username
18:27:55 INFO  UserLoginPage    - 🔒 Entered valid password
18:27:56 INFO  UserLoginPage    - 🖱️ Clicked Login button with valid credentials
18:27:56 INFO  UserLoginPage    - 🔐 Login successful
18:27:56 INFO  InventoryPage    - 🔍 Inventory page verification passed. Page title: Products
18:27:57 INFO  InventoryPage    - 🛒 Sauce Labs Backpack Product added to cart
18:27:58 INFO  InventoryPage    - 🛒 Sauce Labs Bike Light Product added to cart
18:27:59 INFO  InventoryPage    - 🛒 Removed product from cart: Sauce Labs Bike Light
18:28:01 INFO  InventoryPage    - Sorted Products to Price (low to high) 
18:28:02 INFO  InventoryPage    - Product Name : Sauce Labs Backpack
18:28:02 INFO  InventoryPage    - Product Price : $29.99
18:28:02 INFO  InventoryPage    - Product Description : carry.allTheThings() with the sleek, streamlined Sly Pack that melds uncompromising style with unequaled laptop and tablet protection.
18:28:04 INFO  CartPage         - 🛍️ Opened Product Cart
18:28:04 INFO  CartPage         - 🛒 Product is added in cart : Sauce Labs Backpack
18:28:05 INFO  CartPage         - 💳 Opened Checkout Page
18:28:05 ERROR Checkout_YourInformationPage  - 🏷️ Page Title : Checkout: Your Information
18:28:06 INFO  Checkout_YourInformationPage  - ❌ Error Message is displayed  : Error: First Name is required
18:28:09 INFO  Checkout_YourInformationPage  - 📝 Entered First Name on Information Page: John
18:28:12 INFO  Checkout_YourInformationPage  - 📝 Entered Last Name on Information Page: Test
18:28:14 INFO  Checkout_YourInformationPage  - 📮 Entered ZIP/Postal Code on Information Page: 123456
18:28:15 INFO  Checkout_YourInformationPage  - ▶️ Clicked on Continue Button
18:28:15 INFO  Checkout_OverviewPage  - 🏷️ Page Title  : Checkout: Overview
18:28:15 INFO  Checkout_OverviewPage  - ☑️ Product Verified
18:28:15 INFO  Checkout_OverviewPage  - ☑️ Payment Verified
18:28:16 INFO  Checkout_CompletePage  - 🏷️ Page Title  : Checkout: Complete!
18:28:16 INFO  Checkout_CompletePage  - ✅ Order Placed Successfully : Thank you for your order!
18:28:16 INFO  Checkout_CompletePage  - 📦 Order Information: Your order has been dispatched, and will arrive just as fast as the pony can get there!
18:29:47 INFO  Utils            - [TestNG] Running:
  C:\Users\1064921\AppData\Local\JetBrains\IntelliJIdea2026.1\temp-testng-customsuite.xml

18:29:51 INFO  BaseTest         - 🌐 Chromium browser launched
