26-07-2026 02:05:28 pm INFO  Utils           - [TestNG] Running:
  C:\Users\1064921\AppData\Local\JetBrains\IntelliJIdea2026.2\temp-testng-customsuite.xml

26-07-2026 02:05:35 pm INFO  BaseTest        - 🌐 Chromium browser launched
26-07-2026 02:05:38 pm INFO  UserLoginPage   - 👤 Entered locked user username
26-07-2026 02:05:40 pm INFO  UserLoginPage   - 🔒 Entered password
26-07-2026 02:05:41 pm INFO  UserLoginPage   - 🖱️ Clicked Login button with Locked credentials
26-07-2026 02:18:56 pm INFO  Utils           - [TestNG] Running:
  C:\Users\1064921\AppData\Local\JetBrains\IntelliJIdea2026.2\temp-testng-customsuite.xml

26-07-2026 02:19:03 pm INFO  BaseTest        - 🌐 Chromium browser launched
26-07-2026 02:19:06 pm INFO  UserLoginPage   - 👤 Entered locked user username
26-07-2026 02:19:07 pm INFO  UserLoginPage   - 🔒 Entered password
26-07-2026 02:19:08 pm INFO  UserLoginPage   - 🖱️ Clicked Login button with Locked credentials
26-07-2026 04:51:20 pm INFO  Utils           - [TestNG] Running:
  C:\Users\1064921\AppData\Local\JetBrains\IntelliJIdea2026.2\temp-testng-customsuite.xml

26-07-2026 04:51:27 pm INFO  BaseTest        - 🌐 Chromium browser launched
26-07-2026 04:51:30 pm INFO  UserLoginPage   - 👤 Entered locked user username
26-07-2026 04:51:31 pm INFO  UserLoginPage   - 🔒 Entered password
26-07-2026 04:51:33 pm INFO  UserLoginPage   - 🖱️ Clicked Login button with Locked credentials
26-07-2026 04:51:35 pm INFO  UserLoginPage   - ❌ Entered invalid username
26-07-2026 04:51:36 pm INFO  UserLoginPage   - 🔒 Entered password 
26-07-2026 04:51:37 pm INFO  UserLoginPage   - 🖱️ Clicked Login button with invalid credentials
26-07-2026 04:51:38 pm INFO  UserLoginPage   - 👤 Entered valid username
26-07-2026 04:51:39 pm INFO  UserLoginPage   - 🔒 Entered valid password
26-07-2026 04:51:41 pm INFO  UserLoginPage   - 🖱️ Clicked Login button with valid credentials
26-07-2026 04:59:43 pm INFO  Utils           - [TestNG] Running:
  C:\Users\1064921\AppData\Local\JetBrains\IntelliJIdea2026.2\temp-testng-customsuite.xml

26-07-2026 04:59:49 pm INFO  BaseTest        - 🌐 Chromium browser launched
26-07-2026 04:59:53 pm INFO  UserLoginPage   - 👤 Entered locked user username
26-07-2026 04:59:54 pm INFO  UserLoginPage   - 🔒 Entered password
26-07-2026 04:59:55 pm INFO  UserLoginPage   - 🖱️ Clicked Login button with Locked credentials
26-07-2026 04:59:57 pm INFO  UserLoginPage   - ❌ Entered invalid username
26-07-2026 04:59:58 pm INFO  UserLoginPage   - 🔒 Entered password 
26-07-2026 04:59:59 pm INFO  UserLoginPage   - 🖱️ Clicked Login button with invalid credentials
26-07-2026 05:00:00 pm INFO  UserLoginPage   - 👤 Entered valid username
26-07-2026 05:00:02 pm INFO  UserLoginPage   - 🔒 Entered valid password
26-07-2026 05:00:03 pm INFO  UserLoginPage   - 🖱️ Clicked Login button with valid credentials
26-07-2026 05:02:01 pm INFO  Utils           - [TestNG] Running:
  C:\Users\1064921\AppData\Local\JetBrains\IntelliJIdea2026.2\temp-testng-customsuite.xml

26-07-2026 05:02:07 pm INFO  BaseTest        - 🌐 Chromium browser launched
26-07-2026 05:02:11 pm INFO  UserLoginPage   - 👤 Entered locked user username
26-07-2026 05:02:12 pm INFO  UserLoginPage   - 🔒 Entered password
26-07-2026 05:02:13 pm INFO  UserLoginPage   - 🖱️ Clicked Login button with Locked credentials
26-07-2026 05:02:15 pm INFO  UserLoginPage   - ❌ Entered invalid username
26-07-2026 05:02:16 pm INFO  UserLoginPage   - 🔒 Entered password 
26-07-2026 05:02:17 pm INFO  UserLoginPage   - 🖱️ Clicked Login button with invalid credentials
26-07-2026 05:02:19 pm INFO  UserLoginPage   - 👤 Entered valid username
26-07-2026 05:02:20 pm INFO  UserLoginPage   - 🔒 Entered valid password
26-07-2026 05:02:21 pm INFO  UserLoginPage   - 🖱️ Clicked Login button with valid credentials
26-07-2026 05:05:01 pm INFO  Utils           - [TestNG] Running:
  C:\Users\1064921\AppData\Local\JetBrains\IntelliJIdea2026.2\temp-testng-customsuite.xml

26-07-2026 05:05:07 pm INFO  BaseTest        - 🌐 Chromium browser launched
26-07-2026 05:05:11 pm INFO  UserLoginPage   - 👤 Entered locked user username
26-07-2026 05:05:12 pm INFO  UserLoginPage   - 🔒 Entered password
26-07-2026 05:05:13 pm INFO  UserLoginPage   - 🖱️ Clicked Login button with Locked credentials
26-07-2026 05:05:15 pm INFO  UserLoginPage   - ❌ Entered invalid username
26-07-2026 05:05:16 pm INFO  UserLoginPage   - 🔒 Entered password 
26-07-2026 05:05:17 pm INFO  UserLoginPage   - 🖱️ Clicked Login button with invalid credentials
26-07-2026 05:05:19 pm INFO  UserLoginPage   - 👤 Entered valid username
26-07-2026 05:05:20 pm INFO  UserLoginPage   - 🔒 Entered valid password
26-07-2026 05:05:21 pm INFO  UserLoginPage   - 🖱️ Clicked Login button with valid credentials
26-07-2026 05:18:13 pm INFO  Utils           - [TestNG] Running:
  C:\Users\1064921\AppData\Local\JetBrains\IntelliJIdea2026.2\temp-testng-customsuite.xml

26-07-2026 05:18:20 pm INFO  BaseTest        - 🌐 Chromium browser launched
26-07-2026 05:18:23 pm INFO  UserLoginPage   - 👤 Entered locked user username
26-07-2026 05:18:24 pm INFO  UserLoginPage   - 🔒 Entered password
26-07-2026 05:18:25 pm INFO  UserLoginPage   - 🖱️ Clicked Login button with Locked credentials
26-07-2026 05:18:27 pm INFO  UserLoginPage   - ❌ Entered invalid username
26-07-2026 05:18:28 pm INFO  UserLoginPage   - 🔒 Entered password 
26-07-2026 05:18:29 pm INFO  UserLoginPage   - 🖱️ Clicked Login button with invalid credentials
26-07-2026 05:18:31 pm INFO  UserLoginPage   - 👤 Entered valid username
26-07-2026 05:18:32 pm INFO  UserLoginPage   - 🔒 Entered valid password
26-07-2026 05:18:33 pm INFO  UserLoginPage   - 🖱️ Clicked Login button with valid credentials
26-07-2026 05:19:55 pm INFO  Utils           - [TestNG] Running:
  C:\Users\1064921\AppData\Local\JetBrains\IntelliJIdea2026.2\temp-testng-customsuite.xml

26-07-2026 05:20:01 pm INFO  BaseTest        - 🌐 Chromium browser launched
26-07-2026 05:20:05 pm INFO  UserLoginPage   - 👤 Entered locked user username
26-07-2026 05:20:06 pm INFO  UserLoginPage   - 🔒 Entered password
26-07-2026 05:20:07 pm INFO  UserLoginPage   - 🖱️ Clicked Login button with Locked credentials
26-07-2026 05:20:09 pm INFO  UserLoginPage   - ❌ Entered invalid username
26-07-2026 05:20:10 pm INFO  UserLoginPage   - 🔒 Entered password 
26-07-2026 05:20:11 pm INFO  UserLoginPage   - 🖱️ Clicked Login button with invalid credentials
26-07-2026 05:20:13 pm INFO  UserLoginPage   - 👤 Entered valid username
26-07-2026 05:20:14 pm INFO  UserLoginPage   - 🔒 Entered valid password
26-07-2026 05:20:15 pm INFO  UserLoginPage   - 🖱️ Clicked Login button with valid credentials
