23-07-2026 12:02:22 pm INFO  Utils           - [TestNG] Running:
  C:\Users\1064921\IdeaProjects\Swag_Labs_Playwright\src\test\resources\Test_Runner\smoke-testng.xml

23-07-2026 12:02:27 pm INFO  BaseTest        - 🌐 Chromium browser launched
23-07-2026 12:13:21 pm INFO  Utils           - [TestNG] Running:
  C:\Users\1064921\IdeaProjects\Swag_Labs_Playwright\src\test\resources\Test_Runner\smoke-testng.xml

23-07-2026 12:13:26 pm INFO  BaseTest        - 🌐 Chromium browser launched
23-07-2026 12:13:29 pm INFO  UserLoginPage   - 👤 Entered locked user username
23-07-2026 12:13:30 pm INFO  UserLoginPage   - 🔒 Entered password
23-07-2026 12:13:31 pm INFO  UserLoginPage   - 🖱️ Clicked Login button with Locked credentials
23-07-2026 12:13:33 pm INFO  UserLoginPage   - ❌ Entered invalid username
23-07-2026 12:13:34 pm INFO  UserLoginPage   - 🔒 Entered password 
23-07-2026 12:13:35 pm INFO  UserLoginPage   - 🖱️ Clicked Login button with invalid credentials
23-07-2026 12:13:36 pm INFO  UserLoginPage   - 👤 Entered valid username
23-07-2026 12:13:37 pm INFO  UserLoginPage   - 🔒 Entered valid password
23-07-2026 12:13:38 pm INFO  UserLoginPage   - 🖱️ Clicked Login button with valid credentials
23-07-2026 12:13:39 pm INFO  InventoryPage   - Sauce Labs Backpack product added to cart
23-07-2026 12:13:40 pm INFO  InventoryPage   - Sauce Labs Bike Light product added to cart
23-07-2026 12:13:41 pm INFO  InventoryPage   - Removed product from cart: Sauce Labs Bike Light
23-07-2026 12:13:42 pm INFO  InventoryPage   - Product Name: Sauce Labs Backpack
23-07-2026 12:13:42 pm INFO  InventoryPage   - Product Price: $29.99
23-07-2026 12:13:42 pm INFO  InventoryPage   - Product Description: carry.allTheThings() with the sleek, streamlined Sly Pack that melds uncompromising style with unequaled laptop and tablet protection.
23-07-2026 12:13:44 pm INFO  InventoryPage   - Sorted products by price (low to high)
23-07-2026 12:13:45 pm INFO  InventoryPage   - Opened Product Cart
23-07-2026 12:13:46 pm INFO  CartPage        - 🛍️ Opened Product Cart
23-07-2026 12:13:47 pm INFO  CartPage        - 💳 Opened Checkout Page
23-07-2026 12:13:50 pm INFO  Checkout_YourInformationPage - Entered First Name on Information Page: John
23-07-2026 12:13:53 pm INFO  Checkout_YourInformationPage - Entered Last Name on Information Page: Test
23-07-2026 12:13:55 pm INFO  Checkout_YourInformationPage - Entered ZIP/Postal Code on Information Page: 123456
23-07-2026 12:13:56 pm INFO  Checkout_YourInformationPage - Clicked on Continue Button
23-07-2026 12:24:12 pm INFO  Utils           - [TestNG] Running:
  C:\Users\1064921\IdeaProjects\Swag_Labs_Playwright\src\test\resources\Test_Runner\smoke-testng.xml

23-07-2026 12:24:16 pm INFO  BaseTest        - 🌐 Chromium browser launched
23-07-2026 12:24:19 pm INFO  UserLoginPage   - 👤 Entered locked user username
23-07-2026 12:24:20 pm INFO  UserLoginPage   - 🔒 Entered password
23-07-2026 12:24:21 pm INFO  UserLoginPage   - 🖱️ Clicked Login button with Locked credentials
23-07-2026 12:24:22 pm INFO  UserLoginPage   - ❌ Entered invalid username
23-07-2026 12:24:23 pm INFO  UserLoginPage   - 🔒 Entered password 
23-07-2026 12:24:24 pm INFO  UserLoginPage   - 🖱️ Clicked Login button with invalid credentials
23-07-2026 12:24:25 pm INFO  UserLoginPage   - 👤 Entered valid username
23-07-2026 12:24:27 pm INFO  UserLoginPage   - 🔒 Entered valid password
23-07-2026 12:24:28 pm INFO  UserLoginPage   - 🖱️ Clicked Login button with valid credentials
23-07-2026 12:24:29 pm INFO  InventoryPage   - Sauce Labs Backpack product added to cart
23-07-2026 12:24:30 pm INFO  InventoryPage   - Sauce Labs Bike Light product added to cart
23-07-2026 12:24:31 pm INFO  InventoryPage   - Removed product from cart: Sauce Labs Bike Light
23-07-2026 12:24:32 pm INFO  InventoryPage   - Product Name: Sauce Labs Backpack
23-07-2026 12:24:32 pm INFO  InventoryPage   - Product Price: $29.99
23-07-2026 12:24:32 pm INFO  InventoryPage   - Product Description: carry.allTheThings() with the sleek, streamlined Sly Pack that melds uncompromising style with unequaled laptop and tablet protection.
23-07-2026 12:24:34 pm INFO  InventoryPage   - Sorted products by price (low to high)
23-07-2026 12:24:35 pm INFO  InventoryPage   - Opened Product Cart
23-07-2026 12:24:36 pm INFO  CartPage        - 🛍️ Opened Product Cart
23-07-2026 12:24:37 pm INFO  CartPage        - 💳 Opened Checkout Page
23-07-2026 12:24:40 pm INFO  Checkout_YourInformationPage - Entered First Name on Information Page: John
23-07-2026 12:24:42 pm INFO  Checkout_YourInformationPage - Entered Last Name on Information Page: Test
23-07-2026 12:24:45 pm INFO  Checkout_YourInformationPage - Entered ZIP/Postal Code on Information Page: 123456
23-07-2026 12:24:46 pm INFO  Checkout_YourInformationPage - Clicked on Continue Button
23-07-2026 12:24:46 pm INFO  Checkout_OverviewPage - Product Verified
23-07-2026 12:24:46 pm INFO  Checkout_OverviewPage - Payment Info Label Verified
23-07-2026 12:24:47 pm INFO  Checkout_CompletePage - Order Placed Successfully : Thank you for your order!
23-07-2026 01:07:05 pm INFO  Utils           - [TestNG] Running:
  C:\Users\1064921\IdeaProjects\Swag_Labs_Playwright\textng_Suit.xml

23-07-2026 01:07:09 pm INFO  BaseTest        - 🌐 Chromium browser launched
23-07-2026 01:07:12 pm INFO  UserLoginPage   - 👤 Entered locked user username
23-07-2026 01:07:13 pm INFO  UserLoginPage   - 🔒 Entered password
23-07-2026 01:07:15 pm INFO  UserLoginPage   - 🖱️ Clicked Login button with Locked credentials
23-07-2026 01:07:16 pm INFO  UserLoginPage   - ❌ Entered invalid username
23-07-2026 01:07:17 pm INFO  UserLoginPage   - 🔒 Entered password 
23-07-2026 01:07:18 pm INFO  UserLoginPage   - 🖱️ Clicked Login button with invalid credentials
23-07-2026 01:07:19 pm INFO  UserLoginPage   - 👤 Entered valid username
23-07-2026 01:07:20 pm INFO  UserLoginPage   - 🔒 Entered valid password
23-07-2026 01:07:21 pm INFO  UserLoginPage   - 🖱️ Clicked Login button with valid credentials
23-07-2026 01:07:22 pm INFO  InventoryPage   - Sauce Labs Backpack product added to cart
23-07-2026 01:07:23 pm INFO  InventoryPage   - Sauce Labs Bike Light product added to cart
23-07-2026 01:07:24 pm INFO  InventoryPage   - Removed product from cart: Sauce Labs Bike Light
23-07-2026 01:07:26 pm INFO  InventoryPage   - Product Name: Sauce Labs Backpack
23-07-2026 01:07:26 pm INFO  InventoryPage   - Product Price: $29.99
23-07-2026 01:07:26 pm INFO  InventoryPage   - Product Description: carry.allTheThings() with the sleek, streamlined Sly Pack that melds uncompromising style with unequaled laptop and tablet protection.
23-07-2026 01:07:28 pm INFO  InventoryPage   - Sorted products by price (low to high)
23-07-2026 01:07:29 pm INFO  InventoryPage   - Opened Product Cart
23-07-2026 01:07:30 pm INFO  CartPage        - 🛍️ Opened Product Cart
23-07-2026 01:07:31 pm INFO  CartPage        - 💳 Opened Checkout Page
23-07-2026 01:07:34 pm INFO  Checkout_YourInformationPage - Entered First Name on Information Page: John
23-07-2026 01:07:36 pm INFO  Checkout_YourInformationPage - Entered Last Name on Information Page: Test
23-07-2026 01:07:38 pm INFO  Checkout_YourInformationPage - Entered ZIP/Postal Code on Information Page: 123456
23-07-2026 01:07:39 pm INFO  Checkout_YourInformationPage - Clicked on Continue Button
23-07-2026 01:07:39 pm INFO  Checkout_OverviewPage - Product Verified
23-07-2026 01:07:39 pm INFO  Checkout_OverviewPage - Payment Info Label Verified
23-07-2026 01:07:41 pm INFO  Checkout_CompletePage - Order Placed Successfully : Thank you for your order!
23-07-2026 01:12:40 pm INFO  Utils           - [TestNG] Running:
  C:\Users\1064921\IdeaProjects\Swag_Labs_Playwright\textng_Suit.xml

23-07-2026 01:12:45 pm INFO  BaseTest        - 🌐 Chromium browser launched
23-07-2026 01:12:48 pm INFO  UserLoginPage   - 👤 Entered locked user username
23-07-2026 01:12:49 pm INFO  UserLoginPage   - 🔒 Entered password
23-07-2026 01:12:50 pm INFO  UserLoginPage   - 🖱️ Clicked Login button with Locked credentials
23-07-2026 01:12:51 pm INFO  UserLoginPage   - ❌ Entered invalid username
23-07-2026 01:12:52 pm INFO  UserLoginPage   - 🔒 Entered password 
23-07-2026 01:12:53 pm INFO  UserLoginPage   - 🖱️ Clicked Login button with invalid credentials
23-07-2026 01:12:54 pm INFO  UserLoginPage   - 👤 Entered valid username
23-07-2026 01:12:55 pm INFO  UserLoginPage   - 🔒 Entered valid password
23-07-2026 01:12:56 pm INFO  UserLoginPage   - 🖱️ Clicked Login button with valid credentials
23-07-2026 01:13:58 pm INFO  Utils           - [TestNG] Running:
  C:\Users\1064921\IdeaProjects\Swag_Labs_Playwright\textng_Suit.xml

23-07-2026 01:14:02 pm INFO  BaseTest        - 🌐 Chromium browser launched
23-07-2026 01:14:05 pm INFO  UserLoginPage   - 👤 Entered locked user username
23-07-2026 01:14:06 pm INFO  UserLoginPage   - 🔒 Entered password
23-07-2026 01:14:07 pm INFO  UserLoginPage   - 🖱️ Clicked Login button with Locked credentials
23-07-2026 01:14:09 pm INFO  UserLoginPage   - ❌ Entered invalid username
23-07-2026 01:14:10 pm INFO  UserLoginPage   - 🔒 Entered password 
23-07-2026 01:14:11 pm INFO  UserLoginPage   - 🖱️ Clicked Login button with invalid credentials
23-07-2026 01:14:12 pm INFO  UserLoginPage   - 👤 Entered valid username
23-07-2026 01:14:13 pm INFO  UserLoginPage   - 🔒 Entered valid password
23-07-2026 01:14:14 pm INFO  UserLoginPage   - 🖱️ Clicked Login button with valid credentials
23-07-2026 01:14:50 pm INFO  Utils           - [TestNG] Running:
  C:\Users\1064921\IdeaProjects\Swag_Labs_Playwright\src\test\resources\Test_Runner\smoke-testng.xml

23-07-2026 01:14:54 pm INFO  BaseTest        - 🌐 Chromium browser launched
23-07-2026 01:14:57 pm INFO  UserLoginPage   - 👤 Entered locked user username
23-07-2026 01:14:58 pm INFO  UserLoginPage   - 🔒 Entered password
23-07-2026 01:14:59 pm INFO  UserLoginPage   - 🖱️ Clicked Login button with Locked credentials
23-07-2026 01:15:00 pm INFO  UserLoginPage   - ❌ Entered invalid username
23-07-2026 01:15:01 pm INFO  UserLoginPage   - 🔒 Entered password 
23-07-2026 01:15:02 pm INFO  UserLoginPage   - 🖱️ Clicked Login button with invalid credentials
23-07-2026 01:15:03 pm INFO  UserLoginPage   - 👤 Entered valid username
23-07-2026 01:15:04 pm INFO  UserLoginPage   - 🔒 Entered valid password
23-07-2026 01:15:06 pm INFO  UserLoginPage   - 🖱️ Clicked Login button with valid credentials
23-07-2026 01:17:58 pm INFO  Utils           - [TestNG] Running:
  C:\Users\1064921\IdeaProjects\Swag_Labs_Playwright\textng_Suit.xml

23-07-2026 01:18:02 pm INFO  BaseTest        - 🌐 Chromium browser launched
23-07-2026 01:18:05 pm INFO  UserLoginPage   - 👤 Entered locked user username
23-07-2026 01:18:06 pm INFO  UserLoginPage   - 🔒 Entered password
23-07-2026 01:18:07 pm INFO  UserLoginPage   - 🖱️ Clicked Login button with Locked credentials
23-07-2026 01:18:08 pm INFO  UserLoginPage   - ❌ Entered invalid username
23-07-2026 01:18:09 pm INFO  UserLoginPage   - 🔒 Entered password 
23-07-2026 01:18:10 pm INFO  UserLoginPage   - 🖱️ Clicked Login button with invalid credentials
23-07-2026 01:18:11 pm INFO  UserLoginPage   - 👤 Entered valid username
23-07-2026 01:18:12 pm INFO  UserLoginPage   - 🔒 Entered valid password
23-07-2026 01:18:14 pm INFO  UserLoginPage   - 🖱️ Clicked Login button with valid credentials
23-07-2026 01:18:15 pm INFO  InventoryPage   - Sauce Labs Backpack product added to cart
23-07-2026 01:18:16 pm INFO  InventoryPage   - Sauce Labs Bike Light product added to cart
23-07-2026 01:18:17 pm INFO  InventoryPage   - Removed product from cart: Sauce Labs Bike Light
23-07-2026 01:18:18 pm INFO  InventoryPage   - Product Name: Sauce Labs Backpack
23-07-2026 01:18:18 pm INFO  InventoryPage   - Product Price: $29.99
23-07-2026 01:18:18 pm INFO  InventoryPage   - Product Description: carry.allTheThings() with the sleek, streamlined Sly Pack that melds uncompromising style with unequaled laptop and tablet protection.
23-07-2026 01:18:20 pm INFO  InventoryPage   - Sorted products by price (low to high)
23-07-2026 01:18:21 pm INFO  InventoryPage   - Opened Product Cart
23-07-2026 01:18:22 pm INFO  CartPage        - 🛍️ Opened Product Cart
23-07-2026 01:18:23 pm INFO  CartPage        - 💳 Opened Checkout Page
23-07-2026 01:18:26 pm INFO  Checkout_YourInformationPage - Entered First Name on Information Page: John
23-07-2026 01:18:28 pm INFO  Checkout_YourInformationPage - Entered Last Name on Information Page: Test
23-07-2026 01:18:30 pm INFO  Checkout_YourInformationPage - Entered ZIP/Postal Code on Information Page: 123456
23-07-2026 01:18:31 pm INFO  Checkout_YourInformationPage - Clicked on Continue Button
23-07-2026 01:18:31 pm INFO  Checkout_OverviewPage - Product Verified
23-07-2026 01:18:32 pm INFO  Checkout_OverviewPage - Payment Info Label Verified
23-07-2026 01:18:33 pm INFO  Checkout_CompletePage - Order Placed Successfully : Thank you for your order!
23-07-2026 01:20:13 pm INFO  Utils           - [TestNG] Running:
  C:\Users\1064921\IdeaProjects\Swag_Labs_Playwright\textng_Suit.xml

23-07-2026 01:20:17 pm INFO  BaseTest        - 🌐 Chromium browser launched
23-07-2026 01:20:20 pm INFO  UserLoginPage   - 👤 Entered locked user username
23-07-2026 01:20:21 pm INFO  UserLoginPage   - 🔒 Entered password
23-07-2026 01:20:22 pm INFO  UserLoginPage   - 🖱️ Clicked Login button with Locked credentials
23-07-2026 01:20:23 pm INFO  UserLoginPage   - ❌ Entered invalid username
23-07-2026 01:20:24 pm INFO  UserLoginPage   - 🔒 Entered password 
23-07-2026 01:20:26 pm INFO  UserLoginPage   - 🖱️ Clicked Login button with invalid credentials
23-07-2026 01:20:27 pm INFO  UserLoginPage   - 👤 Entered valid username
23-07-2026 01:20:28 pm INFO  UserLoginPage   - 🔒 Entered valid password
23-07-2026 01:20:29 pm INFO  UserLoginPage   - 🖱️ Clicked Login button with valid credentials
23-07-2026 01:20:30 pm INFO  InventoryPage   - Sauce Labs Backpack product added to cart
23-07-2026 01:20:31 pm INFO  InventoryPage   - Sauce Labs Bike Light product added to cart
23-07-2026 01:20:32 pm INFO  InventoryPage   - Removed product from cart: Sauce Labs Bike Light
23-07-2026 01:20:33 pm INFO  InventoryPage   - Product Name: Sauce Labs Backpack
23-07-2026 01:20:33 pm INFO  InventoryPage   - Product Price: $29.99
23-07-2026 01:20:33 pm INFO  InventoryPage   - Product Description: carry.allTheThings() with the sleek, streamlined Sly Pack that melds uncompromising style with unequaled laptop and tablet protection.
23-07-2026 01:20:35 pm INFO  InventoryPage   - Sorted products by price (low to high)
23-07-2026 01:20:36 pm INFO  InventoryPage   - Opened Product Cart
23-07-2026 01:21:10 pm INFO  Utils           - [TestNG] Running:
  C:\Users\1064921\IdeaProjects\Swag_Labs_Playwright\textng_Suit.xml

23-07-2026 01:21:15 pm INFO  BaseTest        - 🌐 Chromium browser launched
23-07-2026 01:21:23 pm INFO  InventoryPage   - Sauce Labs Backpack product added to cart
23-07-2026 01:21:25 pm INFO  InventoryPage   - Sauce Labs Bike Light product added to cart
23-07-2026 01:21:26 pm INFO  InventoryPage   - Removed product from cart: Sauce Labs Bike Light
23-07-2026 01:21:27 pm INFO  InventoryPage   - Product Name: Sauce Labs Backpack
23-07-2026 01:21:27 pm INFO  InventoryPage   - Product Price: $29.99
23-07-2026 01:21:27 pm INFO  InventoryPage   - Product Description: carry.allTheThings() with the sleek, streamlined Sly Pack that melds uncompromising style with unequaled laptop and tablet protection.
23-07-2026 01:21:29 pm INFO  InventoryPage   - Sorted products by price (low to high)
23-07-2026 01:21:30 pm INFO  InventoryPage   - Opened Product Cart
23-07-2026 01:24:10 pm INFO  Utils           - [TestNG] Running:
  C:\Users\1064921\IdeaProjects\Swag_Labs_Playwright\textng_Suit.xml

23-07-2026 01:24:14 pm INFO  BaseTest        - 🌐 Chromium browser launched
23-07-2026 01:24:17 pm INFO  UserLoginPage   - 👤 Entered locked user username
23-07-2026 01:24:18 pm INFO  UserLoginPage   - 🔒 Entered password
23-07-2026 01:24:19 pm INFO  UserLoginPage   - 🖱️ Clicked Login button with Locked credentials
23-07-2026 01:24:20 pm INFO  UserLoginPage   - ❌ Entered invalid username
23-07-2026 01:24:21 pm INFO  UserLoginPage   - 🔒 Entered password 
23-07-2026 01:24:22 pm INFO  UserLoginPage   - 🖱️ Clicked Login button with invalid credentials
23-07-2026 01:24:23 pm INFO  UserLoginPage   - 👤 Entered valid username
23-07-2026 01:24:24 pm INFO  UserLoginPage   - 🔒 Entered valid password
23-07-2026 01:24:26 pm INFO  UserLoginPage   - 🖱️ Clicked Login button with valid credentials
23-07-2026 01:25:18 pm INFO  Utils           - [TestNG] Running:
  C:\Users\1064921\IdeaProjects\Swag_Labs_Playwright\textng_Suit.xml

23-07-2026 01:25:22 pm INFO  BaseTest        - 🌐 Chromium browser launched
23-07-2026 01:25:25 pm INFO  UserLoginPage   - 👤 Entered locked user username
23-07-2026 01:25:26 pm INFO  UserLoginPage   - 🔒 Entered password
23-07-2026 01:25:27 pm INFO  UserLoginPage   - 🖱️ Clicked Login button with Locked credentials
23-07-2026 01:25:29 pm INFO  UserLoginPage   - ❌ Entered invalid username
23-07-2026 01:25:30 pm INFO  UserLoginPage   - 🔒 Entered password 
23-07-2026 01:25:31 pm INFO  UserLoginPage   - 🖱️ Clicked Login button with invalid credentials
23-07-2026 01:25:32 pm INFO  UserLoginPage   - 👤 Entered valid username
23-07-2026 01:25:33 pm INFO  UserLoginPage   - 🔒 Entered valid password
23-07-2026 01:25:34 pm INFO  UserLoginPage   - 🖱️ Clicked Login button with valid credentials
23-07-2026 01:25:35 pm INFO  InventoryPage   - Sauce Labs Backpack product added to cart
23-07-2026 01:25:36 pm INFO  InventoryPage   - Sauce Labs Bike Light product added to cart
23-07-2026 01:25:37 pm INFO  InventoryPage   - Removed product from cart: Sauce Labs Bike Light
23-07-2026 01:25:38 pm INFO  InventoryPage   - Product Name: Sauce Labs Backpack
23-07-2026 01:25:38 pm INFO  InventoryPage   - Product Price: $29.99
23-07-2026 01:25:38 pm INFO  InventoryPage   - Product Description: carry.allTheThings() with the sleek, streamlined Sly Pack that melds uncompromising style with unequaled laptop and tablet protection.
23-07-2026 01:25:40 pm INFO  InventoryPage   - Sorted products by price (low to high)
23-07-2026 01:25:41 pm INFO  InventoryPage   - Opened Product Cart
23-07-2026 01:30:41 pm INFO  Utils           - [TestNG] Running:
  C:\Users\1064921\IdeaProjects\Swag_Labs_Playwright\textng_Suit.xml

23-07-2026 01:30:45 pm INFO  BaseTest        - 🌐 Chromium browser launched
23-07-2026 01:30:49 pm INFO  UserLoginPage   - 👤 Entered locked user username
23-07-2026 01:30:50 pm INFO  UserLoginPage   - 🔒 Entered password
23-07-2026 01:30:51 pm INFO  UserLoginPage   - 🖱️ Clicked Login button with Locked credentials
23-07-2026 01:30:52 pm INFO  UserLoginPage   - ❌ Entered invalid username
23-07-2026 01:30:53 pm INFO  UserLoginPage   - 🔒 Entered password 
23-07-2026 01:30:54 pm INFO  UserLoginPage   - 🖱️ Clicked Login button with invalid credentials
23-07-2026 01:30:55 pm INFO  UserLoginPage   - 👤 Entered valid username
23-07-2026 01:30:56 pm INFO  UserLoginPage   - 🔒 Entered valid password
23-07-2026 01:30:57 pm INFO  UserLoginPage   - 🖱️ Clicked Login button with valid credentials
23-07-2026 01:30:58 pm INFO  InventoryPage   - Sauce Labs Backpack product added to cart
23-07-2026 01:30:59 pm INFO  InventoryPage   - Sauce Labs Bike Light product added to cart
23-07-2026 01:31:00 pm INFO  InventoryPage   - Removed product from cart: Sauce Labs Bike Light
23-07-2026 01:31:01 pm INFO  InventoryPage   - Product Name: Sauce Labs Backpack
23-07-2026 01:31:01 pm INFO  InventoryPage   - Product Price: $29.99
23-07-2026 01:31:01 pm INFO  InventoryPage   - Product Description: carry.allTheThings() with the sleek, streamlined Sly Pack that melds uncompromising style with unequaled laptop and tablet protection.
23-07-2026 01:31:03 pm INFO  InventoryPage   - Sorted products by price (low to high)
23-07-2026 01:31:05 pm INFO  InventoryPage   - Opened Product Cart
23-07-2026 01:31:06 pm INFO  CartPage        - 🛍️ Opened Product Cart
23-07-2026 01:31:07 pm INFO  CartPage        - 💳 Opened Checkout Page
23-07-2026 01:31:10 pm INFO  Checkout_YourInformationPage - Entered First Name on Information Page: John
23-07-2026 01:31:12 pm INFO  Checkout_YourInformationPage - Entered Last Name on Information Page: Test
23-07-2026 01:31:14 pm INFO  Checkout_YourInformationPage - Entered ZIP/Postal Code on Information Page: 123456
23-07-2026 01:31:15 pm INFO  Checkout_YourInformationPage - Clicked on Continue Button
23-07-2026 01:31:15 pm INFO  Checkout_OverviewPage - Product Verified
23-07-2026 01:31:15 pm INFO  Checkout_OverviewPage - Payment Info Label Verified
23-07-2026 01:31:16 pm INFO  Checkout_CompletePage - Order Placed Successfully : Thank you for your order!
23-07-2026 03:04:35 pm INFO  Utils           - [TestNG] Running:
  C:\Users\1064921\IdeaProjects\Swag_Labs_Playwright\textng_Suit.xml

23-07-2026 03:04:40 pm INFO  BaseTest        - 🌐 Chromium browser launched
23-07-2026 03:04:43 pm INFO  UserLoginPage   - 👤 Entered locked user username
23-07-2026 03:04:44 pm INFO  UserLoginPage   - 🔒 Entered password
23-07-2026 03:04:45 pm INFO  UserLoginPage   - 🖱️ Clicked Login button with Locked credentials
23-07-2026 03:04:48 pm INFO  UserLoginPage   - ❌ Entered invalid username
23-07-2026 03:04:50 pm INFO  UserLoginPage   - 🔒 Entered password 
23-07-2026 03:04:51 pm INFO  UserLoginPage   - 🖱️ Clicked Login button with invalid credentials
23-07-2026 03:04:54 pm INFO  UserLoginPage   - 👤 Entered valid username
23-07-2026 03:04:55 pm INFO  UserLoginPage   - 🔒 Entered valid password
23-07-2026 03:04:56 pm INFO  UserLoginPage   - 🖱️ Clicked Login button with valid credentials
23-07-2026 03:05:01 pm INFO  InventoryPage   - Sauce Labs Backpack product added to cart
23-07-2026 03:05:02 pm INFO  InventoryPage   - Sauce Labs Bike Light product added to cart
23-07-2026 03:05:05 pm INFO  InventoryPage   - Removed product from cart: Sauce Labs Bike Light
23-07-2026 03:05:08 pm INFO  InventoryPage   - Product Name: Sauce Labs Backpack
23-07-2026 03:05:08 pm INFO  InventoryPage   - Product Price: $29.99
23-07-2026 03:05:08 pm INFO  InventoryPage   - Product Description: carry.allTheThings() with the sleek, streamlined Sly Pack that melds uncompromising style with unequaled laptop and tablet protection.
23-07-2026 03:05:12 pm INFO  InventoryPage   - Sorted products by price (low to high)
23-07-2026 03:05:13 pm INFO  InventoryPage   - Opened Product Cart
23-07-2026 03:05:17 pm INFO  CartPage        - 🛍️ Opened Product Cart
23-07-2026 03:05:20 pm INFO  CartPage        - 💳 Opened Checkout Page
23-07-2026 03:05:29 pm INFO  Checkout_YourInformationPage - Entered First Name on Information Page: John
23-07-2026 03:05:31 pm INFO  Checkout_YourInformationPage - Entered Last Name on Information Page: Test
23-07-2026 03:05:33 pm INFO  Checkout_YourInformationPage - Entered ZIP/Postal Code on Information Page: 123456
23-07-2026 03:05:34 pm INFO  Checkout_YourInformationPage - Clicked on Continue Button
23-07-2026 03:05:36 pm INFO  Checkout_OverviewPage - Product Verified
23-07-2026 03:05:36 pm INFO  Checkout_OverviewPage - Payment Info Label Verified
23-07-2026 03:05:41 pm INFO  Checkout_CompletePage - Order Placed Successfully : Thank you for your order!
23-07-2026 03:53:04 pm INFO  Utils           - [TestNG] Running:
  C:\Users\1064921\IdeaProjects\Swag_Labs_Playwright\src\test\resources\Test_Runner\smoke-testng.xml

23-07-2026 03:53:08 pm INFO  BaseTest        - 🌐 Chromium browser launched
23-07-2026 03:53:11 pm INFO  UserLoginPage   - 👤 Entered locked user username
23-07-2026 03:53:12 pm INFO  UserLoginPage   - 🔒 Entered password
23-07-2026 03:53:13 pm INFO  UserLoginPage   - 🖱️ Clicked Login button with Locked credentials
23-07-2026 04:56:39 pm INFO  Utils           - [TestNG] Running:
  C:\Users\1064921\IdeaProjects\Swag_Labs_Playwright\src\test\resources\Test_Runner\smoke-testng.xml

23-07-2026 04:56:44 pm INFO  BaseTest        - 🌐 Chromium browser launched
23-07-2026 04:56:47 pm INFO  UserLoginPage   - 👤 Entered locked user username
23-07-2026 04:56:48 pm INFO  UserLoginPage   - 🔒 Entered password
23-07-2026 04:56:49 pm INFO  UserLoginPage   - 🖱️ Clicked Login button with Locked credentials
23-07-2026 05:10:33 pm INFO  Utils           - [TestNG] Running:
  C:\Users\1064921\IdeaProjects\Swag_Labs_Playwright\src\test\resources\Test_Runner\smoke-testng.xml

23-07-2026 05:10:37 pm INFO  BaseTest        - 🌐 Chromium browser launched
23-07-2026 05:10:41 pm INFO  UserLoginPage   - 👤 Entered locked user username
23-07-2026 05:10:42 pm INFO  UserLoginPage   - 🔒 Entered password
23-07-2026 05:10:43 pm INFO  UserLoginPage   - 🖱️ Clicked Login button with Locked credentials
23-07-2026 05:17:13 pm INFO  Utils           - [TestNG] Running:
  C:\Users\1064921\IdeaProjects\Swag_Labs_Playwright\src\test\resources\Test_Runner\smoke-testng.xml

23-07-2026 05:17:18 pm INFO  BaseTest        - 🌐 Chromium browser launched
23-07-2026 05:17:21 pm INFO  UserLoginPage   - 👤 Entered locked user username
23-07-2026 05:17:22 pm INFO  UserLoginPage   - 🔒 Entered password
23-07-2026 05:17:24 pm INFO  UserLoginPage   - 🖱️ Clicked Login button with Locked credentials
23-07-2026 05:19:26 pm INFO  Utils           - [TestNG] Running:
  C:\Users\1064921\IdeaProjects\Swag_Labs_Playwright\src\test\resources\Test_Runner\smoke-testng.xml

23-07-2026 05:19:30 pm INFO  BaseTest        - 🌐 Chromium browser launched
23-07-2026 05:19:33 pm INFO  UserLoginPage   - 👤 Entered locked user username
23-07-2026 05:19:34 pm INFO  UserLoginPage   - 🔒 Entered password
23-07-2026 05:19:35 pm INFO  UserLoginPage   - 🖱️ Clicked Login button with Locked credentials
23-07-2026 05:19:38 pm INFO  UserLoginPage   - ❌ Entered invalid username
23-07-2026 05:19:39 pm INFO  UserLoginPage   - 🔒 Entered password 
23-07-2026 05:19:40 pm INFO  UserLoginPage   - 🖱️ Clicked Login button with invalid credentials
23-07-2026 05:19:44 pm INFO  UserLoginPage   - 👤 Entered valid username
23-07-2026 05:19:45 pm INFO  UserLoginPage   - 🔒 Entered valid password
23-07-2026 05:19:46 pm INFO  UserLoginPage   - 🖱️ Clicked Login button with valid credentials
23-07-2026 05:26:43 pm INFO  Utils           - [TestNG] Running:
  C:\Users\1064921\IdeaProjects\Swag_Labs_Playwright\textng_Suit.xml

23-07-2026 05:26:48 pm INFO  BaseTest        - 🌐 Chromium browser launched
23-07-2026 05:26:51 pm INFO  UserLoginPage   - 👤 Entered locked user username
23-07-2026 05:26:52 pm INFO  UserLoginPage   - 🔒 Entered password
23-07-2026 05:26:54 pm INFO  UserLoginPage   - 🖱️ Clicked Login button with Locked credentials
23-07-2026 05:26:57 pm INFO  UserLoginPage   - ❌ Entered invalid username
23-07-2026 05:26:58 pm INFO  UserLoginPage   - 🔒 Entered password 
23-07-2026 05:26:59 pm INFO  UserLoginPage   - 🖱️ Clicked Login button with invalid credentials
23-07-2026 05:27:02 pm INFO  UserLoginPage   - 👤 Entered valid username
23-07-2026 05:27:03 pm INFO  UserLoginPage   - 🔒 Entered valid password
23-07-2026 05:27:04 pm INFO  UserLoginPage   - 🖱️ Clicked Login button with valid credentials
23-07-2026 05:27:09 pm INFO  InventoryPage   - Sauce Labs Backpack product added to cart
23-07-2026 05:27:10 pm INFO  InventoryPage   - Sauce Labs Bike Light product added to cart
23-07-2026 05:27:13 pm INFO  InventoryPage   - Removed product from cart: Sauce Labs Bike Light
23-07-2026 05:27:17 pm INFO  InventoryPage   - Product Name: Sauce Labs Backpack
23-07-2026 05:27:17 pm INFO  InventoryPage   - Product Price: $29.99
23-07-2026 05:27:17 pm INFO  InventoryPage   - Product Description: carry.allTheThings() with the sleek, streamlined Sly Pack that melds uncompromising style with unequaled laptop and tablet protection.
23-07-2026 05:27:21 pm INFO  InventoryPage   - Sorted products by price (low to high)
23-07-2026 05:27:22 pm INFO  InventoryPage   - Opened Product Cart
23-07-2026 05:27:25 pm INFO  CartPage        - 🛍️ Opened Product Cart
23-07-2026 05:27:28 pm INFO  CartPage        - 💳 Opened Checkout Page
23-07-2026 05:27:37 pm INFO  Checkout_YourInformationPage - Entered First Name on Information Page: John
23-07-2026 05:27:39 pm INFO  Checkout_YourInformationPage - Entered Last Name on Information Page: Test
23-07-2026 05:27:41 pm INFO  Checkout_YourInformationPage - Entered ZIP/Postal Code on Information Page: 123456
23-07-2026 05:27:43 pm INFO  Checkout_YourInformationPage - Clicked on Continue Button
23-07-2026 05:27:45 pm INFO  Checkout_OverviewPage - Product Verified
23-07-2026 05:27:45 pm INFO  Checkout_OverviewPage - Payment Info Label Verified
23-07-2026 05:27:50 pm INFO  Checkout_CompletePage - Order Placed Successfully : Thank you for your order!
23-07-2026 05:37:17 pm INFO  Utils           - [TestNG] Running:
  C:\Users\1064921\IdeaProjects\Swag_Labs_Playwright\src\test\resources\Test_Runner\testng-smoke.xml

23-07-2026 05:37:21 pm INFO  BaseTest        - 🌐 Chromium browser launched
23-07-2026 05:46:53 pm INFO  Utils           - [TestNG] Running:
  C:\Users\1064921\IdeaProjects\Swag_Labs_Playwright\src\test\resources\Test_Runner\testng-smoke.xml

23-07-2026 05:46:57 pm INFO  BaseTest        - 🌐 Chromium browser launched
23-07-2026 05:49:23 pm INFO  Utils           - [TestNG] Running:
  C:\Users\1064921\IdeaProjects\Swag_Labs_Playwright\src\test\resources\Test_Runner\testng-smoke.xml

23-07-2026 05:49:27 pm INFO  BaseTest        - 🌐 Chromium browser launched
23-07-2026 05:49:29 pm INFO  UserLoginPage   - 👤 Entered locked user username
23-07-2026 05:49:30 pm INFO  UserLoginPage   - 🔒 Entered password
23-07-2026 05:49:32 pm INFO  UserLoginPage   - 🖱️ Clicked Login button with Locked credentials
23-07-2026 05:49:33 pm INFO  UserLoginPage   - ❌ Entered invalid username
23-07-2026 05:49:34 pm INFO  UserLoginPage   - 🔒 Entered password 
23-07-2026 05:49:35 pm INFO  UserLoginPage   - 🖱️ Clicked Login button with invalid credentials
23-07-2026 05:49:37 pm INFO  UserLoginPage   - 👤 Entered valid username
23-07-2026 05:49:38 pm INFO  UserLoginPage   - 🔒 Entered valid password
23-07-2026 05:49:39 pm INFO  UserLoginPage   - 🖱️ Clicked Login button with valid credentials
23-07-2026 05:49:41 pm INFO  InventoryPage   - Sauce Labs Backpack product added to cart
23-07-2026 05:49:42 pm INFO  InventoryPage   - Sauce Labs Bike Light product added to cart
23-07-2026 05:49:44 pm INFO  InventoryPage   - Removed product from cart: Sauce Labs Bike Light
23-07-2026 05:49:45 pm INFO  InventoryPage   - Product Name: Sauce Labs Backpack
23-07-2026 05:49:45 pm INFO  InventoryPage   - Product Price: $29.99
23-07-2026 05:49:45 pm INFO  InventoryPage   - Product Description: carry.allTheThings() with the sleek, streamlined Sly Pack that melds uncompromising style with unequaled laptop and tablet protection.
23-07-2026 05:49:48 pm INFO  InventoryPage   - Sorted products by price (low to high)
23-07-2026 05:49:49 pm INFO  InventoryPage   - Opened Product Cart
23-07-2026 05:49:51 pm INFO  CartPage        - 🛍️ Opened Product Cart
23-07-2026 05:49:52 pm INFO  CartPage        - 💳 Opened Checkout Page
23-07-2026 05:49:57 pm INFO  Checkout_YourInformationPage - Entered First Name on Information Page: John
23-07-2026 05:49:59 pm INFO  Checkout_YourInformationPage - Entered Last Name on Information Page: Test
23-07-2026 05:50:01 pm INFO  Checkout_YourInformationPage - Entered ZIP/Postal Code on Information Page: 123456
23-07-2026 05:50:02 pm INFO  Checkout_YourInformationPage - Clicked on Continue Button
23-07-2026 05:50:04 pm INFO  Checkout_CompletePage - Order Placed Successfully : Thank you for your order!
23-07-2026 05:50:07 pm INFO  Utils           - [TestNG] Running:
  C:\Users\1064921\IdeaProjects\Swag_Labs_Playwright\src\test\resources\Test_Runner\testng-regression.xml

23-07-2026 05:50:08 pm INFO  BaseTest        - 🌐 Chromium browser launched
23-07-2026 05:50:18 pm INFO  InventoryPage   - Sauce Labs Backpack product added to cart
23-07-2026 05:50:19 pm INFO  InventoryPage   - Sauce Labs Bike Light product added to cart
23-07-2026 05:50:21 pm INFO  InventoryPage   - Removed product from cart: Sauce Labs Bike Light
23-07-2026 05:50:23 pm INFO  InventoryPage   - Product Name: Sauce Labs Backpack
23-07-2026 05:50:23 pm INFO  InventoryPage   - Product Price: $29.99
23-07-2026 05:50:23 pm INFO  InventoryPage   - Product Description: carry.allTheThings() with the sleek, streamlined Sly Pack that melds uncompromising style with unequaled laptop and tablet protection.
23-07-2026 05:50:25 pm INFO  InventoryPage   - Sorted products by price (low to high)
23-07-2026 05:50:26 pm INFO  InventoryPage   - Opened Product Cart
23-07-2026 05:50:28 pm INFO  CartPage        - 🛍️ Opened Product Cart
23-07-2026 05:50:30 pm INFO  CartPage        - 💳 Opened Checkout Page
23-07-2026 05:50:35 pm INFO  Checkout_YourInformationPage - Entered First Name on Information Page: John
23-07-2026 05:50:37 pm INFO  Checkout_YourInformationPage - Entered Last Name on Information Page: Test
23-07-2026 05:50:39 pm INFO  Checkout_YourInformationPage - Entered ZIP/Postal Code on Information Page: 123456
23-07-2026 05:50:40 pm INFO  Checkout_YourInformationPage - Clicked on Continue Button
23-07-2026 05:50:41 pm INFO  Checkout_OverviewPage - Product Verified
23-07-2026 05:50:41 pm INFO  Checkout_OverviewPage - Payment Info Label Verified
23-07-2026 05:50:43 pm INFO  Checkout_CompletePage - Order Placed Successfully : Thank you for your order!
23-07-2026 05:50:46 pm INFO  Utils           - [TestNG] Running:
  C:\Users\1064921\IdeaProjects\Swag_Labs_Playwright\src\test\resources\Test_Runner\testng-master.xml

23-07-2026 06:08:04 pm INFO  Utils           - [TestNG] Running:
  C:\Users\1064921\IdeaProjects\Swag_Labs_Playwright\src\test\resources\Test_Runner\testng-smoke.xml

23-07-2026 06:08:08 pm INFO  BaseTest        - 🌐 Chromium browser launched
23-07-2026 06:08:11 pm INFO  UserLoginPage   - 👤 Entered locked user username
23-07-2026 06:08:12 pm INFO  UserLoginPage   - 🔒 Entered password
23-07-2026 06:08:13 pm INFO  UserLoginPage   - 🖱️ Clicked Login button with Locked credentials
23-07-2026 06:08:15 pm INFO  UserLoginPage   - ❌ Entered invalid username
23-07-2026 06:08:16 pm INFO  UserLoginPage   - 🔒 Entered password 
23-07-2026 06:08:17 pm INFO  UserLoginPage   - 🖱️ Clicked Login button with invalid credentials
23-07-2026 06:08:19 pm INFO  UserLoginPage   - 👤 Entered valid username
23-07-2026 06:08:20 pm INFO  UserLoginPage   - 🔒 Entered valid password
23-07-2026 06:08:21 pm INFO  UserLoginPage   - 🖱️ Clicked Login button with valid credentials
23-07-2026 06:08:22 pm INFO  InventoryPage   - Sauce Labs Backpack product added to cart
23-07-2026 06:08:23 pm INFO  InventoryPage   - Sauce Labs Bike Light product added to cart
23-07-2026 06:08:25 pm INFO  InventoryPage   - Removed product from cart: Sauce Labs Bike Light
23-07-2026 06:08:27 pm INFO  InventoryPage   - Product Name: Sauce Labs Backpack
23-07-2026 06:08:27 pm INFO  InventoryPage   - Product Price: $29.99
23-07-2026 06:08:27 pm INFO  InventoryPage   - Product Description: carry.allTheThings() with the sleek, streamlined Sly Pack that melds uncompromising style with unequaled laptop and tablet protection.
23-07-2026 06:08:30 pm INFO  InventoryPage   - Sorted products by price (low to high)
23-07-2026 06:08:31 pm INFO  InventoryPage   - Opened Product Cart
23-07-2026 06:08:32 pm INFO  CartPage        - 🛍️ Opened Product Cart
23-07-2026 06:08:34 pm INFO  CartPage        - 💳 Opened Checkout Page
23-07-2026 06:08:38 pm INFO  Checkout_YourInformationPage - Entered First Name on Information Page: John
23-07-2026 06:08:40 pm INFO  Checkout_YourInformationPage - Entered Last Name on Information Page: Test
23-07-2026 06:08:43 pm INFO  Checkout_YourInformationPage - Entered ZIP/Postal Code on Information Page: 123456
23-07-2026 06:08:44 pm INFO  Checkout_YourInformationPage - Clicked on Continue Button
23-07-2026 06:08:46 pm INFO  Checkout_CompletePage - Order Placed Successfully : Thank you for your order!
23-07-2026 06:08:49 pm INFO  Utils           - [TestNG] Running:
  C:\Users\1064921\IdeaProjects\Swag_Labs_Playwright\src\test\resources\Test_Runner\testng-regression.xml

23-07-2026 06:08:50 pm INFO  BaseTest        - 🌐 Chromium browser launched
23-07-2026 06:08:52 pm INFO  UserLoginPage   - 👤 Entered valid username
23-07-2026 06:08:53 pm INFO  UserLoginPage   - 🔒 Entered valid password
23-07-2026 06:08:55 pm INFO  UserLoginPage   - 🖱️ Clicked Login button with valid credentials
23-07-2026 06:08:57 pm INFO  InventoryPage   - Sauce Labs Backpack product added to cart
23-07-2026 06:08:58 pm INFO  InventoryPage   - Sauce Labs Bike Light product added to cart
23-07-2026 06:09:00 pm INFO  InventoryPage   - Removed product from cart: Sauce Labs Bike Light
23-07-2026 06:09:01 pm INFO  InventoryPage   - Product Name: Sauce Labs Backpack
23-07-2026 06:09:01 pm INFO  InventoryPage   - Product Price: $29.99
23-07-2026 06:09:01 pm INFO  InventoryPage   - Product Description: carry.allTheThings() with the sleek, streamlined Sly Pack that melds uncompromising style with unequaled laptop and tablet protection.
23-07-2026 06:09:04 pm INFO  InventoryPage   - Sorted products by price (low to high)
23-07-2026 06:09:05 pm INFO  InventoryPage   - Opened Product Cart
23-07-2026 06:09:07 pm INFO  CartPage        - 🛍️ Opened Product Cart
23-07-2026 06:09:09 pm INFO  CartPage        - 💳 Opened Checkout Page
23-07-2026 06:09:14 pm INFO  Checkout_YourInformationPage - Entered First Name on Information Page: John
23-07-2026 06:09:16 pm INFO  Checkout_YourInformationPage - Entered Last Name on Information Page: Test
23-07-2026 06:09:18 pm INFO  Checkout_YourInformationPage - Entered ZIP/Postal Code on Information Page: 123456
23-07-2026 06:09:19 pm INFO  Checkout_YourInformationPage - Clicked on Continue Button
23-07-2026 06:09:19 pm INFO  Checkout_OverviewPage - Product Verified
23-07-2026 06:09:19 pm INFO  Checkout_OverviewPage - Payment Info Label Verified
23-07-2026 06:09:22 pm INFO  Checkout_CompletePage - Order Placed Successfully : Thank you for your order!
23-07-2026 06:09:25 pm INFO  Utils           - [TestNG] Running:
  C:\Users\1064921\IdeaProjects\Swag_Labs_Playwright\src\test\resources\Test_Runner\testng-master.xml

23-07-2026 06:15:41 pm INFO  Utils           - [TestNG] Running:
  C:\Users\1064921\IdeaProjects\Swag_Labs_Playwright\src\test\resources\Test_Runner\testng-smoke.xml

23-07-2026 06:15:45 pm INFO  BaseTest        - 🌐 Chromium browser launched
23-07-2026 06:15:48 pm INFO  UserLoginPage   - 👤 Entered locked user username
23-07-2026 06:15:49 pm INFO  UserLoginPage   - 🔒 Entered password
23-07-2026 06:15:50 pm INFO  UserLoginPage   - 🖱️ Clicked Login button with Locked credentials
23-07-2026 06:15:52 pm INFO  UserLoginPage   - ❌ Entered invalid username
23-07-2026 06:15:53 pm INFO  UserLoginPage   - 🔒 Entered password 
23-07-2026 06:15:54 pm INFO  UserLoginPage   - 🖱️ Clicked Login button with invalid credentials
23-07-2026 06:15:55 pm INFO  UserLoginPage   - 👤 Entered valid username
23-07-2026 06:15:56 pm INFO  UserLoginPage   - 🔒 Entered valid password
23-07-2026 06:15:57 pm INFO  UserLoginPage   - 🖱️ Clicked Login button with valid credentials
23-07-2026 06:15:59 pm INFO  InventoryPage   - Sauce Labs Backpack product added to cart
23-07-2026 06:16:00 pm INFO  InventoryPage   - Sauce Labs Bike Light product added to cart
23-07-2026 06:16:02 pm INFO  InventoryPage   - Removed product from cart: Sauce Labs Bike Light
23-07-2026 06:16:04 pm INFO  InventoryPage   - Product Name: Sauce Labs Backpack
23-07-2026 06:16:04 pm INFO  InventoryPage   - Product Price: $29.99
23-07-2026 06:16:04 pm INFO  InventoryPage   - Product Description: carry.allTheThings() with the sleek, streamlined Sly Pack that melds uncompromising style with unequaled laptop and tablet protection.
23-07-2026 06:16:06 pm INFO  InventoryPage   - Sorted products by price (low to high)
23-07-2026 06:16:07 pm INFO  InventoryPage   - Opened Product Cart
23-07-2026 06:16:09 pm INFO  CartPage        - 🛍️ Opened Product Cart
23-07-2026 06:16:11 pm INFO  CartPage        - 💳 Opened Checkout Page
23-07-2026 06:16:15 pm INFO  Checkout_YourInformationPage - Entered First Name on Information Page: John
23-07-2026 06:16:17 pm INFO  Checkout_YourInformationPage - Entered Last Name on Information Page: Test
23-07-2026 06:16:19 pm INFO  Checkout_YourInformationPage - Entered ZIP/Postal Code on Information Page: 123456
23-07-2026 06:16:21 pm INFO  Checkout_YourInformationPage - Clicked on Continue Button
23-07-2026 06:16:23 pm INFO  Checkout_CompletePage - Order Placed Successfully : Thank you for your order!
23-07-2026 06:16:26 pm INFO  Utils           - [TestNG] Running:
  C:\Users\1064921\IdeaProjects\Swag_Labs_Playwright\src\test\resources\Test_Runner\testng-regression.xml

23-07-2026 06:16:27 pm INFO  BaseTest        - 🌐 Chromium browser launched
23-07-2026 06:16:29 pm INFO  UserLoginPage   - 👤 Entered valid username
23-07-2026 06:16:30 pm INFO  UserLoginPage   - 🔒 Entered valid password
23-07-2026 06:16:32 pm INFO  UserLoginPage   - 🖱️ Clicked Login button with valid credentials
23-07-2026 06:16:34 pm INFO  InventoryPage   - Sauce Labs Backpack product added to cart
23-07-2026 06:16:35 pm INFO  InventoryPage   - Sauce Labs Bike Light product added to cart
23-07-2026 06:16:37 pm INFO  InventoryPage   - Removed product from cart: Sauce Labs Bike Light
23-07-2026 06:16:38 pm INFO  InventoryPage   - Product Name: Sauce Labs Backpack
23-07-2026 06:16:38 pm INFO  InventoryPage   - Product Price: $29.99
23-07-2026 06:16:38 pm INFO  InventoryPage   - Product Description: carry.allTheThings() with the sleek, streamlined Sly Pack that melds uncompromising style with unequaled laptop and tablet protection.
23-07-2026 06:16:41 pm INFO  InventoryPage   - Sorted products by price (low to high)
23-07-2026 06:16:42 pm INFO  InventoryPage   - Opened Product Cart
23-07-2026 06:16:44 pm INFO  CartPage        - 🛍️ Opened Product Cart
23-07-2026 06:16:46 pm INFO  CartPage        - 💳 Opened Checkout Page
23-07-2026 06:16:51 pm INFO  Checkout_YourInformationPage - Entered First Name on Information Page: John
23-07-2026 06:16:53 pm INFO  Checkout_YourInformationPage - Entered Last Name on Information Page: Test
23-07-2026 06:16:55 pm INFO  Checkout_YourInformationPage - Entered ZIP/Postal Code on Information Page: 123456
23-07-2026 06:16:56 pm INFO  Checkout_YourInformationPage - Clicked on Continue Button
23-07-2026 06:16:57 pm INFO  Checkout_OverviewPage - Product Verified
23-07-2026 06:16:57 pm INFO  Checkout_OverviewPage - Payment Info Label Verified
23-07-2026 06:16:59 pm INFO  Checkout_CompletePage - Order Placed Successfully : Thank you for your order!
23-07-2026 06:17:02 pm INFO  Utils           - [TestNG] Running:
  C:\Users\1064921\IdeaProjects\Swag_Labs_Playwright\src\test\resources\Test_Runner\testng-master.xml

