11:00:05 INFO  Utils            - [TestNG] Running:
  C:\Users\1064921\IdeaProjects\Swag_Labs_Playwright\testngnew.xml

11:00:10 INFO  BaseTest         - 🌐 Chromium browser launched
11:00:14 INFO  UserLoginPage    - 👤 Entered valid username
11:00:15 INFO  UserLoginPage    - 🔒 Entered valid password
11:00:16 INFO  UserLoginPage    - 🖱️ Clicked Login button with valid credentials
11:00:16 INFO  UserLoginPage    - 🔐 Login successful
11:12:19 INFO  Utils            - [TestNG] Running:
  C:\Users\1064921\IdeaProjects\Swag_Labs_Playwright\testngnew.xml

11:12:23 INFO  BaseTest         - 🌐 Chromium browser launched
11:12:27 INFO  UserLoginPage    - 👤 Entered valid username
11:12:28 INFO  UserLoginPage    - 🔒 Entered valid password
11:12:29 INFO  UserLoginPage    - 🖱️ Clicked Login button with valid credentials
11:12:29 INFO  UserLoginPage    - 🔐 Login successful
11:21:50 INFO  Utils            - [TestNG] Running:
  C:\Users\1064921\IdeaProjects\Swag_Labs_Playwright\testngnew.xml

11:21:53 INFO  BaseTest         - 🌐 Chromium browser launched
11:22:01 INFO  UserLoginPage    - 👤 Entered valid username
11:22:02 INFO  UserLoginPage    - 🔒 Entered valid password
11:22:03 INFO  UserLoginPage    - 🖱️ Clicked Login button with valid credentials
11:22:03 INFO  UserLoginPage    - 🔐 Login successful
11:32:19 INFO  Utils            - [TestNG] Running:
  C:\Users\1064921\IdeaProjects\Swag_Labs_Playwright\testngnew.xml

11:32:23 INFO  BaseTest         - 🌐 Chromium browser launched
11:32:26 INFO  UserLoginPage    - 👤 Entered valid username
11:32:27 INFO  UserLoginPage    - 🔒 Entered valid password
11:32:28 INFO  UserLoginPage    - 🖱️ Clicked Login button with valid credentials
11:32:28 INFO  UserLoginPage    - 🔐 Login successful
11:42:00 INFO  Utils            - [TestNG] Running:
  C:\Users\1064921\IdeaProjects\Swag_Labs_Playwright\testngnew.xml

11:42:03 INFO  BaseTest         - 🌐 Chromium browser launched
11:42:08 INFO  UserLoginPage    - 👤 Entered valid username
11:42:09 INFO  UserLoginPage    - 🔒 Entered valid password
11:42:10 INFO  UserLoginPage    - 🖱️ Clicked Login button with valid credentials
11:42:10 INFO  UserLoginPage    - 🔐 Login successful
11:46:13 INFO  Utils            - [TestNG] Running:
  C:\Users\1064921\IdeaProjects\Swag_Labs_Playwright\testngnew.xml

11:46:16 INFO  BaseTest         - 🌐 Chromium browser launched
11:46:26 INFO  UserLoginPage    - 👤 Entered valid username
11:46:27 INFO  UserLoginPage    - 🔒 Entered valid password
11:46:28 INFO  UserLoginPage    - 🖱️ Clicked Login button with valid credentials
11:46:28 INFO  UserLoginPage    - 🔐 Login successful
11:59:28 INFO  Utils            - [TestNG] Running:
  C:\Users\1064921\IdeaProjects\Swag_Labs_Playwright\testngnew.xml

11:59:32 INFO  BaseTest         - 🌐 Chromium browser launched
11:59:40 INFO  UserLoginPage    - 👤 Entered valid username
11:59:41 INFO  UserLoginPage    - 🔒 Entered valid password
11:59:42 INFO  UserLoginPage    - 🖱️ Clicked Login button with valid credentials
11:59:42 INFO  UserLoginPage    - 🔐 Login successful
12:25:54 INFO  Utils            - [TestNG] Running:
  C:\Users\1064921\IdeaProjects\Swag_Labs_Playwright\testngnew.xml

12:25:57 INFO  BaseTest         - 🌐 Chromium browser launched
12:26:03 INFO  UserLoginPage    - 👤 Entered valid username
12:26:04 INFO  UserLoginPage    - 🔒 Entered valid password
12:26:05 INFO  UserLoginPage    - 🖱️ Clicked Login button with valid credentials
12:26:05 INFO  UserLoginPage    - 🔐 Login successful
12:26:05 INFO  InventoryPage    - 🔍 Inventory page verification passed. Page title: Products
12:26:06 INFO  InventoryPage    - 🛒 Sauce Labs Backpack Product added to cart
12:26:07 INFO  InventoryPage    - 🛒 Sauce Labs Bike Light Product added to cart
12:26:08 INFO  InventoryPage    - 🛒 Removed product from cart: Sauce Labs Bike Light
12:26:10 INFO  InventoryPage    - Sorted Products to Price (low to high) 
12:26:11 INFO  InventoryPage    - Product Name : Sauce Labs Backpack
12:26:11 INFO  InventoryPage    - Product Price : $29.99
12:26:11 INFO  InventoryPage    - Product Description : carry.allTheThings() with the sleek, streamlined Sly Pack that melds uncompromising style with unequaled laptop and tablet protection.
12:26:14 INFO  CartPage         - 🛍️ Opened Product Cart
12:26:14 INFO  CartPage         - 🛒 Product is added in cart : Sauce Labs Backpack
12:26:15 INFO  CartPage         - 💳 Opened Checkout Page
12:26:15 ERROR Checkout_YourInformationPage  - 🏷️ Page Title : Checkout: Your Information
12:26:16 INFO  Checkout_YourInformationPage  - ❌ Error Message is displayed  : Error: First Name is required
12:26:19 INFO  Checkout_YourInformationPage  - 📝 Entered First Name on Information Page: John
12:26:21 INFO  Checkout_YourInformationPage  - 📝 Entered Last Name on Information Page: Test
12:26:23 INFO  Checkout_YourInformationPage  - 📮 Entered ZIP/Postal Code on Information Page: 123456
12:26:24 INFO  Checkout_YourInformationPage  - ▶️ Clicked on Continue Button
12:26:24 INFO  Checkout_OverviewPage  - 🏷️ Page Title  : Checkout: Overview
12:26:24 INFO  Checkout_OverviewPage  - ☑️ Product Verified
12:26:24 INFO  Checkout_OverviewPage  - ☑️ Payment Verified
12:26:25 INFO  Checkout_CompletePage  - 🏷️ Page Title  : Checkout: Complete!
12:26:25 INFO  Checkout_CompletePage  - ✅ Order Placed Successfully : Thank you for your order!
12:26:25 INFO  Checkout_CompletePage  - 📦 Order Information: Your order has been dispatched, and will arrive just as fast as the pony can get there!
13:19:56 INFO  Utils            - [TestNG] Running:
  C:\Users\1064921\IdeaProjects\Swag_Labs_Playwright\testngnew.xml

13:20:01 INFO  BaseTest         - 🌐 Chromium browser launched
13:20:04 INFO  UserLoginPage    - 👤 Entered valid username
13:20:05 INFO  UserLoginPage    - 🔒 Entered valid password
13:20:06 INFO  UserLoginPage    - 🖱️ Clicked Login button with valid credentials
13:20:06 INFO  UserLoginPage    - 🔐 Login successful
13:20:06 INFO  InventoryPage    - 🔍 Inventory page verification passed. Page title: Products
13:20:07 INFO  InventoryPage    - 🛒 Sauce Labs Backpack Product added to cart
13:20:08 INFO  InventoryPage    - 🛒 Sauce Labs Bike Light Product added to cart
13:20:10 INFO  InventoryPage    - 🛒 Removed product from cart: Sauce Labs Bike Light
13:20:12 INFO  InventoryPage    - Sorted Products to Price (low to high) 
13:20:13 INFO  InventoryPage    - Product Name : Sauce Labs Backpack
13:20:13 INFO  InventoryPage    - Product Price : $29.99
13:20:13 INFO  InventoryPage    - Product Description : carry.allTheThings() with the sleek, streamlined Sly Pack that melds uncompromising style with unequaled laptop and tablet protection.
13:20:15 INFO  CartPage         - 🛍️ Opened Product Cart
13:20:15 INFO  CartPage         - 🛒 Product is added in cart : Sauce Labs Backpack
13:20:16 INFO  CartPage         - 💳 Opened Checkout Page
13:20:16 ERROR Checkout_YourInformationPage  - 🏷️ Page Title : Checkout: Your Information
13:20:17 INFO  Checkout_YourInformationPage  - ❌ Error Message is displayed  : Error: First Name is required
13:20:20 INFO  Checkout_YourInformationPage  - 📝 Entered First Name on Information Page: John
13:20:22 INFO  Checkout_YourInformationPage  - 📝 Entered Last Name on Information Page: Test
13:20:24 INFO  Checkout_YourInformationPage  - 📮 Entered ZIP/Postal Code on Information Page: 123456
13:20:25 INFO  Checkout_YourInformationPage  - ▶️ Clicked on Continue Button
13:20:25 INFO  Checkout_OverviewPage  - 🏷️ Page Title  : Checkout: Overview
13:20:25 INFO  Checkout_OverviewPage  - ☑️ Product Verified
13:20:25 INFO  Checkout_OverviewPage  - ☑️ Payment Verified
13:20:26 INFO  Checkout_CompletePage  - 🏷️ Page Title  : Checkout: Complete!
13:20:26 INFO  Checkout_CompletePage  - ✅ Order Placed Successfully : Thank you for your order!
13:20:26 INFO  Checkout_CompletePage  - 📦 Order Information: Your order has been dispatched, and will arrive just as fast as the pony can get there!
13:34:13 INFO  Utils            - [TestNG] Running:
  C:\Users\1064921\IdeaProjects\Swag_Labs_Playwright\testngnew.xml

13:34:16 INFO  BaseTest         - 🌐 Chromium browser launched
13:34:26 INFO  UserLoginPage    - 👤 Entered valid username
13:34:27 INFO  UserLoginPage    - 🔒 Entered valid password
13:34:28 INFO  UserLoginPage    - 🖱️ Clicked Login button with valid credentials
13:34:28 INFO  UserLoginPage    - 🔐 Login successful
13:34:28 INFO  InventoryPage    - 🔍 Inventory page verification passed. Page title: Products
13:34:29 INFO  InventoryPage    - 🛒 Sauce Labs Backpack Product added to cart
13:34:30 INFO  InventoryPage    - 🛒 Sauce Labs Bike Light Product added to cart
13:34:31 INFO  InventoryPage    - 🛒 Removed product from cart: Sauce Labs Bike Light
13:34:33 INFO  InventoryPage    - Sorted Products to Price (low to high) 
13:34:34 INFO  InventoryPage    - Product Name : Sauce Labs Backpack
13:34:34 INFO  InventoryPage    - Product Price : $29.99
13:34:34 INFO  InventoryPage    - Product Description : carry.allTheThings() with the sleek, streamlined Sly Pack that melds uncompromising style with unequaled laptop and tablet protection.
13:34:36 INFO  CartPage         - 🛍️ Opened Product Cart
13:34:36 INFO  CartPage         - 🛒 Product is added in cart : Sauce Labs Backpack
13:34:37 INFO  CartPage         - 💳 Opened Checkout Page
13:34:37 ERROR Checkout_YourInformationPage  - 🏷️ Page Title : Checkout: Your Information
13:34:38 INFO  Checkout_YourInformationPage  - ❌ Error Message is displayed  : Error: First Name is required
13:34:41 INFO  Checkout_YourInformationPage  - 📝 Entered First Name on Information Page: John
13:34:43 INFO  Checkout_YourInformationPage  - 📝 Entered Last Name on Information Page: Test
13:34:45 INFO  Checkout_YourInformationPage  - 📮 Entered ZIP/Postal Code on Information Page: 123456
13:34:46 INFO  Checkout_YourInformationPage  - ▶️ Clicked on Continue Button
13:34:46 INFO  Checkout_OverviewPage  - 🏷️ Page Title  : Checkout: Overview
13:34:46 INFO  Checkout_OverviewPage  - ☑️ Product Verified
13:34:46 INFO  Checkout_OverviewPage  - ☑️ Payment Verified
13:34:48 INFO  Checkout_CompletePage  - 🏷️ Page Title  : Checkout: Complete!
13:34:48 INFO  Checkout_CompletePage  - ✅ Order Placed Successfully : Thank you for your order!
13:34:48 INFO  Checkout_CompletePage  - 📦 Order Information: Your order has been dispatched, and will arrive just as fast as the pony can get there!
13:50:03 INFO  Utils            - [TestNG] Running:
  C:\Users\1064921\IdeaProjects\Swag_Labs_Playwright\testngnew.xml

13:50:07 INFO  BaseTest         - 🌐 Chromium browser launched
13:50:10 INFO  UserLoginPage    - 👤 Entered valid username
13:50:11 INFO  UserLoginPage    - 🔒 Entered valid password
13:50:12 INFO  UserLoginPage    - 🖱️ Clicked Login button with valid credentials
13:50:12 INFO  UserLoginPage    - 🔐 Login successful
13:50:13 INFO  InventoryPage    - 🔍 Inventory page verification passed. Page title: Products
13:50:14 INFO  InventoryPage    - 🛒 Sauce Labs Backpack Product added to cart
13:50:15 INFO  InventoryPage    - 🛒 Sauce Labs Bike Light Product added to cart
13:50:16 INFO  InventoryPage    - 🛒 Removed product from cart: Sauce Labs Bike Light
13:50:18 INFO  InventoryPage    - Sorted Products to Price (low to high) 
13:50:19 INFO  InventoryPage    - Product Name : Sauce Labs Backpack
13:50:19 INFO  InventoryPage    - Product Price : $29.99
13:50:19 INFO  InventoryPage    - Product Description : carry.allTheThings() with the sleek, streamlined Sly Pack that melds uncompromising style with unequaled laptop and tablet protection.
13:50:21 INFO  CartPage         - 🛍️ Opened Product Cart
13:50:21 INFO  CartPage         - 🛒 Product is added in cart : Sauce Labs Backpack
13:50:22 INFO  CartPage         - 💳 Opened Checkout Page
13:50:22 ERROR Checkout_YourInformationPage  - 🏷️ Page Title : Checkout: Your Information
13:50:23 INFO  Checkout_YourInformationPage  - ❌ Error Message is displayed  : Error: First Name is required
13:50:26 INFO  Checkout_YourInformationPage  - 📝 Entered First Name on Information Page: John
13:50:28 INFO  Checkout_YourInformationPage  - 📝 Entered Last Name on Information Page: Test
13:50:30 INFO  Checkout_YourInformationPage  - 📮 Entered ZIP/Postal Code on Information Page: 123456
13:50:31 INFO  Checkout_YourInformationPage  - ▶️ Clicked on Continue Button
13:50:31 INFO  Checkout_OverviewPage  - 🏷️ Page Title  : Checkout: Overview
13:50:31 INFO  Checkout_OverviewPage  - ☑️ Product Verified
13:50:31 INFO  Checkout_OverviewPage  - ☑️ Payment Verified
13:50:32 INFO  Checkout_CompletePage  - 🏷️ Page Title  : Checkout: Complete!
13:50:32 INFO  Checkout_CompletePage  - ✅ Order Placed Successfully : Thank you for your order!
13:50:32 INFO  Checkout_CompletePage  - 📦 Order Information: Your order has been dispatched, and will arrive just as fast as the pony can get there!
15:47:26 INFO  Utils            - [TestNG] Running:
  C:\Users\1064921\IdeaProjects\Swag_Labs_Playwright\testngnew.xml

15:47:30 INFO  BaseTest         - 🌐 Chromium browser launched
15:47:35 INFO  UserLoginPage    - 👤 Entered valid username
15:47:36 INFO  UserLoginPage    - 🔒 Entered valid password
15:47:37 INFO  UserLoginPage    - 🖱️ Clicked Login button with valid credentials
15:47:37 INFO  UserLoginPage    - 🔐 Login successful
15:47:37 INFO  InventoryPage    - 🔍 Inventory page verification passed. Page title: Products
15:47:38 INFO  InventoryPage    - 🛒 Sauce Labs Backpack Product added to cart
15:47:39 INFO  InventoryPage    - 🛒 Sauce Labs Bike Light Product added to cart
15:47:40 INFO  InventoryPage    - 🛒 Removed product from cart: Sauce Labs Bike Light
15:47:42 INFO  InventoryPage    - Sorted Products to Price (low to high) 
15:47:43 INFO  InventoryPage    - Product Name : Sauce Labs Backpack
15:47:43 INFO  InventoryPage    - Product Price : $29.99
15:47:43 INFO  InventoryPage    - Product Description : carry.allTheThings() with the sleek, streamlined Sly Pack that melds uncompromising style with unequaled laptop and tablet protection.
15:47:45 INFO  CartPage         - 🛍️ Opened Product Cart
15:47:45 INFO  CartPage         - 🛒 Product is added in cart : Sauce Labs Backpack
15:47:46 INFO  CartPage         - 💳 Opened Checkout Page
15:47:46 ERROR Checkout_YourInformationPage  - 🏷️ Page Title : Checkout: Your Information
15:47:47 INFO  Checkout_YourInformationPage  - ❌ Error Message is displayed  : Error: First Name is required
15:47:51 INFO  Checkout_YourInformationPage  - 📝 Entered First Name on Information Page: John
15:47:53 INFO  Checkout_YourInformationPage  - 📝 Entered Last Name on Information Page: Test
15:47:55 INFO  Checkout_YourInformationPage  - 📮 Entered ZIP/Postal Code on Information Page: 123456
15:47:56 INFO  Checkout_YourInformationPage  - ▶️ Clicked on Continue Button
15:47:56 INFO  Checkout_OverviewPage  - 🏷️ Page Title  : Checkout: Overview
15:47:56 INFO  Checkout_OverviewPage  - ☑️ Product Verified
15:47:56 INFO  Checkout_OverviewPage  - ☑️ Payment Verified
15:47:57 INFO  Checkout_CompletePage  - 🏷️ Page Title  : Checkout: Complete!
15:47:57 INFO  Checkout_CompletePage  - ✅ Order Placed Successfully : Thank you for your order!
15:47:57 INFO  Checkout_CompletePage  - 📦 Order Information: Your order has been dispatched, and will arrive just as fast as the pony can get there!
17:04:07 INFO  Utils            - [TestNG] Running:
  C:\Users\1064921\AppData\Local\JetBrains\IntelliJIdea2026.1\temp-testng-customsuite.xml

17:04:11 INFO  BaseTest         - 🌐 Chromium browser launched
17:04:28 INFO  Utils            - [TestNG] Running:
  C:\Users\1064921\AppData\Local\JetBrains\IntelliJIdea2026.1\temp-testng-customsuite.xml

17:04:32 INFO  BaseTest         - 🌐 Chromium browser launched
17:08:35 INFO  Utils            - [TestNG] Running:
  C:\Users\1064921\AppData\Local\JetBrains\IntelliJIdea2026.1\temp-testng-customsuite.xml

17:08:38 INFO  BaseTest         - 🌐 Chromium browser launched
17:12:14 INFO  Utils            - [TestNG] Running:
  C:\Users\1064921\AppData\Local\JetBrains\IntelliJIdea2026.1\temp-testng-customsuite.xml

17:12:18 INFO  BaseTest         - 🌐 Chromium browser launched
17:32:16 INFO  Utils            - [TestNG] Running:
  C:\Users\1064921\AppData\Local\JetBrains\IntelliJIdea2026.1\temp-testng-customsuite.xml

17:32:20 INFO  BaseTest         - 🌐 Chromium browser launched
17:32:23 INFO  UserLoginPage    - 👤 Entered valid username
17:32:24 INFO  UserLoginPage    - 🔒 Entered valid password
17:32:25 INFO  UserLoginPage    - 🖱️ Clicked Login button with valid credentials
17:32:25 INFO  UserLoginPage    - 🔐 Login successful
17:33:42 INFO  Utils            - [TestNG] Running:
  C:\Users\1064921\AppData\Local\JetBrains\IntelliJIdea2026.1\temp-testng-customsuite.xml

17:33:46 INFO  BaseTest         - 🌐 Chromium browser launched
17:39:57 INFO  Utils            - [TestNG] Running:
  C:\Users\1064921\AppData\Local\JetBrains\IntelliJIdea2026.1\temp-testng-customsuite.xml

17:40:00 INFO  BaseTest         - 🌐 Chromium browser launched
17:47:32 INFO  Utils            - [TestNG] Running:
  C:\Users\1064921\AppData\Local\JetBrains\IntelliJIdea2026.1\temp-testng-customsuite.xml

17:47:36 INFO  BaseTest         - 🌐 Chromium browser launched
17:49:12 INFO  Utils            - [TestNG] Running:
  C:\Users\1064921\AppData\Local\JetBrains\IntelliJIdea2026.1\temp-testng-customsuite.xml

17:49:15 INFO  BaseTest         - 🌐 Chromium browser launched
17:55:04 INFO  Utils            - [TestNG] Running:
  C:\Users\1064921\AppData\Local\JetBrains\IntelliJIdea2026.1\temp-testng-customsuite.xml

17:55:08 INFO  BaseTest         - 🌐 Chromium browser launched
18:01:53 INFO  Utils            - [TestNG] Running:
  C:\Users\1064921\AppData\Local\JetBrains\IntelliJIdea2026.1\temp-testng-customsuite.xml

18:01:57 INFO  BaseTest         - 🌐 Chromium browser launched
18:14:36 INFO  Utils            - [TestNG] Running:
  C:\Users\1064921\AppData\Local\JetBrains\IntelliJIdea2026.1\temp-testng-customsuite.xml

18:14:40 INFO  BaseTest         - 🌐 Chromium browser launched
18:20:44 INFO  Utils            - [TestNG] Running:
  C:\Users\1064921\AppData\Local\JetBrains\IntelliJIdea2026.1\temp-testng-customsuite.xml

18:20:48 INFO  BaseTest         - 🌐 Chromium browser launched
18:21:48 INFO  Utils            - [TestNG] Running:
  C:\Users\1064921\AppData\Local\JetBrains\IntelliJIdea2026.1\temp-testng-customsuite.xml

18:21:52 INFO  BaseTest         - 🌐 Chromium browser launched
18:25:28 INFO  Utils            - [TestNG] Running:
  C:\Users\1064921\AppData\Local\JetBrains\IntelliJIdea2026.1\temp-testng-customsuite.xml

18:25:31 INFO  BaseTest         - 🌐 Chromium browser launched
18:26:01 INFO  Utils            - [TestNG] Running:
  C:\Users\1064921\AppData\Local\JetBrains\IntelliJIdea2026.1\temp-testng-customsuite.xml

18:26:05 INFO  BaseTest         - 🌐 Chromium browser launched
18:34:06 INFO  Utils            - [TestNG] Running:
  C:\Users\1064921\AppData\Local\JetBrains\IntelliJIdea2026.1\temp-testng-customsuite.xml

18:34:10 INFO  BaseTest         - 🌐 Chromium browser launched
18:40:16 INFO  Utils            - [TestNG] Running:
  C:\Users\1064921\AppData\Local\JetBrains\IntelliJIdea2026.1\temp-testng-customsuite.xml

18:40:19 INFO  BaseTest         - 🌐 Chromium browser launched
18:47:31 INFO  Utils            - [TestNG] Running:
  C:\Users\1064921\AppData\Local\JetBrains\IntelliJIdea2026.1\temp-testng-customsuite.xml

18:47:34 INFO  BaseTest         - 🌐 Chromium browser launched
18:50:10 INFO  Utils            - [TestNG] Running:
  C:\Users\1064921\AppData\Local\JetBrains\IntelliJIdea2026.1\temp-testng-customsuite.xml

18:50:14 INFO  BaseTest         - 🌐 Chromium browser launched
